Archive member included because of file (symbol)

.\ARM_GCC_493\Debug\ADC_SingleEndedMode02.a(cyfitter_cfg.o)
                              .\ARM_GCC_493\Debug\Cm3Start.o (cyfitter_cfg)
.\ARM_GCC_493\Debug\ADC_SingleEndedMode02.a(ADC_DelSig_1.o)
                              .\ARM_GCC_493\Debug\main.o (ADC_DelSig_1_Start)
.\ARM_GCC_493\Debug\ADC_SingleEndedMode02.a(ADC_DelSig_1_INT.o)
                              .\ARM_GCC_493\Debug\ADC_SingleEndedMode02.a(ADC_DelSig_1.o) (ADC_DelSig_1_ISR1)
.\ARM_GCC_493\Debug\ADC_SingleEndedMode02.a(LCD.o)
                              .\ARM_GCC_493\Debug\main.o (LCD_Start)
.\ARM_GCC_493\Debug\ADC_SingleEndedMode02.a(ADC_DelSig_1_Ext_CP_Clk.o)
                              .\ARM_GCC_493\Debug\ADC_SingleEndedMode02.a(ADC_DelSig_1.o) (ADC_DelSig_1_Ext_CP_Clk_SetDividerRegister)
.\ARM_GCC_493\Debug\ADC_SingleEndedMode02.a(ADC_DelSig_1_theACLK.o)
                              .\ARM_GCC_493\Debug\ADC_SingleEndedMode02.a(ADC_DelSig_1.o) (ADC_DelSig_1_theACLK_SetDividerRegister)
.\ARM_GCC_493\Debug\ADC_SingleEndedMode02.a(CyLib.o)
                              .\ARM_GCC_493\Debug\Cm3Start.o (CyResetStatus)
.\ARM_GCC_493\Debug\ADC_SingleEndedMode02.a(cyPm.o)
                              .\ARM_GCC_493\Debug\ADC_SingleEndedMode02.a(CyLib.o) (CyPmReadStatus)
.\ARM_GCC_493\Debug\ADC_SingleEndedMode02.a(USBUART.o)
                              .\ARM_GCC_493\Debug\main.o (USBUART_Start)
.\ARM_GCC_493\Debug\ADC_SingleEndedMode02.a(USBUART_cdc.o)
                              .\ARM_GCC_493\Debug\main.o (USBUART_CDC_Init)
.\ARM_GCC_493\Debug\ADC_SingleEndedMode02.a(USBUART_drv.o)
                              .\ARM_GCC_493\Debug\ADC_SingleEndedMode02.a(USBUART.o) (USBUART_EP)
.\ARM_GCC_493\Debug\ADC_SingleEndedMode02.a(USBUART_episr.o)
                              .\ARM_GCC_493\Debug\ADC_SingleEndedMode02.a(USBUART.o) (USBUART_EP_1_ISR)
.\ARM_GCC_493\Debug\ADC_SingleEndedMode02.a(USBUART_hid.o)
                              .\ARM_GCC_493\Debug\ADC_SingleEndedMode02.a(USBUART.o) (USBUART_hidProtocol)
.\ARM_GCC_493\Debug\ADC_SingleEndedMode02.a(USBUART_pm.o)
                              .\ARM_GCC_493\Debug\ADC_SingleEndedMode02.a(USBUART.o) (USBUART_DP_ISR)
.\ARM_GCC_493\Debug\ADC_SingleEndedMode02.a(USBUART_std.o)
                              .\ARM_GCC_493\Debug\ADC_SingleEndedMode02.a(USBUART_drv.o) (USBUART_HandleStandardRqst)
.\ARM_GCC_493\Debug\ADC_SingleEndedMode02.a(USBUART_vnd.o)
                              .\ARM_GCC_493\Debug\ADC_SingleEndedMode02.a(USBUART_drv.o) (USBUART_HandleVendorRqst)
.\ARM_GCC_493\Debug\ADC_SingleEndedMode02.a(USBUART_Dp.o)
                              .\ARM_GCC_493\Debug\ADC_SingleEndedMode02.a(USBUART.o) (USBUART_Dp_ClearInterrupt)
.\ARM_GCC_493\Debug\ADC_SingleEndedMode02.a(CyBootAsmGnu.o)
                              .\ARM_GCC_493\Debug\ADC_SingleEndedMode02.a(cyfitter_cfg.o) (CyDelayCycles)
.\ARM_GCC_493\Debug\ADC_SingleEndedMode02.a(CyFlash.o)
                              .\ARM_GCC_493\Debug\ADC_SingleEndedMode02.a(cyPm.o) (CyFlash_SetWaitCycles)
.\ARM_GCC_493\Debug\ADC_SingleEndedMode02.a(CySpc.o)
                              .\ARM_GCC_493\Debug\ADC_SingleEndedMode02.a(CyFlash.o) (CySpcStart)
.\ARM_GCC_493\Debug\ADC_SingleEndedMode02.a(USBUART_cls.o)
                              .\ARM_GCC_493\Debug\ADC_SingleEndedMode02.a(USBUART_drv.o) (USBUART_DispatchClassRqst)
.\ARM_GCC_493\Debug\ADC_SingleEndedMode02.a(USBUART_descr.o)
                              .\ARM_GCC_493\Debug\ADC_SingleEndedMode02.a(USBUART_std.o) (USBUART_DEVICE0_DESCR)
c:/program files (x86)/cypress/psoc creator/4.0/psoc creator/import/gnu/arm/4.9.3/bin/../lib/gcc/arm-none-eabi/4.9.3/armv7-m\libgcc.a(_arm_addsubdf3.o)
                              .\ARM_GCC_493\Debug\ADC_SingleEndedMode02.a(ADC_DelSig_1.o) (__aeabi_f2d)
c:/program files (x86)/cypress/psoc creator/4.0/psoc creator/import/gnu/arm/4.9.3/bin/../lib/gcc/arm-none-eabi/4.9.3/armv7-m\libgcc.a(_arm_cmpdf2.o)
                              .\ARM_GCC_493\Debug\ADC_SingleEndedMode02.a(ADC_DelSig_1.o) (__aeabi_dcmpgt)
c:/program files (x86)/cypress/psoc creator/4.0/psoc creator/import/gnu/arm/4.9.3/bin/../lib/gcc/arm-none-eabi/4.9.3/armv7-m\libgcc.a(_arm_addsubsf3.o)
                              .\ARM_GCC_493\Debug\ADC_SingleEndedMode02.a(ADC_DelSig_1.o) (__aeabi_ui2f)
c:/program files (x86)/cypress/psoc creator/4.0/psoc creator/import/gnu/arm/4.9.3/bin/../lib/gcc/arm-none-eabi/4.9.3/armv7-m\libgcc.a(_arm_muldivsf3.o)
                              .\ARM_GCC_493\Debug\ADC_SingleEndedMode02.a(ADC_DelSig_1.o) (__aeabi_fmul)
c:/program files (x86)/cypress/psoc creator/4.0/psoc creator/import/gnu/arm/4.9.3/bin/../lib/gcc/arm-none-eabi/4.9.3/armv7-m\libgcc.a(_arm_fixunssfsi.o)
                              .\ARM_GCC_493\Debug\ADC_SingleEndedMode02.a(ADC_DelSig_1.o) (__aeabi_f2uiz)
[...]
Memory Configuration

Name             Origin             Length             Attributes
rom              0x00000000         0x00040000         xr
ram              0x1fff8000         0x00010000         xrw
*default*        0x00000000         0xffffffff

Linker script and memory map

LOAD c:/program files (x86)/cypress/psoc creator/4.0/psoc creator/import/gnu/arm/4.9.3/bin/../lib/gcc/arm-none-eabi/4.9.3/armv7-m/crti.o
LOAD c:/program files (x86)/cypress/psoc creator/4.0/psoc creator/import/gnu/arm/4.9.3/bin/../lib/gcc/arm-none-eabi/4.9.3/armv7-m/crtbegin.o
LOAD c:/program files (x86)/cypress/psoc creator/4.0/psoc creator/import/gnu/arm/4.9.3/bin/../lib/gcc/arm-none-eabi/4.9.3/../../../../arm-none-eabi/lib/armv7-m/crt0.o
START GROUP
LOAD .\ARM_GCC_493\Debug\main.o
LOAD .\ARM_GCC_493\Debug\cymetadata.o
LOAD .\ARM_GCC_493\Debug\Cm3Start.o
LOAD .\ARM_GCC_493\Debug\ADC_SingleEndedMode02.a
LOAD C:\Program Files (x86)\Cypress\PSoC Creator\4.0\PSoC Creator\psoc\content\cycomponentlibrary\CyComponentLibrary.cylib\CortexM3\ARM_GCC_493\Debug\CyComponentLibrary.a
END GROUP
START GROUP
LOAD c:/program files (x86)/cypress/psoc creator/4.0/psoc creator/import/gnu/arm/4.9.3/bin/../lib/gcc/arm-none-eabi/4.9.3/armv7-m\libgcc.a
LOAD c:/program files (x86)/cypress/psoc creator/4.0/psoc creator/import/gnu/arm/4.9.3/bin/../lib/gcc/arm-none-eabi/4.9.3/../../../../arm-none-eabi/lib/armv7-m\libg_nano.a
LOAD c:/program files (x86)/cypress/psoc creator/4.0/psoc creator/import/gnu/arm/4.9.3/bin/../lib/gcc/arm-none-eabi/4.9.3/../../../../arm-none-eabi/lib/armv7-m\libc_nano.a
END GROUP
START GROUP
LOAD c:/program files (x86)/cypress/psoc creator/4.0/psoc creator/import/gnu/arm/4.9.3/bin/../lib/gcc/arm-none-eabi/4.9.3/armv7-m\libgcc.a
LOAD c:/program files (x86)/cypress/psoc creator/4.0/psoc creator/import/gnu/arm/4.9.3/bin/../lib/gcc/arm-none-eabi/4.9.3/../../../../arm-none-eabi/lib/armv7-m\libc_nano.a
END GROUP
LOAD c:/program files (x86)/cypress/psoc creator/4.0/psoc creator/import/gnu/arm/4.9.3/bin/../lib/gcc/arm-none-eabi/4.9.3/armv7-m/crtend.o
LOAD c:/program files (x86)/cypress/psoc creator/4.0/psoc creator/import/gnu/arm/4.9.3/bin/../lib/gcc/arm-none-eabi/4.9.3/armv7-m/crtn.o
START GROUP
LOAD c:/program files (x86)/cypress/psoc creator/4.0/psoc creator/import/gnu/arm/4.9.3/bin/../lib/gcc/arm-none-eabi/4.9.3/armv7-m\libgcc.a
LOAD c:/program files (x86)/cypress/psoc creator/4.0/psoc creator/import/gnu/arm/4.9.3/bin/../lib/gcc/arm-none-eabi/4.9.3/../../../../arm-none-eabi/lib/armv7-m\libc.a
LOAD c:/program files (x86)/cypress/psoc creator/4.0/psoc creator/import/gnu/arm/4.9.3/bin/../lib/gcc/arm-none-eabi/4.9.3/../../../../arm-none-eabi/lib/armv7-m\libnosys.a
END GROUP
                0x00000000                CY_APPL_ORIGIN = 0x0
                0x00000100                CY_FLASH_ROW_SIZE = 0x100
                0x00000020                CY_ECC_ROW_SIZE = 0x20
                0x00000000                CY_EE_IN_BTLDR = 0x0
                0x00000000                CY_APPL_LOADABLE = 0x0
                0x00000800                CY_EE_SIZE = 0x800
                0x00000001                CY_APPL_NUM = 0x1
                0x00000001                CY_APPL_MAX = 0x1
                0x00000040                CY_METADATA_SIZE = 0x40
                0x00000000                CY_APPL_LOADABLE = 0x0
                0x00000000                CY_CHECKSUM_EXCLUDE_SIZE = ALIGN (0x0, CY_FLASH_ROW_SIZE)
                0x1fff82e0                PROVIDE (__cy_heap_start, _end)
                0x00000001                PROVIDE (__cy_region_num, ((__cy_regions_end - __cy_regions) / 0x10))
                0x20008000                PROVIDE (__cy_stack, (ORIGIN (ram) + 0x10000))
                0x20007800                PROVIDE (__cy_heap_end, (__cy_stack - 0x800))

.cybootloader   0x00000000        0x0
 *(.cybootloader)
                0x00000000                appl1_start = CY_APPL_ORIGIN?CY_APPL_ORIGIN:ALIGN (CY_FLASH_ROW_SIZE)
                0x0001ff00                appl2_start = (appl1_start + ALIGN ((((0x40000 - appl1_start) - (0x2 * CY_FLASH_ROW_SIZE)) / 0x2), CY_FLASH_ROW_SIZE))
                0x00000000                appl_start = (CY_APPL_NUM == 0x1)?appl1_start:appl2_start
                0x00000000                ecc_offset = ((appl_start / CY_FLASH_ROW_SIZE) * CY_ECC_ROW_SIZE)
                0x00000000                ee_offset = (CY_APPL_LOADABLE && ! (CY_EE_IN_BTLDR))?((CY_EE_SIZE / CY_APPL_MAX) * (CY_APPL_NUM - 0x1)):0x0
                0x00000800                ee_size = (CY_APPL_LOADABLE && ! (CY_EE_IN_BTLDR))?(CY_EE_SIZE / CY_APPL_MAX):CY_EE_SIZE
                0x00000000                PROVIDE (CY_ECC_OFFSET, ecc_offset)

.text           0x00000000     0x443c
 CREATE_OBJECT_SYMBOLS
                0x00000000                PROVIDE (__cy_interrupt_vector, RomVectors)
 *(.romvectors)
 .romvectors    0x00000000       0x10 .\ARM_GCC_493\Debug\Cm3Start.o
                0x00000000                RomVectors
                0x00000001                ASSERT ((. != __cy_interrupt_vector), No interrupt vector)
                0x00000001                ASSERT (CY_APPL_ORIGIN?(SIZEOF (.cybootloader) <= CY_APPL_ORIGIN):0x1, Wrong image location)
                0x00000010                PROVIDE (__cy_reset, Reset)
 *(.text.Reset)
 .text.Reset    0x00000010       0x18 .\ARM_GCC_493\Debug\Cm3Start.o
                0x00000010                Reset
                0x00000001                ASSERT ((. != __cy_reset), No reset code)
 *(.dma_init)
                0x00000001                ASSERT ((((appl_start + .) <= 0x10000) || 0x1), DMA Init must be within the first 64k of flash)
 *(.text .text.* .gnu.linkonce.t.*)
 .text          0x00000028       0x5c c:/program files (x86)/cypress/psoc creator/4.0/psoc creator/import/gnu/arm/4.9.3/bin/../lib/gcc/arm-none-eabi/4.9.3/armv7-m/crtbegin.o
 .text.main     0x00000084       0xe0 .\ARM_GCC_493\Debug\main.o
                0x00000084                main
 .text.IntDefaultHandler
                0x00000164       0x14 .\ARM_GCC_493\Debug\Cm3Start.o
                0x00000164                IntDefaultHandler
 .text._sbrk    0x00000178       0x50 .\ARM_GCC_493\Debug\Cm3Start.o
                0x00000178                _sbrk
 .text.Start_c  0x000001c8       0x98 .\ARM_GCC_493\Debug\Cm3Start.o
                0x000001c8                Start_c
 .text.initialize_psoc
                0x00000260       0x8c .\ARM_GCC_493\Debug\Cm3Start.o
                0x00000260                initialize_psoc
 .text.CYMEMZERO
                0x000002ec       0x1c .\ARM_GCC_493\Debug\ADC_SingleEndedMode02.a(cyfitter_cfg.o)
 .text.CYCONFIGCPY
                0x00000308       0x1c .\ARM_GCC_493\Debug\ADC_SingleEndedMode02.a(cyfitter_cfg.o)
 .text.CyClockStartupError
                0x00000324        0xc .\ARM_GCC_493\Debug\ADC_SingleEndedMode02.a(cyfitter_cfg.o)
 .text.cfg_write_bytes32
                0x00000330       0x74 .\ARM_GCC_493\Debug\ADC_SingleEndedMode02.a(cyfitter_cfg.o)
 .text.ClockSetup
                0x000003a4      0x148 .\ARM_GCC_493\Debug\ADC_SingleEndedMode02.a(cyfitter_cfg.o)
 .text.AnalogSetDefault
                0x000004ec       0x74 .\ARM_GCC_493\Debug\ADC_SingleEndedMode02.a(cyfitter_cfg.o)
 .text.cyfitter_cfg
                0x00000560      0x144 .\ARM_GCC_493\Debug\ADC_SingleEndedMode02.a(cyfitter_cfg.o)
                0x00000560                cyfitter_cfg
 .text.ADC_DelSig_1_Init
                0x000006a4      0x11c .\ARM_GCC_493\Debug\ADC_SingleEndedMode02.a(ADC_DelSig_1.o)
                0x000006a4                ADC_DelSig_1_Init
 .text.ADC_DelSig_1_Enable
                0x000007c0      0x158 .\ARM_GCC_493\Debug\ADC_SingleEndedMode02.a(ADC_DelSig_1.o)
                0x000007c0                ADC_DelSig_1_Enable
 .text.ADC_DelSig_1_Start
                0x00000918       0x30 .\ARM_GCC_493\Debug\ADC_SingleEndedMode02.a(ADC_DelSig_1.o)
                0x00000918                ADC_DelSig_1_Start
 .text.ADC_DelSig_1_StartConvert
                0x00000948       0x20 .\ARM_GCC_493\Debug\ADC_SingleEndedMode02.a(ADC_DelSig_1.o)
                0x00000948                ADC_DelSig_1_StartConvert
 .text.ADC_DelSig_1_IsEndConversion
                0x00000968       0x50 .\ARM_GCC_493\Debug\ADC_SingleEndedMode02.a(ADC_DelSig_1.o)
                0x00000968                ADC_DelSig_1_IsEndConversion
 .text.ADC_DelSig_1_GetResult32
                0x000009b8       0xa8 .\ARM_GCC_493\Debug\ADC_SingleEndedMode02.a(ADC_DelSig_1.o)
                0x000009b8                ADC_DelSig_1_GetResult32
 .text.ADC_DelSig_1_CountsTo_uVolts
                0x00000a60       0xb8 .\ARM_GCC_493\Debug\ADC_SingleEndedMode02.a(ADC_DelSig_1.o)
                0x00000a60                ADC_DelSig_1_CountsTo_uVolts
 .text.ADC_DelSig_1_InitConfig
                0x00000b18      0x15c .\ARM_GCC_493\Debug\ADC_SingleEndedMode02.a(ADC_DelSig_1.o)
 .text.ADC_DelSig_1_GainCompensation
                0x00000c74      0x16c .\ARM_GCC_493\Debug\ADC_SingleEndedMode02.a(ADC_DelSig_1.o)
 .text.ADC_DelSig_1_SetDSMRef0Reg
                0x00000de0       0x78 .\ARM_GCC_493\Debug\ADC_SingleEndedMode02.a(ADC_DelSig_1.o)
 .text.ADC_DelSig_1_ISR1
                0x00000e58        0xc .\ARM_GCC_493\Debug\ADC_SingleEndedMode02.a(ADC_DelSig_1_INT.o)
                0x00000e58                ADC_DelSig_1_ISR1
 .text.LCD_Init
                0x00000e64       0x6c .\ARM_GCC_493\Debug\ADC_SingleEndedMode02.a(LCD.o)
                0x00000e64                LCD_Init
 .text.LCD_Enable
                0x00000ed0       0x18 .\ARM_GCC_493\Debug\ADC_SingleEndedMode02.a(LCD.o)
                0x00000ed0                LCD_Enable
 .text.LCD_Start
                0x00000ee8       0x20 .\ARM_GCC_493\Debug\ADC_SingleEndedMode02.a(LCD.o)
                0x00000ee8                LCD_Start
 .text.LCD_Position
                0x00000f08       0x6c .\ARM_GCC_493\Debug\ADC_SingleEndedMode02.a(LCD.o)
                0x00000f08                LCD_Position
 .text.LCD_PrintString
                0x00000f74       0x38 .\ARM_GCC_493\Debug\ADC_SingleEndedMode02.a(LCD.o)
                0x00000f74                LCD_PrintString
 .text.LCD_WriteData
                0x00000fac       0x34 .\ARM_GCC_493\Debug\ADC_SingleEndedMode02.a(LCD.o)
                0x00000fac                LCD_WriteData
 .text.LCD_WriteControl
                0x00000fe0       0x34 .\ARM_GCC_493\Debug\ADC_SingleEndedMode02.a(LCD.o)
                0x00000fe0                LCD_WriteControl
 .text.LCD_IsReady
                0x00001014      0x178 .\ARM_GCC_493\Debug\ADC_SingleEndedMode02.a(LCD.o)
                0x00001014                LCD_IsReady
 .text.LCD_WrDatNib
                0x0000118c       0x78 .\ARM_GCC_493\Debug\ADC_SingleEndedMode02.a(LCD.o)
 .text.LCD_WrCntrlNib
                0x00001204       0x60 .\ARM_GCC_493\Debug\ADC_SingleEndedMode02.a(LCD.o)
 .text.ADC_DelSig_1_Ext_CP_Clk_SetDividerRegister
                0x00001264      0x160 .\ARM_GCC_493\Debug\ADC_SingleEndedMode02.a(ADC_DelSig_1_Ext_CP_Clk.o)
                0x00001264                ADC_DelSig_1_Ext_CP_Clk_SetDividerRegister
 .text.ADC_DelSig_1_Ext_CP_Clk_GetDividerRegister
                0x000013c4       0x18 .\ARM_GCC_493\Debug\ADC_SingleEndedMode02.a(ADC_DelSig_1_Ext_CP_Clk.o)
                0x000013c4                ADC_DelSig_1_Ext_CP_Clk_GetDividerRegister
 .text.ADC_DelSig_1_Ext_CP_Clk_SetModeRegister
                0x000013dc       0x34 .\ARM_GCC_493\Debug\ADC_SingleEndedMode02.a(ADC_DelSig_1_Ext_CP_Clk.o)
                0x000013dc                ADC_DelSig_1_Ext_CP_Clk_SetModeRegister
 .text.ADC_DelSig_1_Ext_CP_Clk_GetSourceRegister
                0x00001410       0x20 .\ARM_GCC_493\Debug\ADC_SingleEndedMode02.a(ADC_DelSig_1_Ext_CP_Clk.o)
                0x00001410                ADC_DelSig_1_Ext_CP_Clk_GetSourceRegister
 .text.ADC_DelSig_1_theACLK_SetDividerRegister
                0x00001430      0x160 .\ARM_GCC_493\Debug\ADC_SingleEndedMode02.a(ADC_DelSig_1_theACLK.o)
                0x00001430                ADC_DelSig_1_theACLK_SetDividerRegister
 .text.ADC_DelSig_1_theACLK_GetDividerRegister
                0x00001590       0x18 .\ARM_GCC_493\Debug\ADC_SingleEndedMode02.a(ADC_DelSig_1_theACLK.o)
                0x00001590                ADC_DelSig_1_theACLK_GetDividerRegister
 .text.ADC_DelSig_1_theACLK_SetModeRegister
                0x000015a8       0x34 .\ARM_GCC_493\Debug\ADC_SingleEndedMode02.a(ADC_DelSig_1_theACLK.o)
                0x000015a8                ADC_DelSig_1_theACLK_SetModeRegister
 .text.ADC_DelSig_1_theACLK_GetSourceRegister
                0x000015dc       0x20 .\ARM_GCC_493\Debug\ADC_SingleEndedMode02.a(ADC_DelSig_1_theACLK.o)
                0x000015dc                ADC_DelSig_1_theACLK_GetSourceRegister
 .text.CyHalt   0x000015fc       0x18 .\ARM_GCC_493\Debug\ADC_SingleEndedMode02.a(CyLib.o)
                0x000015fc                CyHalt
 .text.CyDelay  0x00001614       0x44 .\ARM_GCC_493\Debug\ADC_SingleEndedMode02.a(CyLib.o)
                0x00001614                CyDelay
 .text.CyDelayUs
                0x00001658       0x24 .\ARM_GCC_493\Debug\ADC_SingleEndedMode02.a(CyLib.o)
                0x00001658                CyDelayUs
 .text.CyIntSetVector
                0x0000167c       0x50 .\ARM_GCC_493\Debug\ADC_SingleEndedMode02.a(CyLib.o)
                0x0000167c                CyIntSetVector
 .text.CyIntSetPriority
                0x000016cc       0x44 .\ARM_GCC_493\Debug\ADC_SingleEndedMode02.a(CyLib.o)
                0x000016cc                CyIntSetPriority
 .text.CyGetUniqueId
                0x00001710       0xc4 .\ARM_GCC_493\Debug\ADC_SingleEndedMode02.a(CyLib.o)
                0x00001710                CyGetUniqueId
 .text.USBUART_Start
                0x000017d4       0x38 .\ARM_GCC_493\Debug\ADC_SingleEndedMode02.a(USBUART.o)
                0x000017d4                USBUART_Start
 .text.USBUART_Init
                0x0000180c      0x1a0 .\ARM_GCC_493\Debug\ADC_SingleEndedMode02.a(USBUART.o)
                0x0000180c                USBUART_Init
 .text.USBUART_InitComponent
                0x000019ac      0x11c .\ARM_GCC_493\Debug\ADC_SingleEndedMode02.a(USBUART.o)
                0x000019ac                USBUART_InitComponent
 .text.USBUART_ReInitComponent
                0x00001ac8       0x88 .\ARM_GCC_493\Debug\ADC_SingleEndedMode02.a(USBUART.o)
                0x00001ac8                USBUART_ReInitComponent
 .text.USBUART_GetConfiguration
                0x00001b50       0x18 .\ARM_GCC_493\Debug\ADC_SingleEndedMode02.a(USBUART.o)
                0x00001b50                USBUART_GetConfiguration
 .text.USBUART_GetEPState
                0x00001b68       0x2c .\ARM_GCC_493\Debug\ADC_SingleEndedMode02.a(USBUART.o)
                0x00001b68                USBUART_GetEPState
 .text.USBUART_LoadInEP
                0x00001b94       0xf8 .\ARM_GCC_493\Debug\ADC_SingleEndedMode02.a(USBUART.o)
                0x00001b94                USBUART_LoadInEP
 .text.USBUART_EnableOutEP
                0x00001c8c       0x54 .\ARM_GCC_493\Debug\ADC_SingleEndedMode02.a(USBUART.o)
                0x00001c8c                USBUART_EnableOutEP
 .text.USBUART_DispatchCDCClassRqst
                0x00001ce0       0xe8 .\ARM_GCC_493\Debug\ADC_SingleEndedMode02.a(USBUART_cdc.o)
                0x00001ce0                USBUART_DispatchCDCClassRqst
 .text.USBUART_GetInterfaceComPort
                0x00001dc8       0x60 .\ARM_GCC_493\Debug\ADC_SingleEndedMode02.a(USBUART_cdc.o)
                0x00001dc8                USBUART_GetInterfaceComPort
 .text.USBUART_CDC_Init
                0x00001e28       0xa8 .\ARM_GCC_493\Debug\ADC_SingleEndedMode02.a(USBUART_cdc.o)
                0x00001e28                USBUART_CDC_Init
 .text.USBUART_PutData
                0x00001ed0       0x6c .\ARM_GCC_493\Debug\ADC_SingleEndedMode02.a(USBUART_cdc.o)
                0x00001ed0                USBUART_PutData
 .text.USBUART_CDCIsReady
                0x00001f3c       0x24 .\ARM_GCC_493\Debug\ADC_SingleEndedMode02.a(USBUART_cdc.o)
                0x00001f3c                USBUART_CDCIsReady
 .text.USBUART_Cdc_EpInit
                0x00001f60       0x94 .\ARM_GCC_493\Debug\ADC_SingleEndedMode02.a(USBUART_cdc.o)
                0x00001f60                USBUART_Cdc_EpInit
 .text.USBUART_EP_0_ISR
                0x00001ff4       0xf8 .\ARM_GCC_493\Debug\ADC_SingleEndedMode02.a(USBUART_drv.o)
                0x00001ff4                USBUART_EP_0_ISR
 .text.USBUART_HandleSetup
                0x000020ec       0x88 .\ARM_GCC_493\Debug\ADC_SingleEndedMode02.a(USBUART_drv.o)
                0x000020ec                USBUART_HandleSetup
 .text.USBUART_HandleIN
                0x00002174       0x4c .\ARM_GCC_493\Debug\ADC_SingleEndedMode02.a(USBUART_drv.o)
                0x00002174                USBUART_HandleIN
 .text.USBUART_HandleOUT
                0x000021c0       0x58 .\ARM_GCC_493\Debug\ADC_SingleEndedMode02.a(USBUART_drv.o)
                0x000021c0                USBUART_HandleOUT
 .text.USBUART_LoadEP0
                0x00002218       0xd0 .\ARM_GCC_493\Debug\ADC_SingleEndedMode02.a(USBUART_drv.o)
                0x00002218                USBUART_LoadEP0
 .text.USBUART_InitControlRead
                0x000022e8       0x70 .\ARM_GCC_493\Debug\ADC_SingleEndedMode02.a(USBUART_drv.o)
                0x000022e8                USBUART_InitControlRead
 .text.USBUART_InitZeroLengthControlTransfer
                0x00002358       0x44 .\ARM_GCC_493\Debug\ADC_SingleEndedMode02.a(USBUART_drv.o)
                0x00002358                USBUART_InitZeroLengthControlTransfer
 .text.USBUART_ControlReadDataStage
                0x0000239c        0xc .\ARM_GCC_493\Debug\ADC_SingleEndedMode02.a(USBUART_drv.o)
                0x0000239c                USBUART_ControlReadDataStage
 .text.USBUART_ControlReadStatusStage
                0x000023a8       0x40 .\ARM_GCC_493\Debug\ADC_SingleEndedMode02.a(USBUART_drv.o)
                0x000023a8                USBUART_ControlReadStatusStage
 .text.USBUART_InitControlWrite
                0x000023e8       0x64 .\ARM_GCC_493\Debug\ADC_SingleEndedMode02.a(USBUART_drv.o)
                0x000023e8                USBUART_InitControlWrite
 .text.USBUART_ControlWriteDataStage
                0x0000244c       0xb4 .\ARM_GCC_493\Debug\ADC_SingleEndedMode02.a(USBUART_drv.o)
                0x0000244c                USBUART_ControlWriteDataStage
 .text.USBUART_ControlWriteStatusStage
                0x00002500       0x20 .\ARM_GCC_493\Debug\ADC_SingleEndedMode02.a(USBUART_drv.o)
                0x00002500                USBUART_ControlWriteStatusStage
 .text.USBUART_InitNoDataControlTransfer
                0x00002520       0x38 .\ARM_GCC_493\Debug\ADC_SingleEndedMode02.a(USBUART_drv.o)
                0x00002520                USBUART_InitNoDataControlTransfer
 .text.USBUART_NoDataControlStatusStage
                0x00002558       0x48 .\ARM_GCC_493\Debug\ADC_SingleEndedMode02.a(USBUART_drv.o)
                0x00002558                USBUART_NoDataControlStatusStage
 .text.USBUART_UpdateStatusBlock
                0x000025a0       0x40 .\ARM_GCC_493\Debug\ADC_SingleEndedMode02.a(USBUART_drv.o)
                0x000025a0                USBUART_UpdateStatusBlock
 .text.USBUART_InitializeStatusBlock
                0x000025e0       0x34 .\ARM_GCC_493\Debug\ADC_SingleEndedMode02.a(USBUART_drv.o)
                0x000025e0                USBUART_InitializeStatusBlock
 .text.USBUART_EP_1_ISR
                0x00002614       0x48 .\ARM_GCC_493\Debug\ADC_SingleEndedMode02.a(USBUART_episr.o)
                0x00002614                USBUART_EP_1_ISR
 .text.USBUART_EP_2_ISR
                0x0000265c       0x4c .\ARM_GCC_493\Debug\ADC_SingleEndedMode02.a(USBUART_episr.o)
                0x0000265c                USBUART_EP_2_ISR
 .text.USBUART_EP_3_ISR
                0x000026a8       0x54 .\ARM_GCC_493\Debug\ADC_SingleEndedMode02.a(USBUART_episr.o)
                0x000026a8                USBUART_EP_3_ISR
 .text.USBUART_SOF_ISR
                0x000026fc        0xc .\ARM_GCC_493\Debug\ADC_SingleEndedMode02.a(USBUART_episr.o)
                0x000026fc                USBUART_SOF_ISR
 .text.USBUART_BUS_RESET_ISR
                0x00002708        0xc .\ARM_GCC_493\Debug\ADC_SingleEndedMode02.a(USBUART_episr.o)
                0x00002708                USBUART_BUS_RESET_ISR
 .text.USBUART_DispatchHIDClassRqst
                0x00002714      0x1d0 .\ARM_GCC_493\Debug\ADC_SingleEndedMode02.a(USBUART_hid.o)
                0x00002714                USBUART_DispatchHIDClassRqst
 .text.USBUART_FindHidClassDecriptor
                0x000028e4       0x7c .\ARM_GCC_493\Debug\ADC_SingleEndedMode02.a(USBUART_hid.o)
                0x000028e4                USBUART_FindHidClassDecriptor
 .text.USBUART_FindReportDescriptor
                0x00002960       0x90 .\ARM_GCC_493\Debug\ADC_SingleEndedMode02.a(USBUART_hid.o)
                0x00002960                USBUART_FindReportDescriptor
 .text.USBUART_FindReport
                0x000029f0       0xcc .\ARM_GCC_493\Debug\ADC_SingleEndedMode02.a(USBUART_hid.o)
                0x000029f0                USBUART_FindReport
 .text.USBUART_DP_ISR
                0x00002abc        0xc .\ARM_GCC_493\Debug\ADC_SingleEndedMode02.a(USBUART_pm.o)
                0x00002abc                USBUART_DP_ISR
 .text.USBUART_HandleStandardRqst
                0x00002ac8      0x48c .\ARM_GCC_493\Debug\ADC_SingleEndedMode02.a(USBUART_std.o)
                0x00002ac8                USBUART_HandleStandardRqst
 .text.USBUART_ReadDieID
                0x00002f54       0xd4 .\ARM_GCC_493\Debug\ADC_SingleEndedMode02.a(USBUART_std.o)
                0x00002f54                USBUART_ReadDieID
 .text.USBUART_ConfigReg
                0x00003028      0x11c .\ARM_GCC_493\Debug\ADC_SingleEndedMode02.a(USBUART_std.o)
                0x00003028                USBUART_ConfigReg
 .text.USBUART_Config
                0x00003144      0x394 .\ARM_GCC_493\Debug\ADC_SingleEndedMode02.a(USBUART_std.o)
                0x00003144                USBUART_Config
 .text.USBUART_ConfigAltChanged
                0x000034d8      0x23c .\ARM_GCC_493\Debug\ADC_SingleEndedMode02.a(USBUART_std.o)
                0x000034d8                USBUART_ConfigAltChanged
 .text.USBUART_GetConfigTablePtr
                0x00003714       0x54 .\ARM_GCC_493\Debug\ADC_SingleEndedMode02.a(USBUART_std.o)
                0x00003714                USBUART_GetConfigTablePtr
 .text.USBUART_GetDeviceTablePtr
                0x00003768       0x24 .\ARM_GCC_493\Debug\ADC_SingleEndedMode02.a(USBUART_std.o)
                0x00003768                USBUART_GetDeviceTablePtr
 .text.USBUART_GetInterfaceClassTablePtr
                0x0000378c       0x4c .\ARM_GCC_493\Debug\ADC_SingleEndedMode02.a(USBUART_std.o)
                0x0000378c                USBUART_GetInterfaceClassTablePtr
 .text.USBUART_SetEndpointHalt
                0x000037d8       0xdc .\ARM_GCC_493\Debug\ADC_SingleEndedMode02.a(USBUART_std.o)
                0x000037d8                USBUART_SetEndpointHalt
 .text.USBUART_ClearEndpointHalt
                0x000038b4      0x130 .\ARM_GCC_493\Debug\ADC_SingleEndedMode02.a(USBUART_std.o)
                0x000038b4                USBUART_ClearEndpointHalt
 .text.USBUART_ValidateAlternateSetting
                0x000039e4       0x70 .\ARM_GCC_493\Debug\ADC_SingleEndedMode02.a(USBUART_std.o)
                0x000039e4                USBUART_ValidateAlternateSetting
 .text.USBUART_HandleVendorRqst
                0x00003a54       0x54 .\ARM_GCC_493\Debug\ADC_SingleEndedMode02.a(USBUART_vnd.o)
                0x00003a54                USBUART_HandleVendorRqst
 .text.USBUART_Dp_ClearInterrupt
                0x00003aa8       0x20 .\ARM_GCC_493\Debug\ADC_SingleEndedMode02.a(USBUART_Dp.o)
                0x00003aa8                USBUART_Dp_ClearInterrupt
 .text          0x00003ac8       0x58 .\ARM_GCC_493\Debug\ADC_SingleEndedMode02.a(CyBootAsmGnu.o)
                0x00003ac8                CyDelayCycles
                0x00003b06                CyEnterCriticalSection
                0x00003b0e                CyExitCriticalSection
 .text.USBUART_DispatchClassRqst
                0x00003b20       0x88 .\ARM_GCC_493\Debug\ADC_SingleEndedMode02.a(USBUART_cls.o)
                0x00003b20                USBUART_DispatchClassRqst
 .text.__errno  0x00003ba8        0xc c:/program files (x86)/cypress/psoc creator/4.0/psoc creator/import/gnu/arm/4.9.3/bin/../lib/gcc/arm-none-eabi/4.9.3/../../../../arm-none-eabi/lib/armv7-m\libg_nano.a(lib_a-errno.o)
                0x00003ba8                __errno
 .text.__libc_init_array
                0x00003bb4       0x4c c:/program files (x86)/cypress/psoc creator/4.0/psoc creator/import/gnu/arm/4.9.3/bin/../lib/gcc/arm-none-eabi/4.9.3/../../../../arm-none-eabi/lib/armv7-m\libg_nano.a(lib_a-init.o)
                0x00003bb4                __libc_init_array
 .text.memcpy   0x00003c00       0x16 c:/program files (x86)/cypress/psoc creator/4.0/psoc creator/import/gnu/arm/4.9.3/bin/../lib/gcc/arm-none-eabi/4.9.3/../../../../arm-none-eabi/lib/armv7-m\libg_nano.a(lib_a-memcpy.o)
                0x00003c00                memcpy
 .text.memset   0x00003c16       0x10 c:/program files (x86)/cypress/psoc creator/4.0/psoc creator/import/gnu/arm/4.9.3/bin/../lib/gcc/arm-none-eabi/4.9.3/../../../../arm-none-eabi/lib/armv7-m\libg_nano.a(lib_a-memset.o)
                0x00003c16                memset
 *fill*         0x00003c26        0x2 
 .text.sprintf  0x00003c28       0x48 c:/program files (x86)/cypress/psoc creator/4.0/psoc creator/import/gnu/arm/4.9.3/bin/../lib/gcc/arm-none-eabi/4.9.3/../../../../arm-none-eabi/lib/armv7-m\libg_nano.a(lib_a-sprintf.o)
                0x00003c28                siprintf
                0x00003c28                sprintf
 .text.__ssputs_r
                0x00003c70       0xb2 c:/program files (x86)/cypress/psoc creator/4.0/psoc creator/import/gnu/arm/4.9.3/bin/../lib/gcc/arm-none-eabi/4.9.3/../../../../arm-none-eabi/lib/armv7-m\libg_nano.a(lib_a-nano-svfprintf.o)
                0x00003c70                __ssputs_r
 *fill*         0x00003d22        0x2 
 .text._svfprintf_r
                0x00003d24      0x1e4 c:/program files (x86)/cypress/psoc creator/4.0/psoc creator/import/gnu/arm/4.9.3/bin/../lib/gcc/arm-none-eabi/4.9.3/../../../../arm-none-eabi/lib/armv7-m\libg_nano.a(lib_a-nano-svfprintf.o)
                0x00003d24                _svfiprintf_r
                0x00003d24                _svfprintf_r
 .text._printf_common
                0x00003f08       0xea c:/program files (x86)/cypress/psoc creator/4.0/psoc creator/import/gnu/arm/4.9.3/bin/../lib/gcc/arm-none-eabi/4.9.3/../../../../arm-none-eabi/lib/armv7-m\libg_nano.a(lib_a-nano-vfprintf_i.o)
                0x00003f08                _printf_common
 *fill*         0x00003ff2        0x2 
 .text._printf_i
                0x00003ff4      0x240 c:/program files (x86)/cypress/psoc creator/4.0/psoc creator/import/gnu/arm/4.9.3/bin/../lib/gcc/arm-none-eabi/4.9.3/../../../../arm-none-eabi/lib/armv7-m\libg_nano.a(lib_a-nano-vfprintf_i.o)
                0x00003ff4                _printf_i
 .text.memchr   0x00004234       0x1c c:/program files (x86)/cypress/psoc creator/4.0/psoc creator/import/gnu/arm/4.9.3/bin/../lib/gcc/arm-none-eabi/4.9.3/../../../../arm-none-eabi/lib/armv7-m\libg_nano.a(lib_a-memchr.o)
                0x00004234                memchr
 .text.memmove  0x00004250       0x36 c:/program files (x86)/cypress/psoc creator/4.0/psoc creator/import/gnu/arm/4.9.3/bin/../lib/gcc/arm-none-eabi/4.9.3/../../../../arm-none-eabi/lib/armv7-m\libg_nano.a(lib_a-memmove.o)
                0x00004250                memmove
 *fill*         0x00004286        0x2 
 .text._free_r  0x00004288       0x88 c:/program files (x86)/cypress/psoc creator/4.0/psoc creator/import/gnu/arm/4.9.3/bin/../lib/gcc/arm-none-eabi/4.9.3/../../../../arm-none-eabi/lib/armv7-m\libg_nano.a(lib_a-nano-freer.o)
                0x00004288                _free_r
 .text._malloc_r
                0x00004310       0xac c:/program files (x86)/cypress/psoc creator/4.0/psoc creator/import/gnu/arm/4.9.3/bin/../lib/gcc/arm-none-eabi/4.9.3/../../../../arm-none-eabi/lib/armv7-m\libg_nano.a(lib_a-nano-mallocr.o)
                0x00004310                _malloc_r
 .text._realloc_r
                0x000043bc       0x4c c:/program files (x86)/cypress/psoc creator/4.0/psoc creator/import/gnu/arm/4.9.3/bin/../lib/gcc/arm-none-eabi/4.9.3/../../../../arm-none-eabi/lib/armv7-m\libg_nano.a(lib_a-nano-reallocr.o)
                0x000043bc                _realloc_r
 .text._sbrk_r  0x00004408       0x20 c:/program files (x86)/cypress/psoc creator/4.0/psoc creator/import/gnu/arm/4.9.3/bin/../lib/gcc/arm-none-eabi/4.9.3/../../../../arm-none-eabi/lib/armv7-m\libg_nano.a(lib_a-sbrkr.o)
                0x00004408                _sbrk_r
 .text._malloc_usable_size_r
                0x00004428       0x14 c:/program files (x86)/cypress/psoc creator/4.0/psoc creator/import/gnu/arm/4.9.3/bin/../lib/gcc/arm-none-eabi/4.9.3/../../../../arm-none-eabi/lib/armv7-m\libg_nano.a(lib_a-nano-msizer.o)
                0x00004428                _malloc_usable_size_r
 *(.plt)
 *(.gnu.warning)
 *(.glue_7t)
 .glue_7t       0x00000000        0x0 linker stubs
 *(.glue_7)
 .glue_7        0x00000000        0x0 linker stubs
 *(.vfp11_veneer)
 .vfp11_veneer  0x00000000        0x0 linker stubs
 *(.bootloader)
 *(.ARM.extab* .gnu.linkonce.armextab.*)
 *(.gcc_except_table)

.v4_bx          0x0000443c        0x0
 .v4_bx         0x00000000        0x0 linker stubs

.iplt           0x0000443c        0x0
 .iplt          0x00000000        0x0 c:/program files (x86)/cypress/psoc creator/4.0/psoc creator/import/gnu/arm/4.9.3/bin/../lib/gcc/arm-none-eabi/4.9.3/armv7-m/crtbegin.o

.eh_frame_hdr
 *(.eh_frame_hdr)

.eh_frame       0x0000443c        0x4
 *(.eh_frame)
 .eh_frame      0x0000443c        0x0 c:/program files (x86)/cypress/psoc creator/4.0/psoc creator/import/gnu/arm/4.9.3/bin/../lib/gcc/arm-none-eabi/4.9.3/armv7-m/crtbegin.o
 .eh_frame      0x0000443c        0x4 c:/program files (x86)/cypress/psoc creator/4.0/psoc creator/import/gnu/arm/4.9.3/bin/../lib/gcc/arm-none-eabi/4.9.3/armv7-m/crtend.o
                0x00004440                PROVIDE (__exidx_start, .)

.ARM.exidx
 *(.ARM.exidx* .gnu.linkonce.armexidx.*)
                0x00004440                __exidx_end = .

.rodata         0x00004440      0x310
 *(.rodata .rodata.* .gnu.linkonce.r.*)
 .rodata        0x00004440       0x14 .\ARM_GCC_493\Debug\main.o
 .rodata        0x00004454       0x2c .\ARM_GCC_493\Debug\ADC_SingleEndedMode02.a(cyfitter_cfg.o)
 .rodata        0x00004480       0x14 .\ARM_GCC_493\Debug\ADC_SingleEndedMode02.a(USBUART_std.o)
 .rodata        0x00004494      0x24c .\ARM_GCC_493\Debug\ADC_SingleEndedMode02.a(USBUART_descr.o)
                0x00004494                USBUART_DEVICE0_DESCR
                0x000044a8                USBUART_DEVICE0_CONFIGURATION0_DESCR
                0x00004504                USBUART_STRING_DESCRIPTORS
                0x000045bc                USBUART_SN_STRING_DESCRIPTOR
                0x000045c0                USBUART_HIDREPORT_DESCRIPTOR1
                0x000045f4                USBUART_DEVICE0_CONFIGURATION0_INTERFACE2_ALTERNATE0_HID_IN_RPT_TABLE
                0x00004600                USBUART_DEVICE0_CONFIGURATION0_INTERFACE2_ALTERNATE0_HID_TABLE
                0x00004628                USBUART_DEVICE0_CONFIGURATION0_INTERFACE2_TABLE
                0x00004630                USBUART_DEVICE0_CONFIGURATION0_EP_SETTINGS_TABLE
                0x00004650                USBUART_DEVICE0_CONFIGURATION0_INTERFACE_CLASS
                0x00004654                USBUART_DEVICE0_CONFIGURATION0_TABLE
                0x00004684                USBUART_DEVICE0_TABLE
                0x0000469c                USBUART_TABLE
                0x000046a4                USBUART_MSOS_DESCRIPTOR
                0x000046b8                USBUART_MSOS_CONFIGURATION_DESCR
 .rodata.str1.1
                0x000046e0        0x2 c:/program files (x86)/cypress/psoc creator/4.0/psoc creator/import/gnu/arm/4.9.3/bin/../lib/gcc/arm-none-eabi/4.9.3/../../../../arm-none-eabi/lib/armv7-m\libg_nano.a(lib_a-impure.o)
 .rodata.str1.1
                0x000046e2       0x11 c:/program files (x86)/cypress/psoc creator/4.0/psoc creator/import/gnu/arm/4.9.3/bin/../lib/gcc/arm-none-eabi/4.9.3/../../../../arm-none-eabi/lib/armv7-m\libg_nano.a(lib_a-nano-svfprintf.o)
 .rodata.str1.1
                0x000046f3       0x22 c:/program files (x86)/cypress/psoc creator/4.0/psoc creator/import/gnu/arm/4.9.3/bin/../lib/gcc/arm-none-eabi/4.9.3/../../../../arm-none-eabi/lib/armv7-m\libg_nano.a(lib_a-nano-vfprintf_i.o)
                0x00004718                . = ALIGN (0x4)
 *fill*         0x00004715        0x3 
 *(.init)
 .init          0x00004718        0x4 c:/program files (x86)/cypress/psoc creator/4.0/psoc creator/import/gnu/arm/4.9.3/bin/../lib/gcc/arm-none-eabi/4.9.3/armv7-m/crti.o
                0x00004718                _init
 .init          0x0000471c        0x8 c:/program files (x86)/cypress/psoc creator/4.0/psoc creator/import/gnu/arm/4.9.3/bin/../lib/gcc/arm-none-eabi/4.9.3/armv7-m/crtn.o
                0x00004724                . = ALIGN (0x4)
                0x00004724                __preinit_array_start = .
 *(.preinit_array)
                0x00004724                __preinit_array_end = .
                0x00004724                . = ALIGN (0x4)
                0x00004724                __init_array_start = .
 *(SORT(.init_array.*))
 *(.init_array)
 .init_array    0x00004724        0x4 c:/program files (x86)/cypress/psoc creator/4.0/psoc creator/import/gnu/arm/4.9.3/bin/../lib/gcc/arm-none-eabi/4.9.3/armv7-m/crtbegin.o
 .init_array    0x00004728        0x4 .\ARM_GCC_493\Debug\Cm3Start.o
                0x0000472c                __init_array_end = .
                0x0000472c                . = ALIGN (0x4)
 *(.fini)
 .fini          0x0000472c        0x4 c:/program files (x86)/cypress/psoc creator/4.0/psoc creator/import/gnu/arm/4.9.3/bin/../lib/gcc/arm-none-eabi/4.9.3/armv7-m/crti.o
                0x0000472c                _fini
 .fini          0x00004730        0x8 c:/program files (x86)/cypress/psoc creator/4.0/psoc creator/import/gnu/arm/4.9.3/bin/../lib/gcc/arm-none-eabi/4.9.3/armv7-m/crtn.o
                0x00004738                . = ALIGN (0x4)
                0x00004738                __fini_array_start = .
 *(.fini_array)
 .fini_array    0x00004738        0x4 c:/program files (x86)/cypress/psoc creator/4.0/psoc creator/import/gnu/arm/4.9.3/bin/../lib/gcc/arm-none-eabi/4.9.3/armv7-m/crtbegin.o
 *(SORT(.fini_array.*))
                0x0000473c                __fini_array_end = .
                0x0000473c                . = ALIGN (0x4)
 *crtbegin.o(.ctors)
 *(EXCLUDE_FILE(*crtend.o) .ctors)
 *(SORT(.ctors.*))
 *crtend.o(.ctors)
                0x0000473c                . = ALIGN (0x4)
 *crtbegin.o(.dtors)
 *(EXCLUDE_FILE(*crtend.o) .dtors)
 *(SORT(.dtors.*))
 *crtend.o(.dtors)
                0x0000473c                . = ALIGN (0x4)
                0x0000473c                __cy_regions = .
                0x0000473c        0x4 LONG 0x4750 __cy_region_init_ram
                0x00004740        0x4 LONG 0x1fff8108 __cy_region_start_data
                0x00004744        0x4 LONG 0xa0 __cy_region_init_size_ram
                0x00004748        0x4 LONG 0x138 __cy_region_zero_size_ram
                0x0000474c                __cy_regions_end = .
                0x00004750                . = ALIGN (0x8)
 *fill*         0x0000474c        0x4 
                0x00004750                _etext = .

.cy_checksum_exclude
                0x00004750        0x0
 *(.cy_checksum_exclude)

.ramvectors     0x1fff8000      0x100
                0x1fff8000                __cy_region_start_ram = .
 *(.ramvectors)
 .ramvectors    0x1fff8000      0x100 .\ARM_GCC_493\Debug\Cm3Start.o
                0x1fff8000                CyRamVectors

.noinit         0x1fff8100        0x5
 *(.noinit)
 .noinit        0x1fff8100        0x4 .\ARM_GCC_493\Debug\Cm3Start.o
 .noinit        0x1fff8104        0x1 .\ARM_GCC_493\Debug\ADC_SingleEndedMode02.a(CyLib.o)
                0x1fff8104                CyResetStatus

.data           0x1fff8108       0xa0 load address 0x00004750
                0x1fff8108                __cy_region_start_data = .
 *(.jcr)
 .jcr           0x1fff8108        0x0 c:/program files (x86)/cypress/psoc creator/4.0/psoc creator/import/gnu/arm/4.9.3/bin/../lib/gcc/arm-none-eabi/4.9.3/armv7-m/crtbegin.o
 .jcr           0x1fff8108        0x4 c:/program files (x86)/cypress/psoc creator/4.0/psoc creator/import/gnu/arm/4.9.3/bin/../lib/gcc/arm-none-eabi/4.9.3/armv7-m/crtend.o
 *(.got.plt)
 *(.got)
 *(.shdata)
 *(.data .data.* .gnu.linkonce.d.*)
 .data          0x1fff810c        0x4 .\ARM_GCC_493\Debug\Cm3Start.o
 .data          0x1fff8110        0x1 .\ARM_GCC_493\Debug\ADC_SingleEndedMode02.a(ADC_DelSig_1.o)
                0x1fff8110                ADC_DelSig_1_Config
 *fill*         0x1fff8111        0x3 
 .data          0x1fff8114       0x10 .\ARM_GCC_493\Debug\ADC_SingleEndedMode02.a(CyLib.o)
                0x1fff8114                cydelay_freq_hz
                0x1fff8118                cydelay_freq_khz
                0x1fff811c                cydelay_freq_mhz
                0x1fff8120                cydelay_32k_ms
 .data          0x1fff8124       0x1c .\ARM_GCC_493\Debug\ADC_SingleEndedMode02.a(USBUART_cdc.o)
                0x1fff8124                USBUART_linesCoding
 .data.impure_data
                0x1fff8140       0x60 c:/program files (x86)/cypress/psoc creator/4.0/psoc creator/import/gnu/arm/4.9.3/bin/../lib/gcc/arm-none-eabi/4.9.3/../../../../arm-none-eabi/lib/armv7-m\libg_nano.a(lib_a-impure.o)
 .data._impure_ptr
                0x1fff81a0        0x4 c:/program files (x86)/cypress/psoc creator/4.0/psoc creator/import/gnu/arm/4.9.3/bin/../lib/gcc/arm-none-eabi/4.9.3/../../../../arm-none-eabi/lib/armv7-m\libg_nano.a(lib_a-impure.o)
                0x1fff81a0                _impure_ptr
                0x1fff81a8                . = ALIGN (0x8)
 *fill*         0x1fff81a4        0x4 
 *(.ram)
                0x1fff81a8                _edata = .

.igot.plt       0x1fff81a8        0x0 load address 0x000047f0
 .igot.plt      0x00000000        0x0 c:/program files (x86)/cypress/psoc creator/4.0/psoc creator/import/gnu/arm/4.9.3/bin/../lib/gcc/arm-none-eabi/4.9.3/armv7-m/crtbegin.o

.bss            0x1fff81a8      0x138 load address 0x000047f0
                0x1fff81a8                PROVIDE (__bss_start__, .)
 *(.shbss)
 *(.bss .bss.* .gnu.linkonce.b.*)
 .bss           0x1fff81a8       0x1c c:/program files (x86)/cypress/psoc creator/4.0/psoc creator/import/gnu/arm/4.9.3/bin/../lib/gcc/arm-none-eabi/4.9.3/armv7-m/crtbegin.o
 .bss           0x1fff81c4        0xc .\ARM_GCC_493\Debug\main.o
 .bss           0x1fff81d0        0x8 .\ARM_GCC_493\Debug\ADC_SingleEndedMode02.a(ADC_DelSig_1.o)
                0x1fff81d0                ADC_DelSig_1_convDone
                0x1fff81d1                ADC_DelSig_1_stopConversion
                0x1fff81d2                ADC_DelSig_1_initVar
                0x1fff81d3                ADC_DelSig_1_started
 .bss           0x1fff81d8        0x2 .\ARM_GCC_493\Debug\ADC_SingleEndedMode02.a(LCD.o)
                0x1fff81d8                LCD_enableState
                0x1fff81d9                LCD_initVar
 .bss           0x1fff81da        0x1 .\ARM_GCC_493\Debug\ADC_SingleEndedMode02.a(USBUART.o)
                0x1fff81da                USBUART_initVar
 .bss           0x1fff81db        0x1 .\ARM_GCC_493\Debug\ADC_SingleEndedMode02.a(USBUART_cdc.o)
 .bss           0x1fff81dc        0x4 .\ARM_GCC_493\Debug\ADC_SingleEndedMode02.a(USBUART_std.o)
 .bss.__malloc_sbrk_start
                0x1fff81e0        0x4 c:/program files (x86)/cypress/psoc creator/4.0/psoc creator/import/gnu/arm/4.9.3/bin/../lib/gcc/arm-none-eabi/4.9.3/../../../../arm-none-eabi/lib/armv7-m\libg_nano.a(lib_a-nano-mallocr.o)
                0x1fff81e0                __malloc_sbrk_start
 .bss.__malloc_free_list
                0x1fff81e4        0x4 c:/program files (x86)/cypress/psoc creator/4.0/psoc creator/import/gnu/arm/4.9.3/bin/../lib/gcc/arm-none-eabi/4.9.3/../../../../arm-none-eabi/lib/armv7-m\libg_nano.a(lib_a-nano-mallocr.o)
                0x1fff81e4                __malloc_free_list
 *(COMMON)
 COMMON         0x1fff81e8        0x8 .\ARM_GCC_493\Debug\ADC_SingleEndedMode02.a(ADC_DelSig_1.o)
                0x1fff81e8                ADC_DelSig_1_CountsPerVolt
                0x1fff81ec                ADC_DelSig_1_Offset
 COMMON         0x1fff81f0       0x18 .\ARM_GCC_493\Debug\ADC_SingleEndedMode02.a(USBUART_cdc.o)
                0x1fff81f0                USBUART_linesChanged
                0x1fff81f4                USBUART_cdcDataInEp
                0x1fff81f8                USBUART_cdcCommInInterruptEp
                0x1fff81fc                USBUART_cdcDataOutEp
                0x1fff8200                USBUART_serialStateBitmap
                0x1fff8204                USBUART_linesControlBitmap
 COMMON         0x1fff8208       0x9b .\ARM_GCC_493\Debug\ADC_SingleEndedMode02.a(USBUART_drv.o)
                0x1fff8208                USBUART_lastPacketSize
                0x1fff8209                USBUART_device
                0x1fff820a                USBUART_transferByteCount
                0x1fff820c                USBUART_transferState
                0x1fff8210                USBUART_interfaceSettingLast
                0x1fff8214                USBUART_currentTD
                0x1fff8220                USBUART_interfaceNumber
                0x1fff8224                USBUART_interfaceClass
                0x1fff8228                USBUART_configurationChanged
                0x1fff8229                USBUART_ep0Mode
                0x1fff822a                USBUART_deviceAddress
                0x1fff822b                USBUART_configuration
                0x1fff822c                USBUART_ep0Count
                0x1fff822d                USBUART_deviceStatus
                0x1fff8230                USBUART_EP
                0x1fff829c                USBUART_interfaceSetting
                0x1fff829f                USBUART_ep0Toggle
                0x1fff82a0                USBUART_interfaceStatus
 *fill*         0x1fff82a3        0x1 
 COMMON         0x1fff82a4        0xb .\ARM_GCC_493\Debug\ADC_SingleEndedMode02.a(USBUART_hid.o)
                0x1fff82a4                USBUART_hidProtocol
                0x1fff82a8                USBUART_hidIdleTimer
                0x1fff82ac                USBUART_hidIdleRate
 *fill*         0x1fff82af        0x1 
 COMMON         0x1fff82b0       0x2a .\ARM_GCC_493\Debug\ADC_SingleEndedMode02.a(USBUART_descr.o)
                0x1fff82b0                USBUART_DEVICE0_CONFIGURATION0_INTERFACE2_ALTERNATE0_HID_IN_BUF
                0x1fff82b4                USBUART_DEVICE0_CONFIGURATION0_INTERFACE2_ALTERNATE0_HID_IN_RPT_SCB
                0x1fff82b8                USBUART_idSerialNumberStringDescriptor
 *fill*         0x1fff82da        0x2 
 COMMON         0x1fff82dc        0x4 c:/program files (x86)/cypress/psoc creator/4.0/psoc creator/import/gnu/arm/4.9.3/bin/../lib/gcc/arm-none-eabi/4.9.3/../../../../arm-none-eabi/lib/armv7-m\libg_nano.a(lib_a-reent.o)
                0x1fff82dc                errno
                0x1fff82e0                . = ALIGN (0x8)
 *(.ram.b)
                0x1fff82e0                _end = .
                0x1fff82e0                __end = .
                0x1fff82e0                PROVIDE (end, .)
                0x1fff82e0                PROVIDE (__bss_end__, .)
                0x00004750                __cy_region_init_ram = LOADADDR (.data)
                0x000000a0                __cy_region_init_size_ram = (_edata - ADDR (.data))
                0x00000138                __cy_region_zero_size_ram = (_end - _edata)

.heap           0x1fff82e0       0x80 load address 0x000047f0
                0x1fff82e0                . = _end
                0x1fff8360                . = (. + 0x80)
 *fill*         0x1fff82e0       0x80 
                0x1fff8360                __cy_heap_limit = .

.stack          0x20007800      0x800
                0x20007800                __cy_stack_limit = .
                0x20008000                . = (. + 0x800)
 *fill*         0x20007800      0x800 
                0x00000001                ASSERT ((__cy_stack_limit >= __cy_heap_limit), region RAM overflowed with stack)
                0x00000000                cy_checksum_exclude_size = (CY_APPL_LOADABLE == 0x1)?SIZEOF (.cy_checksum_exclude):0x0
                0x00000001                ASSERT ((cy_checksum_exclude_size <= CY_CHECKSUM_EXCLUDE_SIZE), CY_BOOT: Section .cy_checksum_exclude size exceedes specified limit.)

.cyloadermeta
 *(.cyloadermeta)

.cyloadablemeta
 *(.cyloadablemeta)

.cyconfigecc    0x80000000       0xe8
 *(.cyconfigecc)
 .cyconfigecc   0x80000000       0xe8 .\ARM_GCC_493\Debug\cymetadata.o
                0x80000000                cy_meta_configecc

.cycustnvl      0x90000000        0x4
 *(.cycustnvl)
 .cycustnvl     0x90000000        0x4 .\ARM_GCC_493\Debug\cymetadata.o
                0x90000000                cy_meta_custnvl

.cywolatch      0x90100000        0x4
 *(.cywolatch)
 .cywolatch     0x90100000        0x4 .\ARM_GCC_493\Debug\cymetadata.o
                0x90100000                cy_meta_wonvl

.cyeeprom       0x90200000        0x0
 *(.cyeeprom)
                0x00000001                ASSERT ((. <= ((0x90200000 + ee_offset) + ee_size)), .cyeeprom data will not fit in EEPROM)

.cyflashprotect
                0x90400000      0x100
 *(.cyflashprotect)
 .cyflashprotect
                0x90400000      0x100 .\ARM_GCC_493\Debug\cymetadata.o
                0x90400000                cy_meta_flashprotect

.cymeta         0x90500000        0xc
 *(.cymeta)
 .cymeta        0x90500000        0xc .\ARM_GCC_493\Debug\cymetadata.o
                0x90500000                cy_metadata

.rel.dyn        0x000047f0        0x0 load address 0x9050000c
 .rel.iplt      0x00000000        0x0 c:/program files (x86)/cypress/psoc creator/4.0/psoc creator/import/gnu/arm/4.9.3/bin/../lib/gcc/arm-none-eabi/4.9.3/armv7-m/crtbegin.o

.stab
 *(.stab)

.stabstr
 *(.stabstr)

.debug
 *(.debug)

.line
 *(.line)

.debug_srcinfo
 *(.debug_srcinfo)

.debug_sfnames
 *(.debug_sfnames)

.debug_aranges  0x00000000      0xc08
 *(.debug_aranges)
 .debug_aranges
                0x00000000       0x20 .\ARM_GCC_493\Debug\main.o
 .debug_aranges
                0x00000020       0x18 .\ARM_GCC_493\Debug\cymetadata.o
 .debug_aranges
                0x00000038       0x48 .\ARM_GCC_493\Debug\Cm3Start.o
 .debug_aranges
                0x00000080       0x60 .\ARM_GCC_493\Debug\ADC_SingleEndedMode02.a(cyfitter_cfg.o)
 .debug_aranges
                0x000000e0       0xe8 .\ARM_GCC_493\Debug\ADC_SingleEndedMode02.a(ADC_DelSig_1.o)
 .debug_aranges
                0x000001c8       0x38 .\ARM_GCC_493\Debug\ADC_SingleEndedMode02.a(ADC_DelSig_1_INT.o)
 .debug_aranges
                0x00000200       0x98 .\ARM_GCC_493\Debug\ADC_SingleEndedMode02.a(LCD.o)
 .debug_aranges
                0x00000298       0x70 .\ARM_GCC_493\Debug\ADC_SingleEndedMode02.a(ADC_DelSig_1_Ext_CP_Clk.o)
 .debug_aranges
                0x00000308       0x80 .\ARM_GCC_493\Debug\ADC_SingleEndedMode02.a(ADC_DelSig_1_theACLK.o)
 .debug_aranges
                0x00000388      0x2a0 .\ARM_GCC_493\Debug\ADC_SingleEndedMode02.a(CyLib.o)
 .debug_aranges
                0x00000628       0x98 .\ARM_GCC_493\Debug\ADC_SingleEndedMode02.a(cyPm.o)
 .debug_aranges
                0x000006c0       0xc8 .\ARM_GCC_493\Debug\ADC_SingleEndedMode02.a(USBUART.o)
 .debug_aranges
                0x00000788       0xe8 .\ARM_GCC_493\Debug\ADC_SingleEndedMode02.a(USBUART_cdc.o)
 .debug_aranges
                0x00000870       0x98 .\ARM_GCC_493\Debug\ADC_SingleEndedMode02.a(USBUART_drv.o)
 .debug_aranges
                0x00000908       0x40 .\ARM_GCC_493\Debug\ADC_SingleEndedMode02.a(USBUART_episr.o)
 .debug_aranges
                0x00000948       0x48 .\ARM_GCC_493\Debug\ADC_SingleEndedMode02.a(USBUART_hid.o)
 .debug_aranges
                0x00000990       0x40 .\ARM_GCC_493\Debug\ADC_SingleEndedMode02.a(USBUART_pm.o)
 .debug_aranges
                0x000009d0       0x80 .\ARM_GCC_493\Debug\ADC_SingleEndedMode02.a(USBUART_std.o)
 .debug_aranges
                0x00000a50       0x20 .\ARM_GCC_493\Debug\ADC_SingleEndedMode02.a(USBUART_vnd.o)
 .debug_aranges
                0x00000a70       0x48 .\ARM_GCC_493\Debug\ADC_SingleEndedMode02.a(USBUART_Dp.o)
 .debug_aranges
                0x00000ab8       0x20 .\ARM_GCC_493\Debug\ADC_SingleEndedMode02.a(CyBootAsmGnu.o)
 .debug_aranges
                0x00000ad8       0x80 .\ARM_GCC_493\Debug\ADC_SingleEndedMode02.a(CyFlash.o)
 .debug_aranges
                0x00000b58       0x78 .\ARM_GCC_493\Debug\ADC_SingleEndedMode02.a(CySpc.o)
 .debug_aranges
                0x00000bd0       0x20 .\ARM_GCC_493\Debug\ADC_SingleEndedMode02.a(USBUART_cls.o)
 .debug_aranges
                0x00000bf0       0x18 .\ARM_GCC_493\Debug\ADC_SingleEndedMode02.a(USBUART_descr.o)

.debug_pubnames
 *(.debug_pubnames)

.debug_info     0x00000000     0x654a
 *(.debug_info .gnu.linkonce.wi.*)
 .debug_info    0x00000000      0x1df .\ARM_GCC_493\Debug\main.o
 .debug_info    0x000001df      0x13a .\ARM_GCC_493\Debug\cymetadata.o
 .debug_info    0x00000319      0x319 .\ARM_GCC_493\Debug\Cm3Start.o
 .debug_info    0x00000632      0x393 .\ARM_GCC_493\Debug\ADC_SingleEndedMode02.a(cyfitter_cfg.o)
 .debug_info    0x000009c5      0x725 .\ARM_GCC_493\Debug\ADC_SingleEndedMode02.a(ADC_DelSig_1.o)
 .debug_info    0x000010ea       0xcc .\ARM_GCC_493\Debug\ADC_SingleEndedMode02.a(ADC_DelSig_1_INT.o)
 .debug_info    0x000011b6      0x3c8 .\ARM_GCC_493\Debug\ADC_SingleEndedMode02.a(LCD.o)
 .debug_info    0x0000157e      0x25d .\ARM_GCC_493\Debug\ADC_SingleEndedMode02.a(ADC_DelSig_1_Ext_CP_Clk.o)
 .debug_info    0x000017db      0x299 .\ARM_GCC_493\Debug\ADC_SingleEndedMode02.a(ADC_DelSig_1_theACLK.o)
 .debug_info    0x00001a74      0xe4a .\ARM_GCC_493\Debug\ADC_SingleEndedMode02.a(CyLib.o)
 .debug_info    0x000028be      0x561 .\ARM_GCC_493\Debug\ADC_SingleEndedMode02.a(cyPm.o)
 .debug_info    0x00002e1f      0x73b .\ARM_GCC_493\Debug\ADC_SingleEndedMode02.a(USBUART.o)
 .debug_info    0x0000355a      0x903 .\ARM_GCC_493\Debug\ADC_SingleEndedMode02.a(USBUART_cdc.o)
 .debug_info    0x00003e5d      0x521 .\ARM_GCC_493\Debug\ADC_SingleEndedMode02.a(USBUART_drv.o)
 .debug_info    0x0000437e      0x22f .\ARM_GCC_493\Debug\ADC_SingleEndedMode02.a(USBUART_episr.o)
 .debug_info    0x000045ad      0x374 .\ARM_GCC_493\Debug\ADC_SingleEndedMode02.a(USBUART_hid.o)
 .debug_info    0x00004921      0x186 .\ARM_GCC_493\Debug\ADC_SingleEndedMode02.a(USBUART_pm.o)
 .debug_info    0x00004aa7      0x960 .\ARM_GCC_493\Debug\ADC_SingleEndedMode02.a(USBUART_std.o)
 .debug_info    0x00005407      0x19d .\ARM_GCC_493\Debug\ADC_SingleEndedMode02.a(USBUART_vnd.o)
 .debug_info    0x000055a4      0x171 .\ARM_GCC_493\Debug\ADC_SingleEndedMode02.a(USBUART_Dp.o)
 .debug_info    0x00005715       0xa8 .\ARM_GCC_493\Debug\ADC_SingleEndedMode02.a(CyBootAsmGnu.o)
 .debug_info    0x000057bd      0x36a .\ARM_GCC_493\Debug\ADC_SingleEndedMode02.a(CyFlash.o)
 .debug_info    0x00005b27      0x453 .\ARM_GCC_493\Debug\ADC_SingleEndedMode02.a(CySpc.o)
 .debug_info    0x00005f7a      0x1bc .\ARM_GCC_493\Debug\ADC_SingleEndedMode02.a(USBUART_cls.o)
 .debug_info    0x00006136      0x414 .\ARM_GCC_493\Debug\ADC_SingleEndedMode02.a(USBUART_descr.o)

.debug_abbrev   0x00000000     0x1d23
 *(.debug_abbrev)
 .debug_abbrev  0x00000000       0xbc .\ARM_GCC_493\Debug\main.o
 .debug_abbrev  0x000000bc       0x5d .\ARM_GCC_493\Debug\cymetadata.o
 .debug_abbrev  0x00000119      0x1b6 .\ARM_GCC_493\Debug\Cm3Start.o
 .debug_abbrev  0x000002cf      0x19d .\ARM_GCC_493\Debug\ADC_SingleEndedMode02.a(cyfitter_cfg.o)
 .debug_abbrev  0x0000046c      0x19d .\ARM_GCC_493\Debug\ADC_SingleEndedMode02.a(ADC_DelSig_1.o)
 .debug_abbrev  0x00000609       0x42 .\ARM_GCC_493\Debug\ADC_SingleEndedMode02.a(ADC_DelSig_1_INT.o)
 .debug_abbrev  0x0000064b      0x120 .\ARM_GCC_493\Debug\ADC_SingleEndedMode02.a(LCD.o)
 .debug_abbrev  0x0000076b      0x11d .\ARM_GCC_493\Debug\ADC_SingleEndedMode02.a(ADC_DelSig_1_Ext_CP_Clk.o)
 .debug_abbrev  0x00000888      0x11d .\ARM_GCC_493\Debug\ADC_SingleEndedMode02.a(ADC_DelSig_1_theACLK.o)
 .debug_abbrev  0x000009a5      0x217 .\ARM_GCC_493\Debug\ADC_SingleEndedMode02.a(CyLib.o)
 .debug_abbrev  0x00000bbc      0x161 .\ARM_GCC_493\Debug\ADC_SingleEndedMode02.a(cyPm.o)
 .debug_abbrev  0x00000d1d      0x1f3 .\ARM_GCC_493\Debug\ADC_SingleEndedMode02.a(USBUART.o)
 .debug_abbrev  0x00000f10      0x233 .\ARM_GCC_493\Debug\ADC_SingleEndedMode02.a(USBUART_cdc.o)
 .debug_abbrev  0x00001143      0x161 .\ARM_GCC_493\Debug\ADC_SingleEndedMode02.a(USBUART_drv.o)
 .debug_abbrev  0x000012a4       0xfd .\ARM_GCC_493\Debug\ADC_SingleEndedMode02.a(USBUART_episr.o)
 .debug_abbrev  0x000013a1      0x15e .\ARM_GCC_493\Debug\ADC_SingleEndedMode02.a(USBUART_hid.o)
 .debug_abbrev  0x000014ff       0xd1 .\ARM_GCC_493\Debug\ADC_SingleEndedMode02.a(USBUART_pm.o)
 .debug_abbrev  0x000015d0      0x1c2 .\ARM_GCC_493\Debug\ADC_SingleEndedMode02.a(USBUART_std.o)
 .debug_abbrev  0x00001792       0xc5 .\ARM_GCC_493\Debug\ADC_SingleEndedMode02.a(USBUART_vnd.o)
 .debug_abbrev  0x00001857       0x90 .\ARM_GCC_493\Debug\ADC_SingleEndedMode02.a(USBUART_Dp.o)
 .debug_abbrev  0x000018e7       0x14 .\ARM_GCC_493\Debug\ADC_SingleEndedMode02.a(CyBootAsmGnu.o)
 .debug_abbrev  0x000018fb      0x13c .\ARM_GCC_493\Debug\ADC_SingleEndedMode02.a(CyFlash.o)
 .debug_abbrev  0x00001a37      0x16c .\ARM_GCC_493\Debug\ADC_SingleEndedMode02.a(CySpc.o)
 .debug_abbrev  0x00001ba3       0xc5 .\ARM_GCC_493\Debug\ADC_SingleEndedMode02.a(USBUART_cls.o)
 .debug_abbrev  0x00001c68       0xbb .\ARM_GCC_493\Debug\ADC_SingleEndedMode02.a(USBUART_descr.o)

.debug_line     0x00000000     0x31e1
 *(.debug_line)
 .debug_line    0x00000000      0x186 .\ARM_GCC_493\Debug\main.o
 .debug_line    0x00000186       0x51 .\ARM_GCC_493\Debug\cymetadata.o
 .debug_line    0x000001d7      0x1dc .\ARM_GCC_493\Debug\Cm3Start.o
 .debug_line    0x000003b3      0x1f9 .\ARM_GCC_493\Debug\ADC_SingleEndedMode02.a(cyfitter_cfg.o)
 .debug_line    0x000005ac      0x365 .\ARM_GCC_493\Debug\ADC_SingleEndedMode02.a(ADC_DelSig_1.o)
 .debug_line    0x00000911       0x95 .\ARM_GCC_493\Debug\ADC_SingleEndedMode02.a(ADC_DelSig_1_INT.o)
 .debug_line    0x000009a6      0x1e1 .\ARM_GCC_493\Debug\ADC_SingleEndedMode02.a(LCD.o)
 .debug_line    0x00000b87      0x1b2 .\ARM_GCC_493\Debug\ADC_SingleEndedMode02.a(ADC_DelSig_1_Ext_CP_Clk.o)
 .debug_line    0x00000d39      0x1d3 .\ARM_GCC_493\Debug\ADC_SingleEndedMode02.a(ADC_DelSig_1_theACLK.o)
 .debug_line    0x00000f0c      0x882 .\ARM_GCC_493\Debug\ADC_SingleEndedMode02.a(CyLib.o)
 .debug_line    0x0000178e      0x37f .\ARM_GCC_493\Debug\ADC_SingleEndedMode02.a(cyPm.o)
 .debug_line    0x00001b0d      0x326 .\ARM_GCC_493\Debug\ADC_SingleEndedMode02.a(USBUART.o)
 .debug_line    0x00001e33      0x30c .\ARM_GCC_493\Debug\ADC_SingleEndedMode02.a(USBUART_cdc.o)
 .debug_line    0x0000213f      0x21a .\ARM_GCC_493\Debug\ADC_SingleEndedMode02.a(USBUART_drv.o)
 .debug_line    0x00002359       0xf2 .\ARM_GCC_493\Debug\ADC_SingleEndedMode02.a(USBUART_episr.o)
 .debug_line    0x0000244b      0x17e .\ARM_GCC_493\Debug\ADC_SingleEndedMode02.a(USBUART_hid.o)
 .debug_line    0x000025c9       0xe6 .\ARM_GCC_493\Debug\ADC_SingleEndedMode02.a(USBUART_pm.o)
 .debug_line    0x000026af      0x456 .\ARM_GCC_493\Debug\ADC_SingleEndedMode02.a(USBUART_std.o)
 .debug_line    0x00002b05       0x8f .\ARM_GCC_493\Debug\ADC_SingleEndedMode02.a(USBUART_vnd.o)
 .debug_line    0x00002b94       0xbe .\ARM_GCC_493\Debug\ADC_SingleEndedMode02.a(USBUART_Dp.o)
 .debug_line    0x00002c52       0x7d .\ARM_GCC_493\Debug\ADC_SingleEndedMode02.a(CyBootAsmGnu.o)
 .debug_line    0x00002ccf      0x205 .\ARM_GCC_493\Debug\ADC_SingleEndedMode02.a(CyFlash.o)
 .debug_line    0x00002ed4      0x215 .\ARM_GCC_493\Debug\ADC_SingleEndedMode02.a(CySpc.o)
 .debug_line    0x000030e9       0x97 .\ARM_GCC_493\Debug\ADC_SingleEndedMode02.a(USBUART_cls.o)
 .debug_line    0x00003180       0x61 .\ARM_GCC_493\Debug\ADC_SingleEndedMode02.a(USBUART_descr.o)

.debug_frame    0x00000000     0x32c0
 *(.debug_frame)
 .debug_frame   0x00000000       0x30 .\ARM_GCC_493\Debug\main.o
 .debug_frame   0x00000030       0xd8 .\ARM_GCC_493\Debug\Cm3Start.o
 .debug_frame   0x00000108      0x16c .\ARM_GCC_493\Debug\ADC_SingleEndedMode02.a(cyfitter_cfg.o)
 .debug_frame   0x00000274      0x40c .\ARM_GCC_493\Debug\ADC_SingleEndedMode02.a(ADC_DelSig_1.o)
 .debug_frame   0x00000680       0xa0 .\ARM_GCC_493\Debug\ADC_SingleEndedMode02.a(ADC_DelSig_1_INT.o)
 .debug_frame   0x00000720      0x260 .\ARM_GCC_493\Debug\ADC_SingleEndedMode02.a(LCD.o)
 .debug_frame   0x00000980      0x1b4 .\ARM_GCC_493\Debug\ADC_SingleEndedMode02.a(ADC_DelSig_1_Ext_CP_Clk.o)
 .debug_frame   0x00000b34      0x200 .\ARM_GCC_493\Debug\ADC_SingleEndedMode02.a(ADC_DelSig_1_theACLK.o)
 .debug_frame   0x00000d34      0xc0c .\ARM_GCC_493\Debug\ADC_SingleEndedMode02.a(CyLib.o)
 .debug_frame   0x00001940      0x234 .\ARM_GCC_493\Debug\ADC_SingleEndedMode02.a(cyPm.o)
 .debug_frame   0x00001b74      0x380 .\ARM_GCC_493\Debug\ADC_SingleEndedMode02.a(USBUART.o)
 .debug_frame   0x00001ef4      0x3ec .\ARM_GCC_493\Debug\ADC_SingleEndedMode02.a(USBUART_cdc.o)
 .debug_frame   0x000022e0      0x23c .\ARM_GCC_493\Debug\ADC_SingleEndedMode02.a(USBUART_drv.o)
 .debug_frame   0x0000251c       0xbc .\ARM_GCC_493\Debug\ADC_SingleEndedMode02.a(USBUART_episr.o)
 .debug_frame   0x000025d8      0x100 .\ARM_GCC_493\Debug\ADC_SingleEndedMode02.a(USBUART_hid.o)
 .debug_frame   0x000026d8       0xbc .\ARM_GCC_493\Debug\ADC_SingleEndedMode02.a(USBUART_pm.o)
 .debug_frame   0x00002794      0x224 .\ARM_GCC_493\Debug\ADC_SingleEndedMode02.a(USBUART_std.o)
 .debug_frame   0x000029b8       0x38 .\ARM_GCC_493\Debug\ADC_SingleEndedMode02.a(USBUART_vnd.o)
 .debug_frame   0x000029f0       0xf4 .\ARM_GCC_493\Debug\ADC_SingleEndedMode02.a(USBUART_Dp.o)
 .debug_frame   0x00002ae4      0x210 .\ARM_GCC_493\Debug\ADC_SingleEndedMode02.a(CyFlash.o)
 .debug_frame   0x00002cf4      0x1f8 .\ARM_GCC_493\Debug\ADC_SingleEndedMode02.a(CySpc.o)
 .debug_frame   0x00002eec       0x38 .\ARM_GCC_493\Debug\ADC_SingleEndedMode02.a(USBUART_cls.o)
 .debug_frame   0x00002f24       0x20 c:/program files (x86)/cypress/psoc creator/4.0/psoc creator/import/gnu/arm/4.9.3/bin/../lib/gcc/arm-none-eabi/4.9.3/../../../../arm-none-eabi/lib/armv7-m\libg_nano.a(lib_a-errno.o)
 .debug_frame   0x00002f44       0x28 c:/program files (x86)/cypress/psoc creator/4.0/psoc creator/import/gnu/arm/4.9.3/bin/../lib/gcc/arm-none-eabi/4.9.3/../../../../arm-none-eabi/lib/armv7-m\libg_nano.a(lib_a-exit.o)
 .debug_frame   0x00002f6c       0x2c c:/program files (x86)/cypress/psoc creator/4.0/psoc creator/import/gnu/arm/4.9.3/bin/../lib/gcc/arm-none-eabi/4.9.3/../../../../arm-none-eabi/lib/armv7-m\libg_nano.a(lib_a-init.o)
 .debug_frame   0x00002f98       0x28 c:/program files (x86)/cypress/psoc creator/4.0/psoc creator/import/gnu/arm/4.9.3/bin/../lib/gcc/arm-none-eabi/4.9.3/../../../../arm-none-eabi/lib/armv7-m\libg_nano.a(lib_a-memcpy.o)
 .debug_frame   0x00002fc0       0x20 c:/program files (x86)/cypress/psoc creator/4.0/psoc creator/import/gnu/arm/4.9.3/bin/../lib/gcc/arm-none-eabi/4.9.3/../../../../arm-none-eabi/lib/armv7-m\libg_nano.a(lib_a-memset.o)
 .debug_frame   0x00002fe0       0x70 c:/program files (x86)/cypress/psoc creator/4.0/psoc creator/import/gnu/arm/4.9.3/bin/../lib/gcc/arm-none-eabi/4.9.3/../../../../arm-none-eabi/lib/armv7-m\libg_nano.a(lib_a-sprintf.o)
 .debug_frame   0x00003050       0x8c c:/program files (x86)/cypress/psoc creator/4.0/psoc creator/import/gnu/arm/4.9.3/bin/../lib/gcc/arm-none-eabi/4.9.3/../../../../arm-none-eabi/lib/armv7-m\libg_nano.a(lib_a-nano-svfprintf.o)
 .debug_frame   0x000030dc       0x58 c:/program files (x86)/cypress/psoc creator/4.0/psoc creator/import/gnu/arm/4.9.3/bin/../lib/gcc/arm-none-eabi/4.9.3/../../../../arm-none-eabi/lib/armv7-m\libg_nano.a(lib_a-nano-vfprintf_i.o)
 .debug_frame   0x00003134       0x28 c:/program files (x86)/cypress/psoc creator/4.0/psoc creator/import/gnu/arm/4.9.3/bin/../lib/gcc/arm-none-eabi/4.9.3/../../../../arm-none-eabi/lib/armv7-m\libg_nano.a(lib_a-memchr.o)
 .debug_frame   0x0000315c       0x28 c:/program files (x86)/cypress/psoc creator/4.0/psoc creator/import/gnu/arm/4.9.3/bin/../lib/gcc/arm-none-eabi/4.9.3/../../../../arm-none-eabi/lib/armv7-m\libg_nano.a(lib_a-memmove.o)
 .debug_frame   0x00003184       0x2c c:/program files (x86)/cypress/psoc creator/4.0/psoc creator/import/gnu/arm/4.9.3/bin/../lib/gcc/arm-none-eabi/4.9.3/../../../../arm-none-eabi/lib/armv7-m\libg_nano.a(lib_a-nano-freer.o)
 .debug_frame   0x000031b0       0x2c c:/program files (x86)/cypress/psoc creator/4.0/psoc creator/import/gnu/arm/4.9.3/bin/../lib/gcc/arm-none-eabi/4.9.3/../../../../arm-none-eabi/lib/armv7-m\libg_nano.a(lib_a-nano-mallocr.o)
 .debug_frame   0x000031dc       0x3c c:/program files (x86)/cypress/psoc creator/4.0/psoc creator/import/gnu/arm/4.9.3/bin/../lib/gcc/arm-none-eabi/4.9.3/../../../../arm-none-eabi/lib/armv7-m\libg_nano.a(lib_a-nano-reallocr.o)
 .debug_frame   0x00003218       0x2c c:/program files (x86)/cypress/psoc creator/4.0/psoc creator/import/gnu/arm/4.9.3/bin/../lib/gcc/arm-none-eabi/4.9.3/../../../../arm-none-eabi/lib/armv7-m\libg_nano.a(lib_a-sbrkr.o)
 .debug_frame   0x00003244       0x20 c:/program files (x86)/cypress/psoc creator/4.0/psoc creator/import/gnu/arm/4.9.3/bin/../lib/gcc/arm-none-eabi/4.9.3/../../../../arm-none-eabi/lib/armv7-m\libg_nano.a(lib_a-nano-msizer.o)
 .debug_frame   0x00003264       0x5c c:/program files (x86)/cypress/psoc creator/4.0/psoc creator/import/gnu/arm/4.9.3/bin/../lib/gcc/arm-none-eabi/4.9.3/../../../../arm-none-eabi/lib/armv7-m\libg_nano.a(lib_a-reent.o)

.debug_str      0x00000000     0x30eb
 *(.debug_str)
 .debug_str     0x00000000      0x1ce .\ARM_GCC_493\Debug\main.o
                                0x228 (size before relaxing)
 .debug_str     0x000001ce       0x75 .\ARM_GCC_493\Debug\cymetadata.o
                                0x202 (size before relaxing)
 .debug_str     0x00000243      0x136 .\ARM_GCC_493\Debug\Cm3Start.o
                                0x2e3 (size before relaxing)
 .debug_str     0x00000379      0x155 .\ARM_GCC_493\Debug\ADC_SingleEndedMode02.a(cyfitter_cfg.o)
                                0x30f (size before relaxing)
 .debug_str     0x000004ce      0x43e .\ARM_GCC_493\Debug\ADC_SingleEndedMode02.a(ADC_DelSig_1.o)
                                0x62f (size before relaxing)
 .debug_str     0x0000090c       0x72 .\ARM_GCC_493\Debug\ADC_SingleEndedMode02.a(ADC_DelSig_1_INT.o)
                                0x1f9 (size before relaxing)
 .debug_str     0x0000097e      0x177 .\ARM_GCC_493\Debug\ADC_SingleEndedMode02.a(LCD.o)
                                0x325 (size before relaxing)
 .debug_str     0x00000af5      0x220 .\ARM_GCC_493\Debug\ADC_SingleEndedMode02.a(ADC_DelSig_1_Ext_CP_Clk.o)
                                0x3c6 (size before relaxing)
 .debug_str     0x00000d15      0x208 .\ARM_GCC_493\Debug\ADC_SingleEndedMode02.a(ADC_DelSig_1_theACLK.o)
                                0x3f7 (size before relaxing)
 .debug_str     0x00000f1d      0x7f7 .\ARM_GCC_493\Debug\ADC_SingleEndedMode02.a(CyLib.o)
                                0x9f6 (size before relaxing)
 .debug_str     0x00001714      0x365 .\ARM_GCC_493\Debug\ADC_SingleEndedMode02.a(cyPm.o)
                                0x543 (size before relaxing)
 .debug_str     0x00001a79      0x42b .\ARM_GCC_493\Debug\ADC_SingleEndedMode02.a(USBUART.o)
                                0x60b (size before relaxing)
 .debug_str     0x00001ea4      0x4cc .\ARM_GCC_493\Debug\ADC_SingleEndedMode02.a(USBUART_cdc.o)
                                0x726 (size before relaxing)
 .debug_str     0x00002370      0x296 .\ARM_GCC_493\Debug\ADC_SingleEndedMode02.a(USBUART_drv.o)
                                0x606 (size before relaxing)
 .debug_str     0x00002606       0x80 .\ARM_GCC_493\Debug\ADC_SingleEndedMode02.a(USBUART_episr.o)
                                0x2d3 (size before relaxing)
 .debug_str     0x00002686      0x120 .\ARM_GCC_493\Debug\ADC_SingleEndedMode02.a(USBUART_hid.o)
                                0x3a1 (size before relaxing)
 .debug_str     0x000027a6       0xa0 .\ARM_GCC_493\Debug\ADC_SingleEndedMode02.a(USBUART_pm.o)
                                0x277 (size before relaxing)
 .debug_str     0x00002846      0x291 .\ARM_GCC_493\Debug\ADC_SingleEndedMode02.a(USBUART_std.o)
                                0x766 (size before relaxing)
 .debug_str     0x00002ad7       0x5f .\ARM_GCC_493\Debug\ADC_SingleEndedMode02.a(USBUART_vnd.o)
                                0x283 (size before relaxing)
 .debug_str     0x00002b36       0xbe .\ARM_GCC_493\Debug\ADC_SingleEndedMode02.a(USBUART_Dp.o)
                                0x259 (size before relaxing)
 .debug_str     0x00002bf4      0x13e .\ARM_GCC_493\Debug\ADC_SingleEndedMode02.a(CyFlash.o)
                                0x302 (size before relaxing)
 .debug_str     0x00002d32      0x11f .\ARM_GCC_493\Debug\ADC_SingleEndedMode02.a(CySpc.o)
                                0x2ff (size before relaxing)
 .debug_str     0x00002e51       0x3f .\ARM_GCC_493\Debug\ADC_SingleEndedMode02.a(USBUART_cls.o)
                                0x29b (size before relaxing)
 .debug_str     0x00002e90      0x25b .\ARM_GCC_493\Debug\ADC_SingleEndedMode02.a(USBUART_descr.o)
                                0x545 (size before relaxing)

.debug_loc
 *(.debug_loc)

.debug_macinfo
 *(.debug_macinfo)

.debug_ranges   0x00000000      0xa58
 *(.debug_ranges)
 .debug_ranges  0x00000000       0x10 .\ARM_GCC_493\Debug\main.o
 .debug_ranges  0x00000010       0x38 .\ARM_GCC_493\Debug\Cm3Start.o
 .debug_ranges  0x00000048       0x50 .\ARM_GCC_493\Debug\ADC_SingleEndedMode02.a(cyfitter_cfg.o)
 .debug_ranges  0x00000098       0xd8 .\ARM_GCC_493\Debug\ADC_SingleEndedMode02.a(ADC_DelSig_1.o)
 .debug_ranges  0x00000170       0x28 .\ARM_GCC_493\Debug\ADC_SingleEndedMode02.a(ADC_DelSig_1_INT.o)
 .debug_ranges  0x00000198       0x88 .\ARM_GCC_493\Debug\ADC_SingleEndedMode02.a(LCD.o)
 .debug_ranges  0x00000220       0x60 .\ARM_GCC_493\Debug\ADC_SingleEndedMode02.a(ADC_DelSig_1_Ext_CP_Clk.o)
 .debug_ranges  0x00000280       0x70 .\ARM_GCC_493\Debug\ADC_SingleEndedMode02.a(ADC_DelSig_1_theACLK.o)
 .debug_ranges  0x000002f0      0x290 .\ARM_GCC_493\Debug\ADC_SingleEndedMode02.a(CyLib.o)
 .debug_ranges  0x00000580       0x88 .\ARM_GCC_493\Debug\ADC_SingleEndedMode02.a(cyPm.o)
 .debug_ranges  0x00000608       0xb8 .\ARM_GCC_493\Debug\ADC_SingleEndedMode02.a(USBUART.o)
 .debug_ranges  0x000006c0       0xd8 .\ARM_GCC_493\Debug\ADC_SingleEndedMode02.a(USBUART_cdc.o)
 .debug_ranges  0x00000798       0x88 .\ARM_GCC_493\Debug\ADC_SingleEndedMode02.a(USBUART_drv.o)
 .debug_ranges  0x00000820       0x30 .\ARM_GCC_493\Debug\ADC_SingleEndedMode02.a(USBUART_episr.o)
 .debug_ranges  0x00000850       0x38 .\ARM_GCC_493\Debug\ADC_SingleEndedMode02.a(USBUART_hid.o)
 .debug_ranges  0x00000888       0x30 .\ARM_GCC_493\Debug\ADC_SingleEndedMode02.a(USBUART_pm.o)
 .debug_ranges  0x000008b8       0x70 .\ARM_GCC_493\Debug\ADC_SingleEndedMode02.a(USBUART_std.o)
 .debug_ranges  0x00000928       0x10 .\ARM_GCC_493\Debug\ADC_SingleEndedMode02.a(USBUART_vnd.o)
 .debug_ranges  0x00000938       0x38 .\ARM_GCC_493\Debug\ADC_SingleEndedMode02.a(USBUART_Dp.o)
 .debug_ranges  0x00000970       0x70 .\ARM_GCC_493\Debug\ADC_SingleEndedMode02.a(CyFlash.o)
 .debug_ranges  0x000009e0       0x68 .\ARM_GCC_493\Debug\ADC_SingleEndedMode02.a(CySpc.o)
 .debug_ranges  0x00000a48       0x10 .\ARM_GCC_493\Debug\ADC_SingleEndedMode02.a(USBUART_cls.o)

.comment        0x00000000       0x70
 .comment       0x00000000       0x70 .\ARM_GCC_493\Debug\main.o
                                 0x71 (size before relaxing)
 .comment       0x00000000       0x71 .\ARM_GCC_493\Debug\cymetadata.o
 .comment       0x00000000       0x71 .\ARM_GCC_493\Debug\Cm3Start.o
 .comment       0x00000000       0x71 .\ARM_GCC_493\Debug\ADC_SingleEndedMode02.a(cyfitter_cfg.o)
 .comment       0x00000000       0x71 .\ARM_GCC_493\Debug\ADC_SingleEndedMode02.a(ADC_DelSig_1.o)
 .comment       0x00000000       0x71 .\ARM_GCC_493\Debug\ADC_SingleEndedMode02.a(ADC_DelSig_1_INT.o)
 .comment       0x00000000       0x71 .\ARM_GCC_493\Debug\ADC_SingleEndedMode02.a(LCD.o)
 .comment       0x00000000       0x71 .\ARM_GCC_493\Debug\ADC_SingleEndedMode02.a(ADC_DelSig_1_Ext_CP_Clk.o)
 .comment       0x00000000       0x71 .\ARM_GCC_493\Debug\ADC_SingleEndedMode02.a(ADC_DelSig_1_theACLK.o)
 .comment       0x00000000       0x71 .\ARM_GCC_493\Debug\ADC_SingleEndedMode02.a(CyLib.o)
 .comment       0x00000000       0x71 .\ARM_GCC_493\Debug\ADC_SingleEndedMode02.a(cyPm.o)
 .comment       0x00000000       0x71 .\ARM_GCC_493\Debug\ADC_SingleEndedMode02.a(USBUART.o)
 .comment       0x00000000       0x71 .\ARM_GCC_493\Debug\ADC_SingleEndedMode02.a(USBUART_cdc.o)
 .comment       0x00000000       0x71 .\ARM_GCC_493\Debug\ADC_SingleEndedMode02.a(USBUART_drv.o)
 .comment       0x00000000       0x71 .\ARM_GCC_493\Debug\ADC_SingleEndedMode02.a(USBUART_episr.o)
 .comment       0x00000000       0x71 .\ARM_GCC_493\Debug\ADC_SingleEndedMode02.a(USBUART_hid.o)
 .comment       0x00000000       0x71 .\ARM_GCC_493\Debug\ADC_SingleEndedMode02.a(USBUART_pm.o)
 .comment       0x00000000       0x71 .\ARM_GCC_493\Debug\ADC_SingleEndedMode02.a(USBUART_std.o)
 .comment       0x00000000       0x71 .\ARM_GCC_493\Debug\ADC_SingleEndedMode02.a(USBUART_vnd.o)
 .comment       0x00000000       0x71 .\ARM_GCC_493\Debug\ADC_SingleEndedMode02.a(USBUART_Dp.o)
 .comment       0x00000000       0x71 .\ARM_GCC_493\Debug\ADC_SingleEndedMode02.a(CyFlash.o)
 .comment       0x00000000       0x71 .\ARM_GCC_493\Debug\ADC_SingleEndedMode02.a(CySpc.o)
 .comment       0x00000000       0x71 .\ARM_GCC_493\Debug\ADC_SingleEndedMode02.a(USBUART_cls.o)
 .comment       0x00000000       0x71 .\ARM_GCC_493\Debug\ADC_SingleEndedMode02.a(USBUART_descr.o)

.debug_weaknames
 *(.debug_weaknames)

.debug_funcnames
 *(.debug_funcnames)

.debug_typenames
 *(.debug_typenames)

.debug_varnames
 *(.debug_varnames)

.note.gnu.arm.ident
 *(.note.gnu.arm.ident)

.ARM.attributes
                0x00000000       0x29
 *(.ARM.attributes)
 .ARM.attributes
                0x00000000       0x1d c:/program files (x86)/cypress/psoc creator/4.0/psoc creator/import/gnu/arm/4.9.3/bin/../lib/gcc/arm-none-eabi/4.9.3/armv7-m/crti.o
 .ARM.attributes
                0x0000001d       0x2d c:/program files (x86)/cypress/psoc creator/4.0/psoc creator/import/gnu/arm/4.9.3/bin/../lib/gcc/arm-none-eabi/4.9.3/armv7-m/crtbegin.o
 .ARM.attributes
                0x0000004a       0x1b c:/program files (x86)/cypress/psoc creator/4.0/psoc creator/import/gnu/arm/4.9.3/bin/../lib/gcc/arm-none-eabi/4.9.3/../../../../arm-none-eabi/lib/armv7-m/crt0.o
 .ARM.attributes
                0x00000065       0x33 .\ARM_GCC_493\Debug\main.o
 .ARM.attributes
                0x00000098       0x33 .\ARM_GCC_493\Debug\cymetadata.o
 .ARM.attributes
                0x000000cb       0x33 .\ARM_GCC_493\Debug\Cm3Start.o
 .ARM.attributes
                0x000000fe       0x33 .\ARM_GCC_493\Debug\ADC_SingleEndedMode02.a(cyfitter_cfg.o)
 .ARM.attributes
                0x00000131       0x33 .\ARM_GCC_493\Debug\ADC_SingleEndedMode02.a(ADC_DelSig_1.o)
 .ARM.attributes
                0x00000164       0x33 .\ARM_GCC_493\Debug\ADC_SingleEndedMode02.a(ADC_DelSig_1_INT.o)
 .ARM.attributes
                0x00000197       0x33 .\ARM_GCC_493\Debug\ADC_SingleEndedMode02.a(LCD.o)
 .ARM.attributes
                0x000001ca       0x33 .\ARM_GCC_493\Debug\ADC_SingleEndedMode02.a(ADC_DelSig_1_Ext_CP_Clk.o)
 .ARM.attributes
                0x000001fd       0x33 .\ARM_GCC_493\Debug\ADC_SingleEndedMode02.a(ADC_DelSig_1_theACLK.o)
 .ARM.attributes
                0x00000230       0x33 .\ARM_GCC_493\Debug\ADC_SingleEndedMode02.a(CyLib.o)
 .ARM.attributes
                0x00000263       0x33 .\ARM_GCC_493\Debug\ADC_SingleEndedMode02.a(cyPm.o)
 .ARM.attributes
                0x00000296       0x33 .\ARM_GCC_493\Debug\ADC_SingleEndedMode02.a(USBUART.o)
 .ARM.attributes
                0x000002c9       0x33 .\ARM_GCC_493\Debug\ADC_SingleEndedMode02.a(USBUART_cdc.o)
 .ARM.attributes
                0x000002fc       0x33 .\ARM_GCC_493\Debug\ADC_SingleEndedMode02.a(USBUART_drv.o)
 .ARM.attributes
                0x0000032f       0x33 .\ARM_GCC_493\Debug\ADC_SingleEndedMode02.a(USBUART_episr.o)
 .ARM.attributes
                0x00000362       0x33 .\ARM_GCC_493\Debug\ADC_SingleEndedMode02.a(USBUART_hid.o)
 .ARM.attributes
                0x00000395       0x33 .\ARM_GCC_493\Debug\ADC_SingleEndedMode02.a(USBUART_pm.o)
 .ARM.attributes
                0x000003c8       0x33 .\ARM_GCC_493\Debug\ADC_SingleEndedMode02.a(USBUART_std.o)
 .ARM.attributes
                0x000003fb       0x33 .\ARM_GCC_493\Debug\ADC_SingleEndedMode02.a(USBUART_vnd.o)
 .ARM.attributes
                0x0000042e       0x33 .\ARM_GCC_493\Debug\ADC_SingleEndedMode02.a(USBUART_Dp.o)
 .ARM.attributes
                0x00000461       0x21 .\ARM_GCC_493\Debug\ADC_SingleEndedMode02.a(CyBootAsmGnu.o)
 .ARM.attributes
                0x00000482       0x33 .\ARM_GCC_493\Debug\ADC_SingleEndedMode02.a(CyFlash.o)
 .ARM.attributes
                0x000004b5       0x33 .\ARM_GCC_493\Debug\ADC_SingleEndedMode02.a(CySpc.o)
 .ARM.attributes
                0x000004e8       0x33 .\ARM_GCC_493\Debug\ADC_SingleEndedMode02.a(USBUART_cls.o)
 .ARM.attributes
                0x0000051b       0x33 .\ARM_GCC_493\Debug\ADC_SingleEndedMode02.a(USBUART_descr.o)
 .ARM.attributes
                0x0000054e       0x1d c:/program files (x86)/cypress/psoc creator/4.0/psoc creator/import/gnu/arm/4.9.3/bin/../lib/gcc/arm-none-eabi/4.9.3/armv7-m\libgcc.a(_arm_addsubdf3.o)
 .ARM.attributes
                0x0000056b       0x1d c:/program files (x86)/cypress/psoc creator/4.0/psoc creator/import/gnu/arm/4.9.3/bin/../lib/gcc/arm-none-eabi/4.9.3/armv7-m\libgcc.a(_arm_cmpdf2.o)
 .ARM.attributes
                0x00000588       0x1d c:/program files (x86)/cypress/psoc creator/4.0/psoc creator/import/gnu/arm/4.9.3/bin/../lib/gcc/arm-none-eabi/4.9.3/armv7-m\libgcc.a(_arm_addsubsf3.o)
 .ARM.attributes
                0x000005a5       0x1d c:/program files (x86)/cypress/psoc creator/4.0/psoc creator/import/gnu/arm/4.9.3/bin/../lib/gcc/arm-none-eabi/4.9.3/armv7-m\libgcc.a(_arm_muldivsf3.o)
 .ARM.attributes
                0x000005c2       0x1d c:/program files (x86)/cypress/psoc creator/4.0/psoc creator/import/gnu/arm/4.9.3/bin/../lib/gcc/arm-none-eabi/4.9.3/armv7-m\libgcc.a(_arm_fixunssfsi.o)
 .ARM.attributes
                0x000005df       0x2d c:/program files (x86)/cypress/psoc creator/4.0/psoc creator/import/gnu/arm/4.9.3/bin/../lib/gcc/arm-none-eabi/4.9.3/../../../../arm-none-eabi/lib/armv7-m\libg_nano.a(lib_a-errno.o)
 .ARM.attributes
                0x0000060c       0x2d c:/program files (x86)/cypress/psoc creator/4.0/psoc creator/import/gnu/arm/4.9.3/bin/../lib/gcc/arm-none-eabi/4.9.3/../../../../arm-none-eabi/lib/armv7-m\libg_nano.a(lib_a-exit.o)
 .ARM.attributes
                0x00000639       0x2d c:/program files (x86)/cypress/psoc creator/4.0/psoc creator/import/gnu/arm/4.9.3/bin/../lib/gcc/arm-none-eabi/4.9.3/../../../../arm-none-eabi/lib/armv7-m\libg_nano.a(lib_a-impure.o)
 .ARM.attributes
                0x00000666       0x2d c:/program files (x86)/cypress/psoc creator/4.0/psoc creator/import/gnu/arm/4.9.3/bin/../lib/gcc/arm-none-eabi/4.9.3/../../../../arm-none-eabi/lib/armv7-m\libg_nano.a(lib_a-init.o)
 .ARM.attributes
                0x00000693       0x2d c:/program files (x86)/cypress/psoc creator/4.0/psoc creator/import/gnu/arm/4.9.3/bin/../lib/gcc/arm-none-eabi/4.9.3/../../../../arm-none-eabi/lib/armv7-m\libg_nano.a(lib_a-memcpy.o)
 .ARM.attributes
                0x000006c0       0x2d c:/program files (x86)/cypress/psoc creator/4.0/psoc creator/import/gnu/arm/4.9.3/bin/../lib/gcc/arm-none-eabi/4.9.3/../../../../arm-none-eabi/lib/armv7-m\libg_nano.a(lib_a-memset.o)
 .ARM.attributes
                0x000006ed       0x2d c:/program files (x86)/cypress/psoc creator/4.0/psoc creator/import/gnu/arm/4.9.3/bin/../lib/gcc/arm-none-eabi/4.9.3/../../../../arm-none-eabi/lib/armv7-m\libg_nano.a(lib_a-sprintf.o)
 .ARM.attributes
                0x0000071a       0x2d c:/program files (x86)/cypress/psoc creator/4.0/psoc creator/import/gnu/arm/4.9.3/bin/../lib/gcc/arm-none-eabi/4.9.3/../../../../arm-none-eabi/lib/armv7-m\libg_nano.a(lib_a-nano-svfprintf.o)
 .ARM.attributes
                0x00000747       0x2d c:/program files (x86)/cypress/psoc creator/4.0/psoc creator/import/gnu/arm/4.9.3/bin/../lib/gcc/arm-none-eabi/4.9.3/../../../../arm-none-eabi/lib/armv7-m\libg_nano.a(lib_a-nano-vfprintf_i.o)
 .ARM.attributes
                0x00000774       0x2d c:/program files (x86)/cypress/psoc creator/4.0/psoc creator/import/gnu/arm/4.9.3/bin/../lib/gcc/arm-none-eabi/4.9.3/../../../../arm-none-eabi/lib/armv7-m\libg_nano.a(lib_a-memchr.o)
 .ARM.attributes
                0x000007a1       0x2d c:/program files (x86)/cypress/psoc creator/4.0/psoc creator/import/gnu/arm/4.9.3/bin/../lib/gcc/arm-none-eabi/4.9.3/../../../../arm-none-eabi/lib/armv7-m\libg_nano.a(lib_a-memmove.o)
 .ARM.attributes
                0x000007ce       0x2d c:/program files (x86)/cypress/psoc creator/4.0/psoc creator/import/gnu/arm/4.9.3/bin/../lib/gcc/arm-none-eabi/4.9.3/../../../../arm-none-eabi/lib/armv7-m\libg_nano.a(lib_a-nano-freer.o)
 .ARM.attributes
                0x000007fb       0x2d c:/program files (x86)/cypress/psoc creator/4.0/psoc creator/import/gnu/arm/4.9.3/bin/../lib/gcc/arm-none-eabi/4.9.3/../../../../arm-none-eabi/lib/armv7-m\libg_nano.a(lib_a-nano-mallocr.o)
 .ARM.attributes
                0x00000828       0x2d c:/program files (x86)/cypress/psoc creator/4.0/psoc creator/import/gnu/arm/4.9.3/bin/../lib/gcc/arm-none-eabi/4.9.3/../../../../arm-none-eabi/lib/armv7-m\libg_nano.a(lib_a-nano-reallocr.o)
 .ARM.attributes
                0x00000855       0x2d c:/program files (x86)/cypress/psoc creator/4.0/psoc creator/import/gnu/arm/4.9.3/bin/../lib/gcc/arm-none-eabi/4.9.3/../../../../arm-none-eabi/lib/armv7-m\libg_nano.a(lib_a-sbrkr.o)
 .ARM.attributes
                0x00000882       0x2d c:/program files (x86)/cypress/psoc creator/4.0/psoc creator/import/gnu/arm/4.9.3/bin/../lib/gcc/arm-none-eabi/4.9.3/../../../../arm-none-eabi/lib/armv7-m\libg_nano.a(lib_a-nano-msizer.o)
 .ARM.attributes
                0x000008af       0x2d c:/program files (x86)/cypress/psoc creator/4.0/psoc creator/import/gnu/arm/4.9.3/bin/../lib/gcc/arm-none-eabi/4.9.3/../../../../arm-none-eabi/lib/armv7-m\libg_nano.a(lib_a-reent.o)
 .ARM.attributes
                0x000008dc       0x2d c:/program files (x86)/cypress/psoc creator/4.0/psoc creator/import/gnu/arm/4.9.3/bin/../lib/gcc/arm-none-eabi/4.9.3/armv7-m/crtend.o
 .ARM.attributes
                0x00000909       0x1d c:/program files (x86)/cypress/psoc creator/4.0/psoc creator/import/gnu/arm/4.9.3/bin/../lib/gcc/arm-none-eabi/4.9.3/armv7-m/crtn.o

/DISCARD/
 *(.note.GNU-stack)
OUTPUT(.\ARM_GCC_493\Debug\ADC_SingleEndedMode02.elf elf32-littlearm)
