Archive member included because of file (symbol)

.\ARM_GCC_493\Debug\ADC_SingleEndedMode02.a(cyfitter_cfg.o)
                              .\ARM_GCC_493\Debug\Cm3Start.o (cyfitter_cfg)
.\ARM_GCC_493\Debug\ADC_SingleEndedMode02.a(ADC_DelSig_1.o)
                              .\ARM_GCC_493\Debug\main.o (ADC_DelSig_1_Start)
.\ARM_GCC_493\Debug\ADC_SingleEndedMode02.a(ADC_DelSig_1_INT.o)
                              .\ARM_GCC_493\Debug\ADC_SingleEndedMode02.a(ADC_DelSig_1.o) (ADC_DelSig_1_ISR1)
.\ARM_GCC_493\Debug\ADC_SingleEndedMode02.a(ADC_DelSig_1_Ext_CP_Clk.o)
                              .\ARM_GCC_493\Debug\ADC_SingleEndedMode02.a(ADC_DelSig_1.o) (ADC_DelSig_1_Ext_CP_Clk_SetDividerRegister)
.\ARM_GCC_493\Debug\ADC_SingleEndedMode02.a(ADC_DelSig_1_theACLK.o)
                              .\ARM_GCC_493\Debug\ADC_SingleEndedMode02.a(ADC_DelSig_1.o) (ADC_DelSig_1_theACLK_SetDividerRegister)
.\ARM_GCC_493\Debug\ADC_SingleEndedMode02.a(CyLib.o)
                              .\ARM_GCC_493\Debug\Cm3Start.o (CyResetStatus)
.\ARM_GCC_493\Debug\ADC_SingleEndedMode02.a(cyPm.o)
                              .\ARM_GCC_493\Debug\ADC_SingleEndedMode02.a(CyLib.o) (CyPmReadStatus)
.\ARM_GCC_493\Debug\ADC_SingleEndedMode02.a(USBUART.o)
                              .\ARM_GCC_493\Debug\main.o (USBUART_Start)
.\ARM_GCC_493\Debug\ADC_SingleEndedMode02.a(USBUART_drv.o)
                              .\ARM_GCC_493\Debug\ADC_SingleEndedMode02.a(USBUART.o) (USBUART_EP)
.\ARM_GCC_493\Debug\ADC_SingleEndedMode02.a(USBUART_episr.o)
                              .\ARM_GCC_493\Debug\ADC_SingleEndedMode02.a(USBUART.o) (USBUART_EP_3_ISR)
.\ARM_GCC_493\Debug\ADC_SingleEndedMode02.a(USBUART_hid.o)
                              .\ARM_GCC_493\Debug\ADC_SingleEndedMode02.a(USBUART.o) (USBUART_hidProtocol)
.\ARM_GCC_493\Debug\ADC_SingleEndedMode02.a(USBUART_pm.o)
                              .\ARM_GCC_493\Debug\ADC_SingleEndedMode02.a(USBUART.o) (USBUART_DP_ISR)
.\ARM_GCC_493\Debug\ADC_SingleEndedMode02.a(USBUART_std.o)
                              .\ARM_GCC_493\Debug\ADC_SingleEndedMode02.a(USBUART_drv.o) (USBUART_HandleStandardRqst)
.\ARM_GCC_493\Debug\ADC_SingleEndedMode02.a(USBUART_vnd.o)
                              .\ARM_GCC_493\Debug\ADC_SingleEndedMode02.a(USBUART_drv.o) (USBUART_HandleVendorRqst)
.\ARM_GCC_493\Debug\ADC_SingleEndedMode02.a(USBUART_Dp.o)
                              .\ARM_GCC_493\Debug\ADC_SingleEndedMode02.a(USBUART.o) (USBUART_Dp_ClearInterrupt)
.\ARM_GCC_493\Debug\ADC_SingleEndedMode02.a(AMuxSeq_1.o)
                              .\ARM_GCC_493\Debug\main.o (AMuxSeq_1_Start)
.\ARM_GCC_493\Debug\ADC_SingleEndedMode02.a(CyBootAsmGnu.o)
                              .\ARM_GCC_493\Debug\ADC_SingleEndedMode02.a(cyfitter_cfg.o) (CyDelayCycles)
.\ARM_GCC_493\Debug\ADC_SingleEndedMode02.a(CyFlash.o)
                              .\ARM_GCC_493\Debug\ADC_SingleEndedMode02.a(cyPm.o) (CyFlash_SetWaitCycles)
.\ARM_GCC_493\Debug\ADC_SingleEndedMode02.a(CySpc.o)
                              .\ARM_GCC_493\Debug\ADC_SingleEndedMode02.a(CyFlash.o) (CySpcStart)
.\ARM_GCC_493\Debug\ADC_SingleEndedMode02.a(USBUART_cls.o)
                              .\ARM_GCC_493\Debug\ADC_SingleEndedMode02.a(USBUART_drv.o) (USBUART_DispatchClassRqst)
.\ARM_GCC_493\Debug\ADC_SingleEndedMode02.a(USBUART_descr.o)
                              .\ARM_GCC_493\Debug\ADC_SingleEndedMode02.a(USBUART_std.o) (USBUART_DEVICE0_DESCR)
c:/program files (x86)/cypress/psoc creator/4.0/psoc creator/import/gnu/arm/4.9.3/bin/../lib/gcc/arm-none-eabi/4.9.3/armv7-m\libgcc.a(_arm_addsubdf3.o)
                              .\ARM_GCC_493\Debug\ADC_SingleEndedMode02.a(ADC_DelSig_1.o) (__aeabi_f2d)
c:/program files (x86)/cypress/psoc creator/4.0/psoc creator/import/gnu/arm/4.9.3/bin/../lib/gcc/arm-none-eabi/4.9.3/armv7-m\libgcc.a(_arm_cmpdf2.o)
                              .\ARM_GCC_493\Debug\ADC_SingleEndedMode02.a(ADC_DelSig_1.o) (__aeabi_dcmpgt)
c:/program files (x86)/cypress/psoc creator/4.0/psoc creator/import/gnu/arm/4.9.3/bin/../lib/gcc/arm-none-eabi/4.9.3/armv7-m\libgcc.a(_arm_addsubsf3.o)
                              .\ARM_GCC_493\Debug\ADC_SingleEndedMode02.a(ADC_DelSig_1.o) (__aeabi_ui2f)
c:/program files (x86)/cypress/psoc creator/4.0/psoc creator/import/gnu/arm/4.9.3/bin/../lib/gcc/arm-none-eabi/4.9.3/armv7-m\libgcc.a(_arm_muldivsf3.o)
                              .\ARM_GCC_493\Debug\ADC_SingleEndedMode02.a(ADC_DelSig_1.o) (__aeabi_fmul)
c:/program files (x86)/cypress/psoc creator/4.0/psoc creator/import/gnu/arm/4.9.3/bin/../lib/gcc/arm-none-eabi/4.9.3/armv7-m\libgcc.a(_arm_fixunssfsi.o)
                              .\ARM_GCC_493\Debug\ADC_SingleEndedMode02.a(ADC_DelSig_1.o) (__aeabi_f2uiz)
c:/program files (x86)/cypress/psoc creator/4.0/psoc creator/import/gnu/arm/4.9.3/bin/../lib/gcc/arm-none-eabi/4.9.3/../../../../arm-none-eabi/lib/armv7-m\libg_nano.a(lib_a-errno.o)
                              .\ARM_GCC_493\Debug\Cm3Start.o (__errno)
[...]
Memory Configuration

Name             Origin             Length             Attributes
rom              0x00000000         0x00040000         xr
ram              0x1fff8000         0x00010000         xrw
*default*        0x00000000         0xffffffff

Linker script and memory map

LOAD c:/program files (x86)/cypress/psoc creator/4.0/psoc creator/import/gnu/arm/4.9.3/bin/../lib/gcc/arm-none-eabi/4.9.3/armv7-m/crti.o
LOAD c:/program files (x86)/cypress/psoc creator/4.0/psoc creator/import/gnu/arm/4.9.3/bin/../lib/gcc/arm-none-eabi/4.9.3/armv7-m/crtbegin.o
LOAD c:/program files (x86)/cypress/psoc creator/4.0/psoc creator/import/gnu/arm/4.9.3/bin/../lib/gcc/arm-none-eabi/4.9.3/../../../../arm-none-eabi/lib/armv7-m/crt0.o
START GROUP
LOAD .\ARM_GCC_493\Debug\main.o
LOAD .\ARM_GCC_493\Debug\cymetadata.o
LOAD .\ARM_GCC_493\Debug\Cm3Start.o
LOAD .\ARM_GCC_493\Debug\ADC_SingleEndedMode02.a
LOAD C:\Program Files (x86)\Cypress\PSoC Creator\4.0\PSoC Creator\psoc\content\cycomponentlibrary\CyComponentLibrary.cylib\CortexM3\ARM_GCC_493\Debug\CyComponentLibrary.a
END GROUP
START GROUP
LOAD c:/program files (x86)/cypress/psoc creator/4.0/psoc creator/import/gnu/arm/4.9.3/bin/../lib/gcc/arm-none-eabi/4.9.3/armv7-m\libgcc.a
LOAD c:/program files (x86)/cypress/psoc creator/4.0/psoc creator/import/gnu/arm/4.9.3/bin/../lib/gcc/arm-none-eabi/4.9.3/../../../../arm-none-eabi/lib/armv7-m\libg_nano.a
LOAD c:/program files (x86)/cypress/psoc creator/4.0/psoc creator/import/gnu/arm/4.9.3/bin/../lib/gcc/arm-none-eabi/4.9.3/../../../../arm-none-eabi/lib/armv7-m\libc_nano.a
END GROUP
START GROUP
LOAD c:/program files (x86)/cypress/psoc creator/4.0/psoc creator/import/gnu/arm/4.9.3/bin/../lib/gcc/arm-none-eabi/4.9.3/armv7-m\libgcc.a
LOAD c:/program files (x86)/cypress/psoc creator/4.0/psoc creator/import/gnu/arm/4.9.3/bin/../lib/gcc/arm-none-eabi/4.9.3/../../../../arm-none-eabi/lib/armv7-m\libc_nano.a
END GROUP
LOAD c:/program files (x86)/cypress/psoc creator/4.0/psoc creator/import/gnu/arm/4.9.3/bin/../lib/gcc/arm-none-eabi/4.9.3/armv7-m/crtend.o
LOAD c:/program files (x86)/cypress/psoc creator/4.0/psoc creator/import/gnu/arm/4.9.3/bin/../lib/gcc/arm-none-eabi/4.9.3/armv7-m/crtn.o
START GROUP
LOAD c:/program files (x86)/cypress/psoc creator/4.0/psoc creator/import/gnu/arm/4.9.3/bin/../lib/gcc/arm-none-eabi/4.9.3/armv7-m\libgcc.a
LOAD c:/program files (x86)/cypress/psoc creator/4.0/psoc creator/import/gnu/arm/4.9.3/bin/../lib/gcc/arm-none-eabi/4.9.3/../../../../arm-none-eabi/lib/armv7-m\libc.a
LOAD c:/program files (x86)/cypress/psoc creator/4.0/psoc creator/import/gnu/arm/4.9.3/bin/../lib/gcc/arm-none-eabi/4.9.3/../../../../arm-none-eabi/lib/armv7-m\libnosys.a
END GROUP
                0x00000000                CY_APPL_ORIGIN = 0x0
                0x00000100                CY_FLASH_ROW_SIZE = 0x100
                0x00000020                CY_ECC_ROW_SIZE = 0x20
                0x00000000                CY_EE_IN_BTLDR = 0x0
                0x00000000                CY_APPL_LOADABLE = 0x0
                0x00000800                CY_EE_SIZE = 0x800
                0x00000001                CY_APPL_NUM = 0x1
                0x00000001                CY_APPL_MAX = 0x1
                0x00000040                CY_METADATA_SIZE = 0x40
                0x00000000                CY_APPL_LOADABLE = 0x0
                0x00000000                CY_CHECKSUM_EXCLUDE_SIZE = ALIGN (0x0, CY_FLASH_ROW_SIZE)
                0x1fff8370                PROVIDE (__cy_heap_start, _end)
                0x00000001                PROVIDE (__cy_region_num, ((__cy_regions_end - __cy_regions) / 0x10))
                0x20008000                PROVIDE (__cy_stack, (ORIGIN (ram) + 0x10000))
                0x20007800                PROVIDE (__cy_heap_end, (__cy_stack - 0x800))

.cybootloader   0x00000000        0x0
 *(.cybootloader)
                0x00000000                appl1_start = CY_APPL_ORIGIN?CY_APPL_ORIGIN:ALIGN (CY_FLASH_ROW_SIZE)
                0x0001ff00                appl2_start = (appl1_start + ALIGN ((((0x40000 - appl1_start) - (0x2 * CY_FLASH_ROW_SIZE)) / 0x2), CY_FLASH_ROW_SIZE))
                0x00000000                appl_start = (CY_APPL_NUM == 0x1)?appl1_start:appl2_start
                0x00000000                ecc_offset = ((appl_start / CY_FLASH_ROW_SIZE) * CY_ECC_ROW_SIZE)
                0x00000000                ee_offset = (CY_APPL_LOADABLE && ! (CY_EE_IN_BTLDR))?((CY_EE_SIZE / CY_APPL_MAX) * (CY_APPL_NUM - 0x1)):0x0
                0x00000800                ee_size = (CY_APPL_LOADABLE && ! (CY_EE_IN_BTLDR))?(CY_EE_SIZE / CY_APPL_MAX):CY_EE_SIZE
                0x00000000                PROVIDE (CY_ECC_OFFSET, ecc_offset)

.text           0x00000000     0x35d2
 CREATE_OBJECT_SYMBOLS
                0x00000000                PROVIDE (__cy_interrupt_vector, RomVectors)
 *(.romvectors)
 .romvectors    0x00000000       0x10 .\ARM_GCC_493\Debug\Cm3Start.o
                0x00000000                RomVectors
                0x00000001                ASSERT ((. != __cy_interrupt_vector), No interrupt vector)
                0x00000001                ASSERT (CY_APPL_ORIGIN?(SIZEOF (.cybootloader) <= CY_APPL_ORIGIN):0x1, Wrong image location)
                0x00000010                PROVIDE (__cy_reset, Reset)
 *(.text.Reset)
 .text.Reset    0x00000010       0x18 .\ARM_GCC_493\Debug\Cm3Start.o
                0x00000010                Reset
                0x00000001                ASSERT ((. != __cy_reset), No reset code)
 *(.dma_init)
                0x00000001                ASSERT ((((appl_start + .) <= 0x10000) || 0x1), DMA Init must be within the first 64k of flash)
 *(.text .text.* .gnu.linkonce.t.*)
 .text          0x00000028       0x5c c:/program files (x86)/cypress/psoc creator/4.0/psoc creator/import/gnu/arm/4.9.3/bin/../lib/gcc/arm-none-eabi/4.9.3/armv7-m/crtbegin.o
 .text.main     0x00000084       0xb8 .\ARM_GCC_493\Debug\main.o
                0x00000084                main
 .text.IntDefaultHandler
                0x0000013c       0x14 .\ARM_GCC_493\Debug\Cm3Start.o
                0x0000013c                IntDefaultHandler
 .text.Start_c  0x00000150       0x98 .\ARM_GCC_493\Debug\Cm3Start.o
                0x00000150                Start_c
 .text.initialize_psoc
                0x000001e8       0x8c .\ARM_GCC_493\Debug\Cm3Start.o
                0x000001e8                initialize_psoc
 .text.CYMEMZERO
                0x00000274       0x1c .\ARM_GCC_493\Debug\ADC_SingleEndedMode02.a(cyfitter_cfg.o)
 .text.CYCONFIGCPY
                0x00000290       0x1c .\ARM_GCC_493\Debug\ADC_SingleEndedMode02.a(cyfitter_cfg.o)
 .text.CyClockStartupError
                0x000002ac        0xc .\ARM_GCC_493\Debug\ADC_SingleEndedMode02.a(cyfitter_cfg.o)
 .text.cfg_write_bytes32
                0x000002b8       0x74 .\ARM_GCC_493\Debug\ADC_SingleEndedMode02.a(cyfitter_cfg.o)
 .text.ClockSetup
                0x0000032c      0x148 .\ARM_GCC_493\Debug\ADC_SingleEndedMode02.a(cyfitter_cfg.o)
 .text.AnalogSetDefault
                0x00000474       0x60 .\ARM_GCC_493\Debug\ADC_SingleEndedMode02.a(cyfitter_cfg.o)
 .text.AMuxSeq_1_CYAMUXSIDE_A_DisconnectAll
                0x000004d4       0x40 .\ARM_GCC_493\Debug\ADC_SingleEndedMode02.a(cyfitter_cfg.o)
                0x000004d4                AMuxSeq_1_CYAMUXSIDE_A_DisconnectAll
 .text.AMuxSeq_1_CYAMUXSIDE_A_Next
                0x00000514      0x100 .\ARM_GCC_493\Debug\ADC_SingleEndedMode02.a(cyfitter_cfg.o)
                0x00000514                AMuxSeq_1_CYAMUXSIDE_A_Next
 .text.AMuxSeq_1_CYAMUXSIDE_B_DisconnectAll
                0x00000614       0x40 .\ARM_GCC_493\Debug\ADC_SingleEndedMode02.a(cyfitter_cfg.o)
                0x00000614                AMuxSeq_1_CYAMUXSIDE_B_DisconnectAll
 .text.AMuxSeq_1_CYAMUXSIDE_B_Next
                0x00000654      0x100 .\ARM_GCC_493\Debug\ADC_SingleEndedMode02.a(cyfitter_cfg.o)
                0x00000654                AMuxSeq_1_CYAMUXSIDE_B_Next
 .text.cyfitter_cfg
                0x00000754      0x12c .\ARM_GCC_493\Debug\ADC_SingleEndedMode02.a(cyfitter_cfg.o)
                0x00000754                cyfitter_cfg
 .text.ADC_DelSig_1_Init
                0x00000880      0x11c .\ARM_GCC_493\Debug\ADC_SingleEndedMode02.a(ADC_DelSig_1.o)
                0x00000880                ADC_DelSig_1_Init
 .text.ADC_DelSig_1_Enable
                0x0000099c      0x158 .\ARM_GCC_493\Debug\ADC_SingleEndedMode02.a(ADC_DelSig_1.o)
                0x0000099c                ADC_DelSig_1_Enable
 .text.ADC_DelSig_1_Start
                0x00000af4       0x30 .\ARM_GCC_493\Debug\ADC_SingleEndedMode02.a(ADC_DelSig_1.o)
                0x00000af4                ADC_DelSig_1_Start
 .text.ADC_DelSig_1_StartConvert
                0x00000b24       0x20 .\ARM_GCC_493\Debug\ADC_SingleEndedMode02.a(ADC_DelSig_1.o)
                0x00000b24                ADC_DelSig_1_StartConvert
 .text.ADC_DelSig_1_StopConvert
                0x00000b44       0x20 .\ARM_GCC_493\Debug\ADC_SingleEndedMode02.a(ADC_DelSig_1.o)
                0x00000b44                ADC_DelSig_1_StopConvert
 .text.ADC_DelSig_1_IsEndConversion
                0x00000b64       0x50 .\ARM_GCC_493\Debug\ADC_SingleEndedMode02.a(ADC_DelSig_1.o)
                0x00000b64                ADC_DelSig_1_IsEndConversion
 .text.ADC_DelSig_1_GetResult32
                0x00000bb4       0xa8 .\ARM_GCC_493\Debug\ADC_SingleEndedMode02.a(ADC_DelSig_1.o)
                0x00000bb4                ADC_DelSig_1_GetResult32
 .text.ADC_DelSig_1_CountsTo_uVolts
                0x00000c5c       0xb8 .\ARM_GCC_493\Debug\ADC_SingleEndedMode02.a(ADC_DelSig_1.o)
                0x00000c5c                ADC_DelSig_1_CountsTo_uVolts
 .text.ADC_DelSig_1_InitConfig
                0x00000d14      0x15c .\ARM_GCC_493\Debug\ADC_SingleEndedMode02.a(ADC_DelSig_1.o)
 .text.ADC_DelSig_1_GainCompensation
                0x00000e70      0x16c .\ARM_GCC_493\Debug\ADC_SingleEndedMode02.a(ADC_DelSig_1.o)
 .text.ADC_DelSig_1_SetDSMRef0Reg
                0x00000fdc       0x78 .\ARM_GCC_493\Debug\ADC_SingleEndedMode02.a(ADC_DelSig_1.o)
 .text.ADC_DelSig_1_ISR1
                0x00001054        0xc .\ARM_GCC_493\Debug\ADC_SingleEndedMode02.a(ADC_DelSig_1_INT.o)
                0x00001054                ADC_DelSig_1_ISR1
 .text.ADC_DelSig_1_Ext_CP_Clk_SetDividerRegister
                0x00001060      0x160 .\ARM_GCC_493\Debug\ADC_SingleEndedMode02.a(ADC_DelSig_1_Ext_CP_Clk.o)
                0x00001060                ADC_DelSig_1_Ext_CP_Clk_SetDividerRegister
 .text.ADC_DelSig_1_Ext_CP_Clk_GetDividerRegister
                0x000011c0       0x18 .\ARM_GCC_493\Debug\ADC_SingleEndedMode02.a(ADC_DelSig_1_Ext_CP_Clk.o)
                0x000011c0                ADC_DelSig_1_Ext_CP_Clk_GetDividerRegister
 .text.ADC_DelSig_1_Ext_CP_Clk_SetModeRegister
                0x000011d8       0x34 .\ARM_GCC_493\Debug\ADC_SingleEndedMode02.a(ADC_DelSig_1_Ext_CP_Clk.o)
                0x000011d8                ADC_DelSig_1_Ext_CP_Clk_SetModeRegister
 .text.ADC_DelSig_1_Ext_CP_Clk_GetSourceRegister
                0x0000120c       0x20 .\ARM_GCC_493\Debug\ADC_SingleEndedMode02.a(ADC_DelSig_1_Ext_CP_Clk.o)
                0x0000120c                ADC_DelSig_1_Ext_CP_Clk_GetSourceRegister
 .text.ADC_DelSig_1_theACLK_SetDividerRegister
                0x0000122c      0x160 .\ARM_GCC_493\Debug\ADC_SingleEndedMode02.a(ADC_DelSig_1_theACLK.o)
                0x0000122c                ADC_DelSig_1_theACLK_SetDividerRegister
 .text.ADC_DelSig_1_theACLK_GetDividerRegister
                0x0000138c       0x18 .\ARM_GCC_493\Debug\ADC_SingleEndedMode02.a(ADC_DelSig_1_theACLK.o)
                0x0000138c                ADC_DelSig_1_theACLK_GetDividerRegister
 .text.ADC_DelSig_1_theACLK_SetModeRegister
                0x000013a4       0x34 .\ARM_GCC_493\Debug\ADC_SingleEndedMode02.a(ADC_DelSig_1_theACLK.o)
                0x000013a4                ADC_DelSig_1_theACLK_SetModeRegister
 .text.ADC_DelSig_1_theACLK_GetSourceRegister
                0x000013d8       0x20 .\ARM_GCC_493\Debug\ADC_SingleEndedMode02.a(ADC_DelSig_1_theACLK.o)
                0x000013d8                ADC_DelSig_1_theACLK_GetSourceRegister
 .text.CyHalt   0x000013f8       0x18 .\ARM_GCC_493\Debug\ADC_SingleEndedMode02.a(CyLib.o)
                0x000013f8                CyHalt
 .text.CyDelayUs
                0x00001410       0x24 .\ARM_GCC_493\Debug\ADC_SingleEndedMode02.a(CyLib.o)
                0x00001410                CyDelayUs
 .text.CyIntSetVector
                0x00001434       0x50 .\ARM_GCC_493\Debug\ADC_SingleEndedMode02.a(CyLib.o)
                0x00001434                CyIntSetVector
 .text.CyIntSetPriority
                0x00001484       0x44 .\ARM_GCC_493\Debug\ADC_SingleEndedMode02.a(CyLib.o)
                0x00001484                CyIntSetPriority
 .text.CyGetUniqueId
                0x000014c8       0xc4 .\ARM_GCC_493\Debug\ADC_SingleEndedMode02.a(CyLib.o)
                0x000014c8                CyGetUniqueId
 .text.USBUART_Start
                0x0000158c       0x38 .\ARM_GCC_493\Debug\ADC_SingleEndedMode02.a(USBUART.o)
                0x0000158c                USBUART_Start
 .text.USBUART_Init
                0x000015c4      0x18c .\ARM_GCC_493\Debug\ADC_SingleEndedMode02.a(USBUART.o)
                0x000015c4                USBUART_Init
 .text.USBUART_InitComponent
                0x00001750      0x118 .\ARM_GCC_493\Debug\ADC_SingleEndedMode02.a(USBUART.o)
                0x00001750                USBUART_InitComponent
 .text.USBUART_ReInitComponent
                0x00001868       0x88 .\ARM_GCC_493\Debug\ADC_SingleEndedMode02.a(USBUART.o)
                0x00001868                USBUART_ReInitComponent
 .text.USBUART_GetConfiguration
                0x000018f0       0x18 .\ARM_GCC_493\Debug\ADC_SingleEndedMode02.a(USBUART.o)
                0x000018f0                USBUART_GetConfiguration
 .text.USBUART_GetEPState
                0x00001908       0x2c .\ARM_GCC_493\Debug\ADC_SingleEndedMode02.a(USBUART.o)
                0x00001908                USBUART_GetEPState
 .text.USBUART_LoadInEP
                0x00001934       0xf8 .\ARM_GCC_493\Debug\ADC_SingleEndedMode02.a(USBUART.o)
                0x00001934                USBUART_LoadInEP
 .text.USBUART_EP_0_ISR
                0x00001a2c       0xf8 .\ARM_GCC_493\Debug\ADC_SingleEndedMode02.a(USBUART_drv.o)
                0x00001a2c                USBUART_EP_0_ISR
 .text.USBUART_HandleSetup
                0x00001b24       0x88 .\ARM_GCC_493\Debug\ADC_SingleEndedMode02.a(USBUART_drv.o)
                0x00001b24                USBUART_HandleSetup
 .text.USBUART_HandleIN
                0x00001bac       0x4c .\ARM_GCC_493\Debug\ADC_SingleEndedMode02.a(USBUART_drv.o)
                0x00001bac                USBUART_HandleIN
 .text.USBUART_HandleOUT
                0x00001bf8       0x58 .\ARM_GCC_493\Debug\ADC_SingleEndedMode02.a(USBUART_drv.o)
                0x00001bf8                USBUART_HandleOUT
 .text.USBUART_LoadEP0
                0x00001c50       0xd0 .\ARM_GCC_493\Debug\ADC_SingleEndedMode02.a(USBUART_drv.o)
                0x00001c50                USBUART_LoadEP0
 .text.USBUART_InitControlRead
                0x00001d20       0x70 .\ARM_GCC_493\Debug\ADC_SingleEndedMode02.a(USBUART_drv.o)
                0x00001d20                USBUART_InitControlRead
 .text.USBUART_InitZeroLengthControlTransfer
                0x00001d90       0x44 .\ARM_GCC_493\Debug\ADC_SingleEndedMode02.a(USBUART_drv.o)
                0x00001d90                USBUART_InitZeroLengthControlTransfer
 .text.USBUART_ControlReadDataStage
                0x00001dd4        0xc .\ARM_GCC_493\Debug\ADC_SingleEndedMode02.a(USBUART_drv.o)
                0x00001dd4                USBUART_ControlReadDataStage
 .text.USBUART_ControlReadStatusStage
                0x00001de0       0x40 .\ARM_GCC_493\Debug\ADC_SingleEndedMode02.a(USBUART_drv.o)
                0x00001de0                USBUART_ControlReadStatusStage
 .text.USBUART_InitControlWrite
                0x00001e20       0x64 .\ARM_GCC_493\Debug\ADC_SingleEndedMode02.a(USBUART_drv.o)
                0x00001e20                USBUART_InitControlWrite
 .text.USBUART_ControlWriteDataStage
                0x00001e84       0xb4 .\ARM_GCC_493\Debug\ADC_SingleEndedMode02.a(USBUART_drv.o)
                0x00001e84                USBUART_ControlWriteDataStage
 .text.USBUART_ControlWriteStatusStage
                0x00001f38       0x20 .\ARM_GCC_493\Debug\ADC_SingleEndedMode02.a(USBUART_drv.o)
                0x00001f38                USBUART_ControlWriteStatusStage
 .text.USBUART_InitNoDataControlTransfer
                0x00001f58       0x38 .\ARM_GCC_493\Debug\ADC_SingleEndedMode02.a(USBUART_drv.o)
                0x00001f58                USBUART_InitNoDataControlTransfer
 .text.USBUART_NoDataControlStatusStage
                0x00001f90       0x48 .\ARM_GCC_493\Debug\ADC_SingleEndedMode02.a(USBUART_drv.o)
                0x00001f90                USBUART_NoDataControlStatusStage
 .text.USBUART_UpdateStatusBlock
                0x00001fd8       0x40 .\ARM_GCC_493\Debug\ADC_SingleEndedMode02.a(USBUART_drv.o)
                0x00001fd8                USBUART_UpdateStatusBlock
 .text.USBUART_InitializeStatusBlock
                0x00002018       0x34 .\ARM_GCC_493\Debug\ADC_SingleEndedMode02.a(USBUART_drv.o)
                0x00002018                USBUART_InitializeStatusBlock
 .text.USBUART_EP_3_ISR
                0x0000204c       0x54 .\ARM_GCC_493\Debug\ADC_SingleEndedMode02.a(USBUART_episr.o)
                0x0000204c                USBUART_EP_3_ISR
 .text.USBUART_EP_4_ISR
                0x000020a0       0x54 .\ARM_GCC_493\Debug\ADC_SingleEndedMode02.a(USBUART_episr.o)
                0x000020a0                USBUART_EP_4_ISR
 .text.USBUART_SOF_ISR
                0x000020f4        0xc .\ARM_GCC_493\Debug\ADC_SingleEndedMode02.a(USBUART_episr.o)
                0x000020f4                USBUART_SOF_ISR
 .text.USBUART_BUS_RESET_ISR
                0x00002100        0xc .\ARM_GCC_493\Debug\ADC_SingleEndedMode02.a(USBUART_episr.o)
                0x00002100                USBUART_BUS_RESET_ISR
 .text.USBUART_DispatchHIDClassRqst
                0x0000210c      0x1d0 .\ARM_GCC_493\Debug\ADC_SingleEndedMode02.a(USBUART_hid.o)
                0x0000210c                USBUART_DispatchHIDClassRqst
 .text.USBUART_FindHidClassDecriptor
                0x000022dc       0x7c .\ARM_GCC_493\Debug\ADC_SingleEndedMode02.a(USBUART_hid.o)
                0x000022dc                USBUART_FindHidClassDecriptor
 .text.USBUART_FindReportDescriptor
                0x00002358       0x90 .\ARM_GCC_493\Debug\ADC_SingleEndedMode02.a(USBUART_hid.o)
                0x00002358                USBUART_FindReportDescriptor
 .text.USBUART_FindReport
                0x000023e8       0xcc .\ARM_GCC_493\Debug\ADC_SingleEndedMode02.a(USBUART_hid.o)
                0x000023e8                USBUART_FindReport
 .text.USBUART_DP_ISR
                0x000024b4        0xc .\ARM_GCC_493\Debug\ADC_SingleEndedMode02.a(USBUART_pm.o)
                0x000024b4                USBUART_DP_ISR
 .text.USBUART_HandleStandardRqst
                0x000024c0      0x48c .\ARM_GCC_493\Debug\ADC_SingleEndedMode02.a(USBUART_std.o)
                0x000024c0                USBUART_HandleStandardRqst
 .text.USBUART_ReadDieID
                0x0000294c       0xd4 .\ARM_GCC_493\Debug\ADC_SingleEndedMode02.a(USBUART_std.o)
                0x0000294c                USBUART_ReadDieID
 .text.USBUART_ConfigReg
                0x00002a20      0x11c .\ARM_GCC_493\Debug\ADC_SingleEndedMode02.a(USBUART_std.o)
                0x00002a20                USBUART_ConfigReg
 .text.USBUART_Config
                0x00002b3c      0x308 .\ARM_GCC_493\Debug\ADC_SingleEndedMode02.a(USBUART_std.o)
                0x00002b3c                USBUART_Config
 .text.USBUART_ConfigAltChanged
                0x00002e44      0x23c .\ARM_GCC_493\Debug\ADC_SingleEndedMode02.a(USBUART_std.o)
                0x00002e44                USBUART_ConfigAltChanged
 .text.USBUART_GetConfigTablePtr
                0x00003080       0x54 .\ARM_GCC_493\Debug\ADC_SingleEndedMode02.a(USBUART_std.o)
                0x00003080                USBUART_GetConfigTablePtr
 .text.USBUART_GetDeviceTablePtr
                0x000030d4       0x24 .\ARM_GCC_493\Debug\ADC_SingleEndedMode02.a(USBUART_std.o)
                0x000030d4                USBUART_GetDeviceTablePtr
 .text.USBUART_GetInterfaceClassTablePtr
                0x000030f8       0x4c .\ARM_GCC_493\Debug\ADC_SingleEndedMode02.a(USBUART_std.o)
                0x000030f8                USBUART_GetInterfaceClassTablePtr
 .text.USBUART_SetEndpointHalt
                0x00003144       0xdc .\ARM_GCC_493\Debug\ADC_SingleEndedMode02.a(USBUART_std.o)
                0x00003144                USBUART_SetEndpointHalt
 .text.USBUART_ClearEndpointHalt
                0x00003220      0x130 .\ARM_GCC_493\Debug\ADC_SingleEndedMode02.a(USBUART_std.o)
                0x00003220                USBUART_ClearEndpointHalt
 .text.USBUART_ValidateAlternateSetting
                0x00003350       0x70 .\ARM_GCC_493\Debug\ADC_SingleEndedMode02.a(USBUART_std.o)
                0x00003350                USBUART_ValidateAlternateSetting
 .text.USBUART_HandleVendorRqst
                0x000033c0       0x54 .\ARM_GCC_493\Debug\ADC_SingleEndedMode02.a(USBUART_vnd.o)
                0x000033c0                USBUART_HandleVendorRqst
 .text.USBUART_Dp_ClearInterrupt
                0x00003414       0x20 .\ARM_GCC_493\Debug\ADC_SingleEndedMode02.a(USBUART_Dp.o)
                0x00003414                USBUART_Dp_ClearInterrupt
 .text.AMuxSeq_1_Start
                0x00003434       0x14 .\ARM_GCC_493\Debug\ADC_SingleEndedMode02.a(AMuxSeq_1.o)
                0x00003434                AMuxSeq_1_Start
 .text.AMuxSeq_1_Next
                0x00003448       0x10 .\ARM_GCC_493\Debug\ADC_SingleEndedMode02.a(AMuxSeq_1.o)
                0x00003448                AMuxSeq_1_Next
 .text.AMuxSeq_1_DisconnectAll
                0x00003458       0x10 .\ARM_GCC_493\Debug\ADC_SingleEndedMode02.a(AMuxSeq_1.o)
                0x00003458                AMuxSeq_1_DisconnectAll
 .text.AMuxSeq_1_GetChannel
                0x00003468       0x18 .\ARM_GCC_493\Debug\ADC_SingleEndedMode02.a(AMuxSeq_1.o)
                0x00003468                AMuxSeq_1_GetChannel
 .text          0x00003480       0x58 .\ARM_GCC_493\Debug\ADC_SingleEndedMode02.a(CyBootAsmGnu.o)
                0x00003480                CyDelayCycles
                0x000034be                CyEnterCriticalSection
                0x000034c6                CyExitCriticalSection
 .text.USBUART_DispatchClassRqst
                0x000034d8       0x7c .\ARM_GCC_493\Debug\ADC_SingleEndedMode02.a(USBUART_cls.o)
                0x000034d8                USBUART_DispatchClassRqst
 .text.__errno  0x00003554        0xc c:/program files (x86)/cypress/psoc creator/4.0/psoc creator/import/gnu/arm/4.9.3/bin/../lib/gcc/arm-none-eabi/4.9.3/../../../../arm-none-eabi/lib/armv7-m\libg_nano.a(lib_a-errno.o)
                0x00003554                __errno
 .text.__libc_init_array
                0x00003560       0x4c c:/program files (x86)/cypress/psoc creator/4.0/psoc creator/import/gnu/arm/4.9.3/bin/../lib/gcc/arm-none-eabi/4.9.3/../../../../arm-none-eabi/lib/armv7-m\libg_nano.a(lib_a-init.o)
                0x00003560                __libc_init_array
 .text.memcpy   0x000035ac       0x16 c:/program files (x86)/cypress/psoc creator/4.0/psoc creator/import/gnu/arm/4.9.3/bin/../lib/gcc/arm-none-eabi/4.9.3/../../../../arm-none-eabi/lib/armv7-m\libg_nano.a(lib_a-memcpy.o)
                0x000035ac                memcpy
 .text.memset   0x000035c2       0x10 c:/program files (x86)/cypress/psoc creator/4.0/psoc creator/import/gnu/arm/4.9.3/bin/../lib/gcc/arm-none-eabi/4.9.3/../../../../arm-none-eabi/lib/armv7-m\libg_nano.a(lib_a-memset.o)
                0x000035c2                memset
 *(.plt)
 *(.gnu.warning)
 *(.glue_7t)
 .glue_7t       0x00000000        0x0 linker stubs
 *(.glue_7)
 .glue_7        0x00000000        0x0 linker stubs
 *(.vfp11_veneer)
 .vfp11_veneer  0x00000000        0x0 linker stubs
 *(.bootloader)
 *(.ARM.extab* .gnu.linkonce.armextab.*)
 *(.gcc_except_table)

.v4_bx          0x000035d4        0x0
 .v4_bx         0x00000000        0x0 linker stubs

.iplt           0x000035d4        0x0
 .iplt          0x00000000        0x0 c:/program files (x86)/cypress/psoc creator/4.0/psoc creator/import/gnu/arm/4.9.3/bin/../lib/gcc/arm-none-eabi/4.9.3/armv7-m/crtbegin.o

.eh_frame_hdr
 *(.eh_frame_hdr)

.eh_frame       0x000035d4        0x4
 *(.eh_frame)
 .eh_frame      0x000035d4        0x0 c:/program files (x86)/cypress/psoc creator/4.0/psoc creator/import/gnu/arm/4.9.3/bin/../lib/gcc/arm-none-eabi/4.9.3/armv7-m/crtbegin.o
 .eh_frame      0x000035d4        0x4 c:/program files (x86)/cypress/psoc creator/4.0/psoc creator/import/gnu/arm/4.9.3/bin/../lib/gcc/arm-none-eabi/4.9.3/armv7-m/crtend.o
                0x000035d8                PROVIDE (__exidx_start, .)

.ARM.exidx
 *(.ARM.exidx* .gnu.linkonce.armexidx.*)
                0x000035d8                __exidx_end = .

.rodata         0x000035d8      0x288
 *(.rodata .rodata.* .gnu.linkonce.r.*)
 .rodata        0x000035d8       0x2c .\ARM_GCC_493\Debug\ADC_SingleEndedMode02.a(cyfitter_cfg.o)
 .rodata        0x00003604       0x14 .\ARM_GCC_493\Debug\ADC_SingleEndedMode02.a(USBUART_std.o)
 .rodata        0x00003618      0x210 .\ARM_GCC_493\Debug\ADC_SingleEndedMode02.a(USBUART_descr.o)
                0x00003618                USBUART_DEVICE0_DESCR
                0x0000362c                USBUART_DEVICE0_CONFIGURATION0_DESCR
                0x00003658                USBUART_STRING_DESCRIPTORS
                0x00003720                USBUART_SN_STRING_DESCRIPTOR
                0x00003724                USBUART_HIDREPORT_DESCRIPTOR1
                0x00003750                USBUART_DEVICE0_CONFIGURATION0_INTERFACE0_ALTERNATE0_HID_IN_RPT_TABLE
                0x0000375c                USBUART_DEVICE0_CONFIGURATION0_INTERFACE0_ALTERNATE0_HID_OUT_RPT_TABLE
                0x00003768                USBUART_DEVICE0_CONFIGURATION0_INTERFACE0_ALTERNATE0_HID_TABLE
                0x00003790                USBUART_DEVICE0_CONFIGURATION0_INTERFACE0_TABLE
                0x00003798                USBUART_DEVICE0_CONFIGURATION0_EP_SETTINGS_TABLE
                0x000037a8                USBUART_DEVICE0_CONFIGURATION0_INTERFACE_CLASS
                0x000037ac                USBUART_DEVICE0_CONFIGURATION0_TABLE
                0x000037cc                USBUART_DEVICE0_TABLE
                0x000037e4                USBUART_TABLE
                0x000037ec                USBUART_MSOS_DESCRIPTOR
                0x00003800                USBUART_MSOS_CONFIGURATION_DESCR
 .rodata.str1.1
                0x00003828        0x2 c:/program files (x86)/cypress/psoc creator/4.0/psoc creator/import/gnu/arm/4.9.3/bin/../lib/gcc/arm-none-eabi/4.9.3/../../../../arm-none-eabi/lib/armv7-m\libg_nano.a(lib_a-impure.o)
                0x0000382c                . = ALIGN (0x4)
 *fill*         0x0000382a        0x2 
 *(.init)
 .init          0x0000382c        0x4 c:/program files (x86)/cypress/psoc creator/4.0/psoc creator/import/gnu/arm/4.9.3/bin/../lib/gcc/arm-none-eabi/4.9.3/armv7-m/crti.o
                0x0000382c                _init
 .init          0x00003830        0x8 c:/program files (x86)/cypress/psoc creator/4.0/psoc creator/import/gnu/arm/4.9.3/bin/../lib/gcc/arm-none-eabi/4.9.3/armv7-m/crtn.o
                0x00003838                . = ALIGN (0x4)
                0x00003838                __preinit_array_start = .
 *(.preinit_array)
                0x00003838                __preinit_array_end = .
                0x00003838                . = ALIGN (0x4)
                0x00003838                __init_array_start = .
 *(SORT(.init_array.*))
 *(.init_array)
 .init_array    0x00003838        0x4 c:/program files (x86)/cypress/psoc creator/4.0/psoc creator/import/gnu/arm/4.9.3/bin/../lib/gcc/arm-none-eabi/4.9.3/armv7-m/crtbegin.o
 .init_array    0x0000383c        0x4 .\ARM_GCC_493\Debug\Cm3Start.o
                0x00003840                __init_array_end = .
                0x00003840                . = ALIGN (0x4)
 *(.fini)
 .fini          0x00003840        0x4 c:/program files (x86)/cypress/psoc creator/4.0/psoc creator/import/gnu/arm/4.9.3/bin/../lib/gcc/arm-none-eabi/4.9.3/armv7-m/crti.o
                0x00003840                _fini
 .fini          0x00003844        0x8 c:/program files (x86)/cypress/psoc creator/4.0/psoc creator/import/gnu/arm/4.9.3/bin/../lib/gcc/arm-none-eabi/4.9.3/armv7-m/crtn.o
                0x0000384c                . = ALIGN (0x4)
                0x0000384c                __fini_array_start = .
 *(.fini_array)
 .fini_array    0x0000384c        0x4 c:/program files (x86)/cypress/psoc creator/4.0/psoc creator/import/gnu/arm/4.9.3/bin/../lib/gcc/arm-none-eabi/4.9.3/armv7-m/crtbegin.o
 *(SORT(.fini_array.*))
                0x00003850                __fini_array_end = .
                0x00003850                . = ALIGN (0x4)
 *crtbegin.o(.ctors)
 *(EXCLUDE_FILE(*crtend.o) .ctors)
 *(SORT(.ctors.*))
 *crtend.o(.ctors)
                0x00003850                . = ALIGN (0x4)
 *crtbegin.o(.dtors)
 *(EXCLUDE_FILE(*crtend.o) .dtors)
 *(SORT(.dtors.*))
 *crtend.o(.dtors)
                0x00003850                . = ALIGN (0x4)
                0x00003850                __cy_regions = .
                0x00003850        0x4 LONG 0x3860 __cy_region_init_ram
                0x00003854        0x4 LONG 0x1fff8108 __cy_region_start_data
                0x00003858        0x4 LONG 0x80 __cy_region_init_size_ram
                0x0000385c        0x4 LONG 0x1e8 __cy_region_zero_size_ram
                0x00003860                __cy_regions_end = .
                0x00003860                . = ALIGN (0x8)
                0x00003860                _etext = .

.cy_checksum_exclude
                0x00003860        0x0
 *(.cy_checksum_exclude)

.ramvectors     0x1fff8000      0x100
                0x1fff8000                __cy_region_start_ram = .
 *(.ramvectors)
 .ramvectors    0x1fff8000      0x100 .\ARM_GCC_493\Debug\Cm3Start.o
                0x1fff8000                CyRamVectors

.noinit         0x1fff8100        0x5
 *(.noinit)
 .noinit        0x1fff8100        0x4 .\ARM_GCC_493\Debug\Cm3Start.o
 .noinit        0x1fff8104        0x1 .\ARM_GCC_493\Debug\ADC_SingleEndedMode02.a(CyLib.o)
                0x1fff8104                CyResetStatus

.data           0x1fff8108       0x80 load address 0x00003860
                0x1fff8108                __cy_region_start_data = .
 *(.jcr)
 .jcr           0x1fff8108        0x0 c:/program files (x86)/cypress/psoc creator/4.0/psoc creator/import/gnu/arm/4.9.3/bin/../lib/gcc/arm-none-eabi/4.9.3/armv7-m/crtbegin.o
 .jcr           0x1fff8108        0x4 c:/program files (x86)/cypress/psoc creator/4.0/psoc creator/import/gnu/arm/4.9.3/bin/../lib/gcc/arm-none-eabi/4.9.3/armv7-m/crtend.o
 *(.got.plt)
 *(.got)
 *(.shdata)
 *(.data .data.* .gnu.linkonce.d.*)
 .data          0x1fff810c        0x2 .\ARM_GCC_493\Debug\ADC_SingleEndedMode02.a(cyfitter_cfg.o)
                0x1fff810c                AMuxSeq_1_CYAMUXSIDE_A_curChannel
                0x1fff810d                AMuxSeq_1_CYAMUXSIDE_B_curChannel
 .data          0x1fff810e        0x1 .\ARM_GCC_493\Debug\ADC_SingleEndedMode02.a(ADC_DelSig_1.o)
                0x1fff810e                ADC_DelSig_1_Config
 *fill*         0x1fff810f        0x1 
 .data          0x1fff8110       0x10 .\ARM_GCC_493\Debug\ADC_SingleEndedMode02.a(CyLib.o)
                0x1fff8110                cydelay_freq_hz
                0x1fff8114                cydelay_freq_khz
                0x1fff8118                cydelay_freq_mhz
                0x1fff811c                cydelay_32k_ms
 .data.impure_data
                0x1fff8120       0x60 c:/program files (x86)/cypress/psoc creator/4.0/psoc creator/import/gnu/arm/4.9.3/bin/../lib/gcc/arm-none-eabi/4.9.3/../../../../arm-none-eabi/lib/armv7-m\libg_nano.a(lib_a-impure.o)
 .data._impure_ptr
                0x1fff8180        0x4 c:/program files (x86)/cypress/psoc creator/4.0/psoc creator/import/gnu/arm/4.9.3/bin/../lib/gcc/arm-none-eabi/4.9.3/../../../../arm-none-eabi/lib/armv7-m\libg_nano.a(lib_a-impure.o)
                0x1fff8180                _impure_ptr
                0x1fff8188                . = ALIGN (0x8)
 *fill*         0x1fff8184        0x4 
 *(.ram)
                0x1fff8188                _edata = .

.igot.plt       0x1fff8188        0x0 load address 0x000038e0
 .igot.plt      0x00000000        0x0 c:/program files (x86)/cypress/psoc creator/4.0/psoc creator/import/gnu/arm/4.9.3/bin/../lib/gcc/arm-none-eabi/4.9.3/armv7-m/crtbegin.o

.bss            0x1fff8188      0x1e8 load address 0x000038e0
                0x1fff8188                PROVIDE (__bss_start__, .)
 *(.shbss)
 *(.bss .bss.* .gnu.linkonce.b.*)
 .bss           0x1fff8188       0x1c c:/program files (x86)/cypress/psoc creator/4.0/psoc creator/import/gnu/arm/4.9.3/bin/../lib/gcc/arm-none-eabi/4.9.3/armv7-m/crtbegin.o
 .bss           0x1fff81a4       0x4c .\ARM_GCC_493\Debug\main.o
 .bss           0x1fff81f0        0x8 .\ARM_GCC_493\Debug\ADC_SingleEndedMode02.a(ADC_DelSig_1.o)
                0x1fff81f0                ADC_DelSig_1_convDone
                0x1fff81f1                ADC_DelSig_1_stopConversion
                0x1fff81f2                ADC_DelSig_1_initVar
                0x1fff81f3                ADC_DelSig_1_started
 .bss           0x1fff81f8        0x1 .\ARM_GCC_493\Debug\ADC_SingleEndedMode02.a(USBUART.o)
                0x1fff81f8                USBUART_initVar
 *fill*         0x1fff81f9        0x3 
 .bss           0x1fff81fc        0x4 .\ARM_GCC_493\Debug\ADC_SingleEndedMode02.a(USBUART_std.o)
 .bss           0x1fff8200        0x1 .\ARM_GCC_493\Debug\ADC_SingleEndedMode02.a(AMuxSeq_1.o)
                0x1fff8200                AMuxSeq_1_initVar
 *(COMMON)
 *fill*         0x1fff8201        0x3 
 COMMON         0x1fff8204        0x4 .\ARM_GCC_493\Debug\main.o
                0x1fff8204                conv
 COMMON         0x1fff8208        0x8 .\ARM_GCC_493\Debug\ADC_SingleEndedMode02.a(ADC_DelSig_1.o)
                0x1fff8208                ADC_DelSig_1_CountsPerVolt
                0x1fff820c                ADC_DelSig_1_Offset
 COMMON         0x1fff8210       0x99 .\ARM_GCC_493\Debug\ADC_SingleEndedMode02.a(USBUART_drv.o)
                0x1fff8210                USBUART_lastPacketSize
                0x1fff8211                USBUART_device
                0x1fff8212                USBUART_transferByteCount
                0x1fff8214                USBUART_transferState
                0x1fff8218                USBUART_interfaceSettingLast
                0x1fff821c                USBUART_currentTD
                0x1fff8228                USBUART_interfaceNumber
                0x1fff822c                USBUART_interfaceClass
                0x1fff8230                USBUART_configurationChanged
                0x1fff8231                USBUART_ep0Mode
                0x1fff8232                USBUART_deviceAddress
                0x1fff8233                USBUART_configuration
                0x1fff8234                USBUART_ep0Count
                0x1fff8235                USBUART_deviceStatus
                0x1fff8238                USBUART_EP
                0x1fff82a4                USBUART_interfaceSetting
                0x1fff82a5                USBUART_ep0Toggle
                0x1fff82a8                USBUART_interfaceStatus
 *fill*         0x1fff82a9        0x3 
 COMMON         0x1fff82ac        0x9 .\ARM_GCC_493\Debug\ADC_SingleEndedMode02.a(USBUART_hid.o)
                0x1fff82ac                USBUART_hidProtocol
                0x1fff82b0                USBUART_hidIdleTimer
                0x1fff82b4                USBUART_hidIdleRate
 *fill*         0x1fff82b5        0x3 
 COMMON         0x1fff82b8       0xb1 .\ARM_GCC_493\Debug\ADC_SingleEndedMode02.a(USBUART_descr.o)
                0x1fff82b8                USBUART_DEVICE0_CONFIGURATION0_INTERFACE0_ALTERNATE0_HID_OUT_RPT_SCB
                0x1fff82bc                USBUART_DEVICE0_CONFIGURATION0_INTERFACE0_ALTERNATE0_HID_IN_BUF
                0x1fff8300                USBUART_idSerialNumberStringDescriptor
                0x1fff8324                USBUART_DEVICE0_CONFIGURATION0_INTERFACE0_ALTERNATE0_HID_IN_RPT_SCB
                0x1fff8328                USBUART_DEVICE0_CONFIGURATION0_INTERFACE0_ALTERNATE0_HID_OUT_BUF
                0x1fff8370                . = ALIGN (0x8)
 *fill*         0x1fff8369        0x7 
 *(.ram.b)
                0x1fff8370                _end = .
                0x1fff8370                __end = .
                0x1fff8370                PROVIDE (end, .)
                0x1fff8370                PROVIDE (__bss_end__, .)
                0x00003860                __cy_region_init_ram = LOADADDR (.data)
                0x00000080                __cy_region_init_size_ram = (_edata - ADDR (.data))
                0x000001e8                __cy_region_zero_size_ram = (_end - _edata)

.heap           0x1fff8370       0x80 load address 0x000038e0
                0x1fff8370                . = _end
                0x1fff83f0                . = (. + 0x80)
 *fill*         0x1fff8370       0x80 
                0x1fff83f0                __cy_heap_limit = .

.stack          0x20007800      0x800
                0x20007800                __cy_stack_limit = .
                0x20008000                . = (. + 0x800)
 *fill*         0x20007800      0x800 
                0x00000001                ASSERT ((__cy_stack_limit >= __cy_heap_limit), region RAM overflowed with stack)
                0x00000000                cy_checksum_exclude_size = (CY_APPL_LOADABLE == 0x1)?SIZEOF (.cy_checksum_exclude):0x0
                0x00000001                ASSERT ((cy_checksum_exclude_size <= CY_CHECKSUM_EXCLUDE_SIZE), CY_BOOT: Section .cy_checksum_exclude size exceedes specified limit.)

.cyloadermeta
 *(.cyloadermeta)

.cyloadablemeta
 *(.cyloadablemeta)

.cyconfigecc    0x80000000       0xe0
 *(.cyconfigecc)
 .cyconfigecc   0x80000000       0xe0 .\ARM_GCC_493\Debug\cymetadata.o
                0x80000000                cy_meta_configecc

.cycustnvl      0x90000000        0x4
 *(.cycustnvl)
 .cycustnvl     0x90000000        0x4 .\ARM_GCC_493\Debug\cymetadata.o
                0x90000000                cy_meta_custnvl

.cywolatch      0x90100000        0x4
 *(.cywolatch)
 .cywolatch     0x90100000        0x4 .\ARM_GCC_493\Debug\cymetadata.o
                0x90100000                cy_meta_wonvl

.cyeeprom       0x90200000        0x0
 *(.cyeeprom)
                0x00000001                ASSERT ((. <= ((0x90200000 + ee_offset) + ee_size)), .cyeeprom data will not fit in EEPROM)

.cyflashprotect
                0x90400000      0x100
 *(.cyflashprotect)
 .cyflashprotect
                0x90400000      0x100 .\ARM_GCC_493\Debug\cymetadata.o
                0x90400000                cy_meta_flashprotect

.cymeta         0x90500000        0xc
 *(.cymeta)
 .cymeta        0x90500000        0xc .\ARM_GCC_493\Debug\cymetadata.o
                0x90500000                cy_metadata

.rel.dyn        0x000038e0        0x0 load address 0x9050000c
 .rel.iplt      0x00000000        0x0 c:/program files (x86)/cypress/psoc creator/4.0/psoc creator/import/gnu/arm/4.9.3/bin/../lib/gcc/arm-none-eabi/4.9.3/armv7-m/crtbegin.o

.stab
 *(.stab)

.stabstr
 *(.stabstr)

.debug
 *(.debug)

.line
 *(.line)

.debug_srcinfo
 *(.debug_srcinfo)

.debug_sfnames
 *(.debug_sfnames)

.debug_aranges  0x00000000      0xae8
 *(.debug_aranges)
 .debug_aranges
                0x00000000       0x20 .\ARM_GCC_493\Debug\main.o
 .debug_aranges
                0x00000020       0x18 .\ARM_GCC_493\Debug\cymetadata.o
 .debug_aranges
                0x00000038       0x48 .\ARM_GCC_493\Debug\Cm3Start.o
 .debug_aranges
                0x00000080       0x80 .\ARM_GCC_493\Debug\ADC_SingleEndedMode02.a(cyfitter_cfg.o)
 .debug_aranges
                0x00000100       0xe8 .\ARM_GCC_493\Debug\ADC_SingleEndedMode02.a(ADC_DelSig_1.o)
 .debug_aranges
                0x000001e8       0x38 .\ARM_GCC_493\Debug\ADC_SingleEndedMode02.a(ADC_DelSig_1_INT.o)
 .debug_aranges
                0x00000220       0x70 .\ARM_GCC_493\Debug\ADC_SingleEndedMode02.a(ADC_DelSig_1_Ext_CP_Clk.o)
 .debug_aranges
                0x00000290       0x80 .\ARM_GCC_493\Debug\ADC_SingleEndedMode02.a(ADC_DelSig_1_theACLK.o)
 .debug_aranges
                0x00000310      0x2a0 .\ARM_GCC_493\Debug\ADC_SingleEndedMode02.a(CyLib.o)
 .debug_aranges
                0x000005b0       0x98 .\ARM_GCC_493\Debug\ADC_SingleEndedMode02.a(cyPm.o)
 .debug_aranges
                0x00000648       0xc8 .\ARM_GCC_493\Debug\ADC_SingleEndedMode02.a(USBUART.o)
 .debug_aranges
                0x00000710       0x98 .\ARM_GCC_493\Debug\ADC_SingleEndedMode02.a(USBUART_drv.o)
 .debug_aranges
                0x000007a8       0x38 .\ARM_GCC_493\Debug\ADC_SingleEndedMode02.a(USBUART_episr.o)
 .debug_aranges
                0x000007e0       0x48 .\ARM_GCC_493\Debug\ADC_SingleEndedMode02.a(USBUART_hid.o)
 .debug_aranges
                0x00000828       0x40 .\ARM_GCC_493\Debug\ADC_SingleEndedMode02.a(USBUART_pm.o)
 .debug_aranges
                0x00000868       0x80 .\ARM_GCC_493\Debug\ADC_SingleEndedMode02.a(USBUART_std.o)
 .debug_aranges
                0x000008e8       0x20 .\ARM_GCC_493\Debug\ADC_SingleEndedMode02.a(USBUART_vnd.o)
 .debug_aranges
                0x00000908       0x48 .\ARM_GCC_493\Debug\ADC_SingleEndedMode02.a(USBUART_Dp.o)
 .debug_aranges
                0x00000950       0x48 .\ARM_GCC_493\Debug\ADC_SingleEndedMode02.a(AMuxSeq_1.o)
 .debug_aranges
                0x00000998       0x20 .\ARM_GCC_493\Debug\ADC_SingleEndedMode02.a(CyBootAsmGnu.o)
 .debug_aranges
                0x000009b8       0x80 .\ARM_GCC_493\Debug\ADC_SingleEndedMode02.a(CyFlash.o)
 .debug_aranges
                0x00000a38       0x78 .\ARM_GCC_493\Debug\ADC_SingleEndedMode02.a(CySpc.o)
 .debug_aranges
                0x00000ab0       0x20 .\ARM_GCC_493\Debug\ADC_SingleEndedMode02.a(USBUART_cls.o)
 .debug_aranges
                0x00000ad0       0x18 .\ARM_GCC_493\Debug\ADC_SingleEndedMode02.a(USBUART_descr.o)

.debug_pubnames
 *(.debug_pubnames)

.debug_info     0x00000000     0x5a37
 *(.debug_info .gnu.linkonce.wi.*)
 .debug_info    0x00000000      0x1f1 .\ARM_GCC_493\Debug\main.o
 .debug_info    0x000001f1      0x13a .\ARM_GCC_493\Debug\cymetadata.o
 .debug_info    0x0000032b      0x319 .\ARM_GCC_493\Debug\Cm3Start.o
 .debug_info    0x00000644      0x40f .\ARM_GCC_493\Debug\ADC_SingleEndedMode02.a(cyfitter_cfg.o)
 .debug_info    0x00000a53      0x725 .\ARM_GCC_493\Debug\ADC_SingleEndedMode02.a(ADC_DelSig_1.o)
 .debug_info    0x00001178       0xcc .\ARM_GCC_493\Debug\ADC_SingleEndedMode02.a(ADC_DelSig_1_INT.o)
 .debug_info    0x00001244      0x25d .\ARM_GCC_493\Debug\ADC_SingleEndedMode02.a(ADC_DelSig_1_Ext_CP_Clk.o)
 .debug_info    0x000014a1      0x299 .\ARM_GCC_493\Debug\ADC_SingleEndedMode02.a(ADC_DelSig_1_theACLK.o)
 .debug_info    0x0000173a      0xe4a .\ARM_GCC_493\Debug\ADC_SingleEndedMode02.a(CyLib.o)
 .debug_info    0x00002584      0x561 .\ARM_GCC_493\Debug\ADC_SingleEndedMode02.a(cyPm.o)
 .debug_info    0x00002ae5      0x73b .\ARM_GCC_493\Debug\ADC_SingleEndedMode02.a(USBUART.o)
 .debug_info    0x00003220      0x521 .\ARM_GCC_493\Debug\ADC_SingleEndedMode02.a(USBUART_drv.o)
 .debug_info    0x00003741      0x21f .\ARM_GCC_493\Debug\ADC_SingleEndedMode02.a(USBUART_episr.o)
 .debug_info    0x00003960      0x374 .\ARM_GCC_493\Debug\ADC_SingleEndedMode02.a(USBUART_hid.o)
 .debug_info    0x00003cd4      0x186 .\ARM_GCC_493\Debug\ADC_SingleEndedMode02.a(USBUART_pm.o)
 .debug_info    0x00003e5a      0x947 .\ARM_GCC_493\Debug\ADC_SingleEndedMode02.a(USBUART_std.o)
 .debug_info    0x000047a1      0x19d .\ARM_GCC_493\Debug\ADC_SingleEndedMode02.a(USBUART_vnd.o)
 .debug_info    0x0000493e      0x171 .\ARM_GCC_493\Debug\ADC_SingleEndedMode02.a(USBUART_Dp.o)
 .debug_info    0x00004aaf      0x11f .\ARM_GCC_493\Debug\ADC_SingleEndedMode02.a(AMuxSeq_1.o)
 .debug_info    0x00004bce       0xa8 .\ARM_GCC_493\Debug\ADC_SingleEndedMode02.a(CyBootAsmGnu.o)
 .debug_info    0x00004c76      0x36a .\ARM_GCC_493\Debug\ADC_SingleEndedMode02.a(CyFlash.o)
 .debug_info    0x00004fe0      0x453 .\ARM_GCC_493\Debug\ADC_SingleEndedMode02.a(CySpc.o)
 .debug_info    0x00005433      0x1bc .\ARM_GCC_493\Debug\ADC_SingleEndedMode02.a(USBUART_cls.o)
 .debug_info    0x000055ef      0x448 .\ARM_GCC_493\Debug\ADC_SingleEndedMode02.a(USBUART_descr.o)

.debug_abbrev   0x00000000     0x1a99
 *(.debug_abbrev)
 .debug_abbrev  0x00000000       0xd8 .\ARM_GCC_493\Debug\main.o
 .debug_abbrev  0x000000d8       0x5d .\ARM_GCC_493\Debug\cymetadata.o
 .debug_abbrev  0x00000135      0x1b6 .\ARM_GCC_493\Debug\Cm3Start.o
 .debug_abbrev  0x000002eb      0x1c8 .\ARM_GCC_493\Debug\ADC_SingleEndedMode02.a(cyfitter_cfg.o)
 .debug_abbrev  0x000004b3      0x19d .\ARM_GCC_493\Debug\ADC_SingleEndedMode02.a(ADC_DelSig_1.o)
 .debug_abbrev  0x00000650       0x42 .\ARM_GCC_493\Debug\ADC_SingleEndedMode02.a(ADC_DelSig_1_INT.o)
 .debug_abbrev  0x00000692      0x11d .\ARM_GCC_493\Debug\ADC_SingleEndedMode02.a(ADC_DelSig_1_Ext_CP_Clk.o)
 .debug_abbrev  0x000007af      0x11d .\ARM_GCC_493\Debug\ADC_SingleEndedMode02.a(ADC_DelSig_1_theACLK.o)
 .debug_abbrev  0x000008cc      0x217 .\ARM_GCC_493\Debug\ADC_SingleEndedMode02.a(CyLib.o)
 .debug_abbrev  0x00000ae3      0x161 .\ARM_GCC_493\Debug\ADC_SingleEndedMode02.a(cyPm.o)
 .debug_abbrev  0x00000c44      0x1f3 .\ARM_GCC_493\Debug\ADC_SingleEndedMode02.a(USBUART.o)
 .debug_abbrev  0x00000e37      0x161 .\ARM_GCC_493\Debug\ADC_SingleEndedMode02.a(USBUART_drv.o)
 .debug_abbrev  0x00000f98       0xfd .\ARM_GCC_493\Debug\ADC_SingleEndedMode02.a(USBUART_episr.o)
 .debug_abbrev  0x00001095      0x15e .\ARM_GCC_493\Debug\ADC_SingleEndedMode02.a(USBUART_hid.o)
 .debug_abbrev  0x000011f3       0xd1 .\ARM_GCC_493\Debug\ADC_SingleEndedMode02.a(USBUART_pm.o)
 .debug_abbrev  0x000012c4      0x1b9 .\ARM_GCC_493\Debug\ADC_SingleEndedMode02.a(USBUART_std.o)
 .debug_abbrev  0x0000147d       0xc5 .\ARM_GCC_493\Debug\ADC_SingleEndedMode02.a(USBUART_vnd.o)
 .debug_abbrev  0x00001542       0x90 .\ARM_GCC_493\Debug\ADC_SingleEndedMode02.a(USBUART_Dp.o)
 .debug_abbrev  0x000015d2       0x8b .\ARM_GCC_493\Debug\ADC_SingleEndedMode02.a(AMuxSeq_1.o)
 .debug_abbrev  0x0000165d       0x14 .\ARM_GCC_493\Debug\ADC_SingleEndedMode02.a(CyBootAsmGnu.o)
 .debug_abbrev  0x00001671      0x13c .\ARM_GCC_493\Debug\ADC_SingleEndedMode02.a(CyFlash.o)
 .debug_abbrev  0x000017ad      0x16c .\ARM_GCC_493\Debug\ADC_SingleEndedMode02.a(CySpc.o)
 .debug_abbrev  0x00001919       0xc5 .\ARM_GCC_493\Debug\ADC_SingleEndedMode02.a(USBUART_cls.o)
 .debug_abbrev  0x000019de       0xbb .\ARM_GCC_493\Debug\ADC_SingleEndedMode02.a(USBUART_descr.o)

.debug_line     0x00000000     0x2dfc
 *(.debug_line)
 .debug_line    0x00000000      0x17e .\ARM_GCC_493\Debug\main.o
 .debug_line    0x0000017e       0x51 .\ARM_GCC_493\Debug\cymetadata.o
 .debug_line    0x000001cf      0x1dc .\ARM_GCC_493\Debug\Cm3Start.o
 .debug_line    0x000003ab      0x265 .\ARM_GCC_493\Debug\ADC_SingleEndedMode02.a(cyfitter_cfg.o)
 .debug_line    0x00000610      0x367 .\ARM_GCC_493\Debug\ADC_SingleEndedMode02.a(ADC_DelSig_1.o)
 .debug_line    0x00000977       0x95 .\ARM_GCC_493\Debug\ADC_SingleEndedMode02.a(ADC_DelSig_1_INT.o)
 .debug_line    0x00000a0c      0x1b2 .\ARM_GCC_493\Debug\ADC_SingleEndedMode02.a(ADC_DelSig_1_Ext_CP_Clk.o)
 .debug_line    0x00000bbe      0x1d3 .\ARM_GCC_493\Debug\ADC_SingleEndedMode02.a(ADC_DelSig_1_theACLK.o)
 .debug_line    0x00000d91      0x882 .\ARM_GCC_493\Debug\ADC_SingleEndedMode02.a(CyLib.o)
 .debug_line    0x00001613      0x37f .\ARM_GCC_493\Debug\ADC_SingleEndedMode02.a(cyPm.o)
 .debug_line    0x00001992      0x327 .\ARM_GCC_493\Debug\ADC_SingleEndedMode02.a(USBUART.o)
 .debug_line    0x00001cb9      0x21a .\ARM_GCC_493\Debug\ADC_SingleEndedMode02.a(USBUART_drv.o)
 .debug_line    0x00001ed3       0xd5 .\ARM_GCC_493\Debug\ADC_SingleEndedMode02.a(USBUART_episr.o)
 .debug_line    0x00001fa8      0x17e .\ARM_GCC_493\Debug\ADC_SingleEndedMode02.a(USBUART_hid.o)
 .debug_line    0x00002126       0xe6 .\ARM_GCC_493\Debug\ADC_SingleEndedMode02.a(USBUART_pm.o)
 .debug_line    0x0000220c      0x449 .\ARM_GCC_493\Debug\ADC_SingleEndedMode02.a(USBUART_std.o)
 .debug_line    0x00002655       0x8f .\ARM_GCC_493\Debug\ADC_SingleEndedMode02.a(USBUART_vnd.o)
 .debug_line    0x000026e4       0xbe .\ARM_GCC_493\Debug\ADC_SingleEndedMode02.a(USBUART_Dp.o)
 .debug_line    0x000027a2       0xcf .\ARM_GCC_493\Debug\ADC_SingleEndedMode02.a(AMuxSeq_1.o)
 .debug_line    0x00002871       0x7d .\ARM_GCC_493\Debug\ADC_SingleEndedMode02.a(CyBootAsmGnu.o)
 .debug_line    0x000028ee      0x205 .\ARM_GCC_493\Debug\ADC_SingleEndedMode02.a(CyFlash.o)
 .debug_line    0x00002af3      0x215 .\ARM_GCC_493\Debug\ADC_SingleEndedMode02.a(CySpc.o)
 .debug_line    0x00002d08       0x93 .\ARM_GCC_493\Debug\ADC_SingleEndedMode02.a(USBUART_cls.o)
 .debug_line    0x00002d9b       0x61 .\ARM_GCC_493\Debug\ADC_SingleEndedMode02.a(USBUART_descr.o)

.debug_frame    0x00000000     0x2ac0
 *(.debug_frame)
 .debug_frame   0x00000000       0x30 .\ARM_GCC_493\Debug\main.o
 .debug_frame   0x00000030       0xd8 .\ARM_GCC_493\Debug\Cm3Start.o
 .debug_frame   0x00000108      0x1fc .\ARM_GCC_493\Debug\ADC_SingleEndedMode02.a(cyfitter_cfg.o)
 .debug_frame   0x00000304      0x40c .\ARM_GCC_493\Debug\ADC_SingleEndedMode02.a(ADC_DelSig_1.o)
 .debug_frame   0x00000710       0xa0 .\ARM_GCC_493\Debug\ADC_SingleEndedMode02.a(ADC_DelSig_1_INT.o)
 .debug_frame   0x000007b0      0x1b4 .\ARM_GCC_493\Debug\ADC_SingleEndedMode02.a(ADC_DelSig_1_Ext_CP_Clk.o)
 .debug_frame   0x00000964      0x200 .\ARM_GCC_493\Debug\ADC_SingleEndedMode02.a(ADC_DelSig_1_theACLK.o)
 .debug_frame   0x00000b64      0xc0c .\ARM_GCC_493\Debug\ADC_SingleEndedMode02.a(CyLib.o)
 .debug_frame   0x00001770      0x234 .\ARM_GCC_493\Debug\ADC_SingleEndedMode02.a(cyPm.o)
 .debug_frame   0x000019a4      0x380 .\ARM_GCC_493\Debug\ADC_SingleEndedMode02.a(USBUART.o)
 .debug_frame   0x00001d24      0x23c .\ARM_GCC_493\Debug\ADC_SingleEndedMode02.a(USBUART_drv.o)
 .debug_frame   0x00001f60       0x98 .\ARM_GCC_493\Debug\ADC_SingleEndedMode02.a(USBUART_episr.o)
 .debug_frame   0x00001ff8      0x100 .\ARM_GCC_493\Debug\ADC_SingleEndedMode02.a(USBUART_hid.o)
 .debug_frame   0x000020f8       0xbc .\ARM_GCC_493\Debug\ADC_SingleEndedMode02.a(USBUART_pm.o)
 .debug_frame   0x000021b4      0x224 .\ARM_GCC_493\Debug\ADC_SingleEndedMode02.a(USBUART_std.o)
 .debug_frame   0x000023d8       0x38 .\ARM_GCC_493\Debug\ADC_SingleEndedMode02.a(USBUART_vnd.o)
 .debug_frame   0x00002410       0xf4 .\ARM_GCC_493\Debug\ADC_SingleEndedMode02.a(USBUART_Dp.o)
 .debug_frame   0x00002504       0xc0 .\ARM_GCC_493\Debug\ADC_SingleEndedMode02.a(AMuxSeq_1.o)
 .debug_frame   0x000025c4      0x210 .\ARM_GCC_493\Debug\ADC_SingleEndedMode02.a(CyFlash.o)
 .debug_frame   0x000027d4      0x1f8 .\ARM_GCC_493\Debug\ADC_SingleEndedMode02.a(CySpc.o)
 .debug_frame   0x000029cc       0x38 .\ARM_GCC_493\Debug\ADC_SingleEndedMode02.a(USBUART_cls.o)
 .debug_frame   0x00002a04       0x20 c:/program files (x86)/cypress/psoc creator/4.0/psoc creator/import/gnu/arm/4.9.3/bin/../lib/gcc/arm-none-eabi/4.9.3/../../../../arm-none-eabi/lib/armv7-m\libg_nano.a(lib_a-errno.o)
 .debug_frame   0x00002a24       0x28 c:/program files (x86)/cypress/psoc creator/4.0/psoc creator/import/gnu/arm/4.9.3/bin/../lib/gcc/arm-none-eabi/4.9.3/../../../../arm-none-eabi/lib/armv7-m\libg_nano.a(lib_a-exit.o)
 .debug_frame   0x00002a4c       0x2c c:/program files (x86)/cypress/psoc creator/4.0/psoc creator/import/gnu/arm/4.9.3/bin/../lib/gcc/arm-none-eabi/4.9.3/../../../../arm-none-eabi/lib/armv7-m\libg_nano.a(lib_a-init.o)
 .debug_frame   0x00002a78       0x28 c:/program files (x86)/cypress/psoc creator/4.0/psoc creator/import/gnu/arm/4.9.3/bin/../lib/gcc/arm-none-eabi/4.9.3/../../../../arm-none-eabi/lib/armv7-m\libg_nano.a(lib_a-memcpy.o)
 .debug_frame   0x00002aa0       0x20 c:/program files (x86)/cypress/psoc creator/4.0/psoc creator/import/gnu/arm/4.9.3/bin/../lib/gcc/arm-none-eabi/4.9.3/../../../../arm-none-eabi/lib/armv7-m\libg_nano.a(lib_a-memset.o)

.debug_str      0x00000000     0x2daf
 *(.debug_str)
 .debug_str     0x00000000      0x1de .\ARM_GCC_493\Debug\main.o
                                0x22b (size before relaxing)
 .debug_str     0x000001de       0x75 .\ARM_GCC_493\Debug\cymetadata.o
                                0x202 (size before relaxing)
 .debug_str     0x00000253      0x136 .\ARM_GCC_493\Debug\Cm3Start.o
                                0x2e3 (size before relaxing)
 .debug_str     0x00000389      0x21b .\ARM_GCC_493\Debug\ADC_SingleEndedMode02.a(cyfitter_cfg.o)
                                0x3da (size before relaxing)
 .debug_str     0x000005a4      0x43e .\ARM_GCC_493\Debug\ADC_SingleEndedMode02.a(ADC_DelSig_1.o)
                                0x62f (size before relaxing)
 .debug_str     0x000009e2       0x72 .\ARM_GCC_493\Debug\ADC_SingleEndedMode02.a(ADC_DelSig_1_INT.o)
                                0x1f9 (size before relaxing)
 .debug_str     0x00000a54      0x220 .\ARM_GCC_493\Debug\ADC_SingleEndedMode02.a(ADC_DelSig_1_Ext_CP_Clk.o)
                                0x3c6 (size before relaxing)
 .debug_str     0x00000c74      0x208 .\ARM_GCC_493\Debug\ADC_SingleEndedMode02.a(ADC_DelSig_1_theACLK.o)
                                0x3f7 (size before relaxing)
 .debug_str     0x00000e7c      0x806 .\ARM_GCC_493\Debug\ADC_SingleEndedMode02.a(CyLib.o)
                                0x9f6 (size before relaxing)
 .debug_str     0x00001682      0x365 .\ARM_GCC_493\Debug\ADC_SingleEndedMode02.a(cyPm.o)
                                0x543 (size before relaxing)
 .debug_str     0x000019e7      0x42b .\ARM_GCC_493\Debug\ADC_SingleEndedMode02.a(USBUART.o)
                                0x60b (size before relaxing)
 .debug_str     0x00001e12      0x30c .\ARM_GCC_493\Debug\ADC_SingleEndedMode02.a(USBUART_drv.o)
                                0x606 (size before relaxing)
 .debug_str     0x0000211e       0x6f .\ARM_GCC_493\Debug\ADC_SingleEndedMode02.a(USBUART_episr.o)
                                0x2c2 (size before relaxing)
 .debug_str     0x0000218d      0x120 .\ARM_GCC_493\Debug\ADC_SingleEndedMode02.a(USBUART_hid.o)
                                0x3a1 (size before relaxing)
 .debug_str     0x000022ad       0xac .\ARM_GCC_493\Debug\ADC_SingleEndedMode02.a(USBUART_pm.o)
                                0x277 (size before relaxing)
 .debug_str     0x00002359      0x2d6 .\ARM_GCC_493\Debug\ADC_SingleEndedMode02.a(USBUART_std.o)
                                0x75b (size before relaxing)
 .debug_str     0x0000262f       0x5f .\ARM_GCC_493\Debug\ADC_SingleEndedMode02.a(USBUART_vnd.o)
                                0x283 (size before relaxing)
 .debug_str     0x0000268e       0xbe .\ARM_GCC_493\Debug\ADC_SingleEndedMode02.a(USBUART_Dp.o)
                                0x259 (size before relaxing)
 .debug_str     0x0000274c       0x9f .\ARM_GCC_493\Debug\ADC_SingleEndedMode02.a(AMuxSeq_1.o)
                                0x24a (size before relaxing)
 .debug_str     0x000027eb      0x13e .\ARM_GCC_493\Debug\ADC_SingleEndedMode02.a(CyFlash.o)
                                0x302 (size before relaxing)
 .debug_str     0x00002929      0x11f .\ARM_GCC_493\Debug\ADC_SingleEndedMode02.a(CySpc.o)
                                0x2ff (size before relaxing)
 .debug_str     0x00002a48       0x3f .\ARM_GCC_493\Debug\ADC_SingleEndedMode02.a(USBUART_cls.o)
                                0x29b (size before relaxing)
 .debug_str     0x00002a87      0x328 .\ARM_GCC_493\Debug\ADC_SingleEndedMode02.a(USBUART_descr.o)
                                0x612 (size before relaxing)

.debug_loc
 *(.debug_loc)

.debug_macinfo
 *(.debug_macinfo)

.debug_ranges   0x00000000      0x948
 *(.debug_ranges)
 .debug_ranges  0x00000000       0x10 .\ARM_GCC_493\Debug\main.o
 .debug_ranges  0x00000010       0x38 .\ARM_GCC_493\Debug\Cm3Start.o
 .debug_ranges  0x00000048       0x70 .\ARM_GCC_493\Debug\ADC_SingleEndedMode02.a(cyfitter_cfg.o)
 .debug_ranges  0x000000b8       0xd8 .\ARM_GCC_493\Debug\ADC_SingleEndedMode02.a(ADC_DelSig_1.o)
 .debug_ranges  0x00000190       0x28 .\ARM_GCC_493\Debug\ADC_SingleEndedMode02.a(ADC_DelSig_1_INT.o)
 .debug_ranges  0x000001b8       0x60 .\ARM_GCC_493\Debug\ADC_SingleEndedMode02.a(ADC_DelSig_1_Ext_CP_Clk.o)
 .debug_ranges  0x00000218       0x70 .\ARM_GCC_493\Debug\ADC_SingleEndedMode02.a(ADC_DelSig_1_theACLK.o)
 .debug_ranges  0x00000288      0x290 .\ARM_GCC_493\Debug\ADC_SingleEndedMode02.a(CyLib.o)
 .debug_ranges  0x00000518       0x88 .\ARM_GCC_493\Debug\ADC_SingleEndedMode02.a(cyPm.o)
 .debug_ranges  0x000005a0       0xb8 .\ARM_GCC_493\Debug\ADC_SingleEndedMode02.a(USBUART.o)
 .debug_ranges  0x00000658       0x88 .\ARM_GCC_493\Debug\ADC_SingleEndedMode02.a(USBUART_drv.o)
 .debug_ranges  0x000006e0       0x28 .\ARM_GCC_493\Debug\ADC_SingleEndedMode02.a(USBUART_episr.o)
 .debug_ranges  0x00000708       0x38 .\ARM_GCC_493\Debug\ADC_SingleEndedMode02.a(USBUART_hid.o)
 .debug_ranges  0x00000740       0x30 .\ARM_GCC_493\Debug\ADC_SingleEndedMode02.a(USBUART_pm.o)
 .debug_ranges  0x00000770       0x70 .\ARM_GCC_493\Debug\ADC_SingleEndedMode02.a(USBUART_std.o)
 .debug_ranges  0x000007e0       0x10 .\ARM_GCC_493\Debug\ADC_SingleEndedMode02.a(USBUART_vnd.o)
 .debug_ranges  0x000007f0       0x38 .\ARM_GCC_493\Debug\ADC_SingleEndedMode02.a(USBUART_Dp.o)
 .debug_ranges  0x00000828       0x38 .\ARM_GCC_493\Debug\ADC_SingleEndedMode02.a(AMuxSeq_1.o)
 .debug_ranges  0x00000860       0x70 .\ARM_GCC_493\Debug\ADC_SingleEndedMode02.a(CyFlash.o)
 .debug_ranges  0x000008d0       0x68 .\ARM_GCC_493\Debug\ADC_SingleEndedMode02.a(CySpc.o)
 .debug_ranges  0x00000938       0x10 .\ARM_GCC_493\Debug\ADC_SingleEndedMode02.a(USBUART_cls.o)

.comment        0x00000000       0x70
 .comment       0x00000000       0x70 .\ARM_GCC_493\Debug\main.o
                                 0x71 (size before relaxing)
 .comment       0x00000000       0x71 .\ARM_GCC_493\Debug\cymetadata.o
 .comment       0x00000000       0x71 .\ARM_GCC_493\Debug\Cm3Start.o
 .comment       0x00000000       0x71 .\ARM_GCC_493\Debug\ADC_SingleEndedMode02.a(cyfitter_cfg.o)
 .comment       0x00000000       0x71 .\ARM_GCC_493\Debug\ADC_SingleEndedMode02.a(ADC_DelSig_1.o)
 .comment       0x00000000       0x71 .\ARM_GCC_493\Debug\ADC_SingleEndedMode02.a(ADC_DelSig_1_INT.o)
 .comment       0x00000000       0x71 .\ARM_GCC_493\Debug\ADC_SingleEndedMode02.a(ADC_DelSig_1_Ext_CP_Clk.o)
 .comment       0x00000000       0x71 .\ARM_GCC_493\Debug\ADC_SingleEndedMode02.a(ADC_DelSig_1_theACLK.o)
 .comment       0x00000000       0x71 .\ARM_GCC_493\Debug\ADC_SingleEndedMode02.a(CyLib.o)
 .comment       0x00000000       0x71 .\ARM_GCC_493\Debug\ADC_SingleEndedMode02.a(cyPm.o)
 .comment       0x00000000       0x71 .\ARM_GCC_493\Debug\ADC_SingleEndedMode02.a(USBUART.o)
 .comment       0x00000000       0x71 .\ARM_GCC_493\Debug\ADC_SingleEndedMode02.a(USBUART_drv.o)
 .comment       0x00000000       0x71 .\ARM_GCC_493\Debug\ADC_SingleEndedMode02.a(USBUART_episr.o)
 .comment       0x00000000       0x71 .\ARM_GCC_493\Debug\ADC_SingleEndedMode02.a(USBUART_hid.o)
 .comment       0x00000000       0x71 .\ARM_GCC_493\Debug\ADC_SingleEndedMode02.a(USBUART_pm.o)
 .comment       0x00000000       0x71 .\ARM_GCC_493\Debug\ADC_SingleEndedMode02.a(USBUART_std.o)
 .comment       0x00000000       0x71 .\ARM_GCC_493\Debug\ADC_SingleEndedMode02.a(USBUART_vnd.o)
 .comment       0x00000000       0x71 .\ARM_GCC_493\Debug\ADC_SingleEndedMode02.a(USBUART_Dp.o)
 .comment       0x00000000       0x71 .\ARM_GCC_493\Debug\ADC_SingleEndedMode02.a(AMuxSeq_1.o)
 .comment       0x00000000       0x71 .\ARM_GCC_493\Debug\ADC_SingleEndedMode02.a(CyFlash.o)
 .comment       0x00000000       0x71 .\ARM_GCC_493\Debug\ADC_SingleEndedMode02.a(CySpc.o)
 .comment       0x00000000       0x71 .\ARM_GCC_493\Debug\ADC_SingleEndedMode02.a(USBUART_cls.o)
 .comment       0x00000000       0x71 .\ARM_GCC_493\Debug\ADC_SingleEndedMode02.a(USBUART_descr.o)

.debug_weaknames
 *(.debug_weaknames)

.debug_funcnames
 *(.debug_funcnames)

.debug_typenames
 *(.debug_typenames)

.debug_varnames
 *(.debug_varnames)

.note.gnu.arm.ident
 *(.note.gnu.arm.ident)

.ARM.attributes
                0x00000000       0x29
 *(.ARM.attributes)
 .ARM.attributes
                0x00000000       0x1d c:/program files (x86)/cypress/psoc creator/4.0/psoc creator/import/gnu/arm/4.9.3/bin/../lib/gcc/arm-none-eabi/4.9.3/armv7-m/crti.o
 .ARM.attributes
                0x0000001d       0x2d c:/program files (x86)/cypress/psoc creator/4.0/psoc creator/import/gnu/arm/4.9.3/bin/../lib/gcc/arm-none-eabi/4.9.3/armv7-m/crtbegin.o
 .ARM.attributes
                0x0000004a       0x1b c:/program files (x86)/cypress/psoc creator/4.0/psoc creator/import/gnu/arm/4.9.3/bin/../lib/gcc/arm-none-eabi/4.9.3/../../../../arm-none-eabi/lib/armv7-m/crt0.o
 .ARM.attributes
                0x00000065       0x33 .\ARM_GCC_493\Debug\main.o
 .ARM.attributes
                0x00000098       0x33 .\ARM_GCC_493\Debug\cymetadata.o
 .ARM.attributes
                0x000000cb       0x33 .\ARM_GCC_493\Debug\Cm3Start.o
 .ARM.attributes
                0x000000fe       0x33 .\ARM_GCC_493\Debug\ADC_SingleEndedMode02.a(cyfitter_cfg.o)
 .ARM.attributes
                0x00000131       0x33 .\ARM_GCC_493\Debug\ADC_SingleEndedMode02.a(ADC_DelSig_1.o)
 .ARM.attributes
                0x00000164       0x33 .\ARM_GCC_493\Debug\ADC_SingleEndedMode02.a(ADC_DelSig_1_INT.o)
 .ARM.attributes
                0x00000197       0x33 .\ARM_GCC_493\Debug\ADC_SingleEndedMode02.a(ADC_DelSig_1_Ext_CP_Clk.o)
 .ARM.attributes
                0x000001ca       0x33 .\ARM_GCC_493\Debug\ADC_SingleEndedMode02.a(ADC_DelSig_1_theACLK.o)
 .ARM.attributes
                0x000001fd       0x33 .\ARM_GCC_493\Debug\ADC_SingleEndedMode02.a(CyLib.o)
 .ARM.attributes
                0x00000230       0x33 .\ARM_GCC_493\Debug\ADC_SingleEndedMode02.a(cyPm.o)
 .ARM.attributes
                0x00000263       0x33 .\ARM_GCC_493\Debug\ADC_SingleEndedMode02.a(USBUART.o)
 .ARM.attributes
                0x00000296       0x33 .\ARM_GCC_493\Debug\ADC_SingleEndedMode02.a(USBUART_drv.o)
 .ARM.attributes
                0x000002c9       0x33 .\ARM_GCC_493\Debug\ADC_SingleEndedMode02.a(USBUART_episr.o)
 .ARM.attributes
                0x000002fc       0x33 .\ARM_GCC_493\Debug\ADC_SingleEndedMode02.a(USBUART_hid.o)
 .ARM.attributes
                0x0000032f       0x33 .\ARM_GCC_493\Debug\ADC_SingleEndedMode02.a(USBUART_pm.o)
 .ARM.attributes
                0x00000362       0x33 .\ARM_GCC_493\Debug\ADC_SingleEndedMode02.a(USBUART_std.o)
 .ARM.attributes
                0x00000395       0x33 .\ARM_GCC_493\Debug\ADC_SingleEndedMode02.a(USBUART_vnd.o)
 .ARM.attributes
                0x000003c8       0x33 .\ARM_GCC_493\Debug\ADC_SingleEndedMode02.a(USBUART_Dp.o)
 .ARM.attributes
                0x000003fb       0x33 .\ARM_GCC_493\Debug\ADC_SingleEndedMode02.a(AMuxSeq_1.o)
 .ARM.attributes
                0x0000042e       0x21 .\ARM_GCC_493\Debug\ADC_SingleEndedMode02.a(CyBootAsmGnu.o)
 .ARM.attributes
                0x0000044f       0x33 .\ARM_GCC_493\Debug\ADC_SingleEndedMode02.a(CyFlash.o)
 .ARM.attributes
                0x00000482       0x33 .\ARM_GCC_493\Debug\ADC_SingleEndedMode02.a(CySpc.o)
 .ARM.attributes
                0x000004b5       0x33 .\ARM_GCC_493\Debug\ADC_SingleEndedMode02.a(USBUART_cls.o)
 .ARM.attributes
                0x000004e8       0x33 .\ARM_GCC_493\Debug\ADC_SingleEndedMode02.a(USBUART_descr.o)
 .ARM.attributes
                0x0000051b       0x1d c:/program files (x86)/cypress/psoc creator/4.0/psoc creator/import/gnu/arm/4.9.3/bin/../lib/gcc/arm-none-eabi/4.9.3/armv7-m\libgcc.a(_arm_addsubdf3.o)
 .ARM.attributes
                0x00000538       0x1d c:/program files (x86)/cypress/psoc creator/4.0/psoc creator/import/gnu/arm/4.9.3/bin/../lib/gcc/arm-none-eabi/4.9.3/armv7-m\libgcc.a(_arm_cmpdf2.o)
 .ARM.attributes
                0x00000555       0x1d c:/program files (x86)/cypress/psoc creator/4.0/psoc creator/import/gnu/arm/4.9.3/bin/../lib/gcc/arm-none-eabi/4.9.3/armv7-m\libgcc.a(_arm_addsubsf3.o)
 .ARM.attributes
                0x00000572       0x1d c:/program files (x86)/cypress/psoc creator/4.0/psoc creator/import/gnu/arm/4.9.3/bin/../lib/gcc/arm-none-eabi/4.9.3/armv7-m\libgcc.a(_arm_muldivsf3.o)
 .ARM.attributes
                0x0000058f       0x1d c:/program files (x86)/cypress/psoc creator/4.0/psoc creator/import/gnu/arm/4.9.3/bin/../lib/gcc/arm-none-eabi/4.9.3/armv7-m\libgcc.a(_arm_fixunssfsi.o)
 .ARM.attributes
                0x000005ac       0x2d c:/program files (x86)/cypress/psoc creator/4.0/psoc creator/import/gnu/arm/4.9.3/bin/../lib/gcc/arm-none-eabi/4.9.3/../../../../arm-none-eabi/lib/armv7-m\libg_nano.a(lib_a-errno.o)
 .ARM.attributes
                0x000005d9       0x2d c:/program files (x86)/cypress/psoc creator/4.0/psoc creator/import/gnu/arm/4.9.3/bin/../lib/gcc/arm-none-eabi/4.9.3/../../../../arm-none-eabi/lib/armv7-m\libg_nano.a(lib_a-exit.o)
 .ARM.attributes
                0x00000606       0x2d c:/program files (x86)/cypress/psoc creator/4.0/psoc creator/import/gnu/arm/4.9.3/bin/../lib/gcc/arm-none-eabi/4.9.3/../../../../arm-none-eabi/lib/armv7-m\libg_nano.a(lib_a-impure.o)
 .ARM.attributes
                0x00000633       0x2d c:/program files (x86)/cypress/psoc creator/4.0/psoc creator/import/gnu/arm/4.9.3/bin/../lib/gcc/arm-none-eabi/4.9.3/../../../../arm-none-eabi/lib/armv7-m\libg_nano.a(lib_a-init.o)
 .ARM.attributes
                0x00000660       0x2d c:/program files (x86)/cypress/psoc creator/4.0/psoc creator/import/gnu/arm/4.9.3/bin/../lib/gcc/arm-none-eabi/4.9.3/../../../../arm-none-eabi/lib/armv7-m\libg_nano.a(lib_a-memcpy.o)
 .ARM.attributes
                0x0000068d       0x2d c:/program files (x86)/cypress/psoc creator/4.0/psoc creator/import/gnu/arm/4.9.3/bin/../lib/gcc/arm-none-eabi/4.9.3/../../../../arm-none-eabi/lib/armv7-m\libg_nano.a(lib_a-memset.o)
 .ARM.attributes
                0x000006ba       0x2d c:/program files (x86)/cypress/psoc creator/4.0/psoc creator/import/gnu/arm/4.9.3/bin/../lib/gcc/arm-none-eabi/4.9.3/armv7-m/crtend.o
 .ARM.attributes
                0x000006e7       0x1d c:/program files (x86)/cypress/psoc creator/4.0/psoc creator/import/gnu/arm/4.9.3/bin/../lib/gcc/arm-none-eabi/4.9.3/armv7-m/crtn.o

/DISCARD/
 *(.note.GNU-stack)
OUTPUT(.\ARM_GCC_493\Debug\ADC_SingleEndedMode02.elf elf32-littlearm)
